Archive member included to satisfy reference by file (symbol)

/usr/lib/gcc/arm-none-eabi/8.3.1/../../../arm-none-eabi/lib/thumb/v6-m/nofp/libstdc++.a(eh_personality.o)
                              CMakeFiles/i2c_mpu9250.dir/main.cpp.obj (__gxx_personality_v0)
/usr/lib/gcc/arm-none-eabi/8.3.1/../../../arm-none-eabi/lib/thumb/v6-m/nofp/libstdc++.a(eh_catch.o)
                              /usr/lib/gcc/arm-none-eabi/8.3.1/../../../arm-none-eabi/lib/thumb/v6-m/nofp/libstdc++.a(eh_personality.o) (__cxa_begin_catch)
/usr/lib/gcc/arm-none-eabi/8.3.1/../../../arm-none-eabi/lib/thumb/v6-m/nofp/libstdc++.a(eh_call.o)
                              /usr/lib/gcc/arm-none-eabi/8.3.1/../../../arm-none-eabi/lib/thumb/v6-m/nofp/libstdc++.a(eh_personality.o) (__cxa_call_terminate)
/usr/lib/gcc/arm-none-eabi/8.3.1/../../../arm-none-eabi/lib/thumb/v6-m/nofp/libstdc++.a(eh_arm.o)
                              CMakeFiles/i2c_mpu9250.dir/main.cpp.obj (__cxa_end_cleanup)
/usr/lib/gcc/arm-none-eabi/8.3.1/../../../arm-none-eabi/lib/thumb/v6-m/nofp/libstdc++.a(eh_alloc.o)
                              /usr/lib/gcc/arm-none-eabi/8.3.1/../../../arm-none-eabi/lib/thumb/v6-m/nofp/libstdc++.a(eh_call.o) (__cxa_allocate_exception)
/usr/lib/gcc/arm-none-eabi/8.3.1/../../../arm-none-eabi/lib/thumb/v6-m/nofp/libstdc++.a(eh_throw.o)
                              /usr/lib/gcc/arm-none-eabi/8.3.1/../../../arm-none-eabi/lib/thumb/v6-m/nofp/libstdc++.a(eh_call.o) (__cxa_throw)
/usr/lib/gcc/arm-none-eabi/8.3.1/../../../arm-none-eabi/lib/thumb/v6-m/nofp/libstdc++.a(eh_terminate.o)
                              /usr/lib/gcc/arm-none-eabi/8.3.1/../../../arm-none-eabi/lib/thumb/v6-m/nofp/libstdc++.a(eh_call.o) (__cxxabiv1::__terminate(void (*)()))
/usr/lib/gcc/arm-none-eabi/8.3.1/../../../arm-none-eabi/lib/thumb/v6-m/nofp/libstdc++.a(eh_term_handler.o)
                              /usr/lib/gcc/arm-none-eabi/8.3.1/../../../arm-none-eabi/lib/thumb/v6-m/nofp/libstdc++.a(eh_terminate.o) (__cxxabiv1::__terminate_handler)
/usr/lib/gcc/arm-none-eabi/8.3.1/../../../arm-none-eabi/lib/thumb/v6-m/nofp/libstdc++.a(eh_globals.o)
                              /usr/lib/gcc/arm-none-eabi/8.3.1/../../../arm-none-eabi/lib/thumb/v6-m/nofp/libstdc++.a(eh_catch.o) (__cxa_get_globals_fast)
/usr/lib/gcc/arm-none-eabi/8.3.1/../../../arm-none-eabi/lib/thumb/v6-m/nofp/libstdc++.a(eh_exception.o)
                              /usr/lib/gcc/arm-none-eabi/8.3.1/../../../arm-none-eabi/lib/thumb/v6-m/nofp/libstdc++.a(eh_call.o) (std::bad_exception::~bad_exception())
/usr/lib/gcc/arm-none-eabi/8.3.1/../../../arm-none-eabi/lib/thumb/v6-m/nofp/libstdc++.a(del_ops.o)
                              /usr/lib/gcc/arm-none-eabi/8.3.1/../../../arm-none-eabi/lib/thumb/v6-m/nofp/libstdc++.a(eh_exception.o) (operator delete(void*, unsigned int))
/usr/lib/gcc/arm-none-eabi/8.3.1/../../../arm-none-eabi/lib/thumb/v6-m/nofp/libstdc++.a(del_op.o)
                              /usr/lib/gcc/arm-none-eabi/8.3.1/../../../arm-none-eabi/lib/thumb/v6-m/nofp/libstdc++.a(del_ops.o) (operator delete(void*))
/usr/lib/gcc/arm-none-eabi/8.3.1/../../../arm-none-eabi/lib/thumb/v6-m/nofp/libstdc++.a(class_type_info.o)
                              /usr/lib/gcc/arm-none-eabi/8.3.1/../../../arm-none-eabi/lib/thumb/v6-m/nofp/libstdc++.a(eh_exception.o) (vtable for __cxxabiv1::__class_type_info)
/usr/lib/gcc/arm-none-eabi/8.3.1/../../../arm-none-eabi/lib/thumb/v6-m/nofp/libstdc++.a(tinfo.o)
                              /usr/lib/gcc/arm-none-eabi/8.3.1/../../../arm-none-eabi/lib/thumb/v6-m/nofp/libstdc++.a(class_type_info.o) (std::type_info::~type_info())
/usr/lib/gcc/arm-none-eabi/8.3.1/../../../arm-none-eabi/lib/thumb/v6-m/nofp/libstdc++.a(si_class_type_info.o)
                              /usr/lib/gcc/arm-none-eabi/8.3.1/../../../arm-none-eabi/lib/thumb/v6-m/nofp/libstdc++.a(eh_exception.o) (vtable for __cxxabiv1::__si_class_type_info)
/usr/lib/gcc/arm-none-eabi/8.3.1/../../../arm-none-eabi/lib/thumb/v6-m/nofp/libstdc++.a(pure.o)
                              /usr/lib/gcc/arm-none-eabi/8.3.1/../../../arm-none-eabi/lib/thumb/v6-m/nofp/libstdc++.a(eh_exception.o) (__cxa_pure_virtual)
/usr/lib/gcc/arm-none-eabi/8.3.1/../../../arm-none-eabi/lib/thumb/v6-m/nofp/libstdc++.a(eh_unex_handler.o)
                              /usr/lib/gcc/arm-none-eabi/8.3.1/../../../arm-none-eabi/lib/thumb/v6-m/nofp/libstdc++.a(eh_terminate.o) (__cxxabiv1::__unexpected_handler)
/usr/lib/gcc/arm-none-eabi/8.3.1/thumb/v6-m/nofp/libgcc.a(_dvmd_tls.o)
                              CMakeFiles/i2c_mpu9250.dir/home/aniket/pico/pico-sdk/src/rp2_common/pico_divider/divider.S.obj (__aeabi_idiv0)
/usr/lib/gcc/arm-none-eabi/8.3.1/thumb/v6-m/nofp/libgcc.a(unwind-arm.o)
                              /usr/lib/gcc/arm-none-eabi/8.3.1/../../../arm-none-eabi/lib/thumb/v6-m/nofp/libstdc++.a(eh_arm.o) (__aeabi_unwind_cpp_pr1)
/usr/lib/gcc/arm-none-eabi/8.3.1/thumb/v6-m/nofp/libgcc.a(libunwind.o)
[...]
Memory Configuration

Name             Origin             Length             Attributes
FLASH            0x0000000010000000 0x0000000000200000 xr
RAM              0x0000000020000000 0x0000000000040000 xrw
SCRATCH_X        0x0000000020040000 0x0000000000001000 xrw
SCRATCH_Y        0x0000000020041000 0x0000000000001000 xrw
*default*        0x0000000000000000 0xffffffffffffffff

Linker script and memory map

LOAD /usr/lib/gcc/arm-none-eabi/8.3.1/thumb/v6-m/nofp/crti.o
LOAD /usr/lib/gcc/arm-none-eabi/8.3.1/thumb/v6-m/nofp/crtbegin.o
LOAD /usr/lib/gcc/arm-none-eabi/8.3.1/../../../arm-none-eabi/lib/thumb/v6-m/nofp/crt0.o

.flash_begin    0x0000000010000000        0x0
                0x0000000010000000                __flash_binary_start = .

.boot2          0x0000000010000000      0x100
                0x0000000010000000                __boot2_start__ = .
 *(.boot2)
 .boot2         0x0000000010000000      0x100 /tmp/cc1hETob.o
                0x0000000010000100                __boot2_end__ = .
                0x0000000000000001                ASSERT (((__boot2_end__ - __boot2_start__) == 0x100), ERROR: Pico second stage bootloader must be 256 bytes in size)

.text           0x0000000010000100     0x64c0
                0x0000000010000100                __logical_binary_start = .
 *(.vectors)
 .vectors       0x0000000010000100       0xd4 CMakeFiles/i2c_mpu9250.dir/home/aniket/pico/pico-sdk/src/rp2_common/pico_standard_link/crt0.S.obj
                0x0000000010000100                __vectors
                0x0000000010000100                __VECTOR_TABLE
                0x00000000100001c0                isr_invalid
                0x00000000100001c0                __default_isrs_start
                0x00000000100001c2                isr_nmi
                0x00000000100001c4                isr_hardfault
                0x00000000100001c6                isr_svcall
                0x00000000100001c8                isr_pendsv
                0x00000000100001ca                isr_systick
                0x00000000100001cc                isr_irq30
                0x00000000100001cc                __unhandled_user_irq
                0x00000000100001cc                isr_irq13
                0x00000000100001cc                isr_irq27
                0x00000000100001cc                isr_irq31
                0x00000000100001cc                isr_irq5
                0x00000000100001cc                isr_irq11
                0x00000000100001cc                isr_irq23
                0x00000000100001cc                isr_irq18
                0x00000000100001cc                isr_irq28
                0x00000000100001cc                isr_irq19
                0x00000000100001cc                isr_irq0
                0x00000000100001cc                isr_irq6
                0x00000000100001cc                isr_irq22
                0x00000000100001cc                isr_irq17
                0x00000000100001cc                isr_irq14
                0x00000000100001cc                isr_irq2
                0x00000000100001cc                isr_irq10
                0x00000000100001cc                isr_irq8
                0x00000000100001cc                isr_irq24
                0x00000000100001cc                isr_irq1
                0x00000000100001cc                isr_irq7
                0x00000000100001cc                isr_irq21
                0x00000000100001cc                isr_irq20
                0x00000000100001cc                isr_irq15
                0x00000000100001cc                isr_irq25
                0x00000000100001cc                isr_irq4
                0x00000000100001cc                isr_irq16
                0x00000000100001cc                isr_irq29
                0x00000000100001cc                isr_irq26
                0x00000000100001cc                __default_isrs_end
                0x00000000100001cc                isr_irq3
                0x00000000100001cc                isr_irq12
                0x00000000100001cc                isr_irq9
                0x00000000100001d2                unhandled_user_irq_num_in_r0
 *(.binary_info_header)
 .binary_info_header
                0x00000000100001d4       0x14 CMakeFiles/i2c_mpu9250.dir/home/aniket/pico/pico-sdk/src/rp2_common/pico_standard_link/crt0.S.obj
                0x00000000100001e8                __binary_info_header_end = .
 *(.reset)
 .reset         0x00000000100001e8       0xa8 CMakeFiles/i2c_mpu9250.dir/home/aniket/pico/pico-sdk/src/rp2_common/pico_standard_link/crt0.S.obj
                0x00000000100001e8                _entry_point
                0x0000000010000266                __get_current_exception
 .reset         0x0000000010000290       0x30 CMakeFiles/i2c_mpu9250.dir/home/aniket/pico/pico-sdk/src/rp2_common/pico_standard_link/binary_info.c.obj
 *(.init)
 .init          0x00000000100002c0        0x4 /usr/lib/gcc/arm-none-eabi/8.3.1/thumb/v6-m/nofp/crti.o
                0x00000000100002c0                _init
 *(EXCLUDE_FILE(*libm.a: *libc.a:*lib_a-mem*.o *libgcc.a:) .text*)
 .text          0x00000000100002c4       0x98 /usr/lib/gcc/arm-none-eabi/8.3.1/thumb/v6-m/nofp/crtbegin.o
 .text._ZN7MPU925010MPU_configE24MPU9250_ACCEL_FULL_SCALE23MPU9250_GYRO_FULL_SCALE
                0x000000001000035c       0x42 CMakeFiles/i2c_mpu9250.dir/src/i2c_mpu9250.cpp.obj
                0x000000001000035c                MPU9250::MPU_config(MPU9250_ACCEL_FULL_SCALE, MPU9250_GYRO_FULL_SCALE)
 *fill*         0x000000001000039e        0x2 
 .text._ZN7MPU9250C2EP8i2c_instjj24MPU9250_ACCEL_FULL_SCALE23MPU9250_GYRO_FULL_SCALE
                0x00000000100003a0       0x74 CMakeFiles/i2c_mpu9250.dir/src/i2c_mpu9250.cpp.obj
                0x00000000100003a0                MPU9250::MPU9250(i2c_inst*, unsigned int, unsigned int, MPU9250_ACCEL_FULL_SCALE, MPU9250_GYRO_FULL_SCALE)
                0x00000000100003a0                MPU9250::MPU9250(i2c_inst*, unsigned int, unsigned int, MPU9250_ACCEL_FULL_SCALE, MPU9250_GYRO_FULL_SCALE)
 .text._ZN7MPU925012get_raw_dataEv
                0x0000000010000414       0x42 CMakeFiles/i2c_mpu9250.dir/src/i2c_mpu9250.cpp.obj
                0x0000000010000414                MPU9250::get_raw_data()
 .text._ZN7MPU925016get_accelerationE9accel_tag
                0x0000000010000456       0x5e CMakeFiles/i2c_mpu9250.dir/src/i2c_mpu9250.cpp.obj
                0x0000000010000456                MPU9250::get_acceleration(accel_tag)
 .text._ZN7MPU92508get_gyroE8gyro_tag
                0x00000000100004b4       0x6a CMakeFiles/i2c_mpu9250.dir/src/i2c_mpu9250.cpp.obj
                0x00000000100004b4                MPU9250::get_gyro(gyro_tag)
 *fill*         0x000000001000051e        0x2 
 .text.main     0x0000000010000520       0x74 CMakeFiles/i2c_mpu9250.dir/main.cpp.obj
                0x0000000010000520                main
 .text.gpio_set_function
                0x0000000010000594       0x30 CMakeFiles/i2c_mpu9250.dir/home/aniket/pico/pico-sdk/src/rp2_common/hardware_gpio/gpio.c.obj
                0x0000000010000594                gpio_set_function
 .text.gpio_set_pulls
                0x00000000100005c4       0x34 CMakeFiles/i2c_mpu9250.dir/home/aniket/pico/pico-sdk/src/rp2_common/hardware_gpio/gpio.c.obj
                0x00000000100005c4                gpio_set_pulls
 .text.hw_claim_lock
                0x00000000100005f8       0x18 CMakeFiles/i2c_mpu9250.dir/home/aniket/pico/pico-sdk/src/rp2_common/hardware_claim/claim.c.obj
                0x00000000100005f8                hw_claim_lock
 .text.hw_claim_unlock
                0x0000000010000610       0x14 CMakeFiles/i2c_mpu9250.dir/home/aniket/pico/pico-sdk/src/rp2_common/hardware_claim/claim.c.obj
                0x0000000010000610                hw_claim_unlock
 .text.hw_claim_or_assert
                0x0000000010000624       0x32 CMakeFiles/i2c_mpu9250.dir/home/aniket/pico/pico-sdk/src/rp2_common/hardware_claim/claim.c.obj
                0x0000000010000624                hw_claim_or_assert
 *fill*         0x0000000010000656        0x2 
 .text.running_on_fpga
                0x0000000010000658       0x14 CMakeFiles/i2c_mpu9250.dir/home/aniket/pico/pico-sdk/src/rp2_common/pico_platform/platform.c.obj
                0x0000000010000658                running_on_fpga
 .text.spin_locks_reset
                0x000000001000066c       0x20 CMakeFiles/i2c_mpu9250.dir/home/aniket/pico/pico-sdk/src/rp2_common/hardware_sync/sync.c.obj
                0x000000001000066c                spin_locks_reset
 .text.next_striped_spin_lock_num
                0x000000001000068c       0x1c CMakeFiles/i2c_mpu9250.dir/home/aniket/pico/pico-sdk/src/rp2_common/hardware_sync/sync.c.obj
                0x000000001000068c                next_striped_spin_lock_num
 .text.uart_set_baudrate
                0x00000000100006a8       0x5c CMakeFiles/i2c_mpu9250.dir/home/aniket/pico/pico-sdk/src/rp2_common/hardware_uart/uart.c.obj
                0x00000000100006a8                uart_set_baudrate
 .text.uart_set_translate_crlf
                0x0000000010000704       0x28 CMakeFiles/i2c_mpu9250.dir/home/aniket/pico/pico-sdk/src/rp2_common/hardware_uart/uart.c.obj
                0x0000000010000704                uart_set_translate_crlf
 .text.uart_init
                0x000000001000072c       0x80 CMakeFiles/i2c_mpu9250.dir/home/aniket/pico/pico-sdk/src/rp2_common/hardware_uart/uart.c.obj
                0x000000001000072c                uart_init
 .text.sleep_until_callback
                0x00000000100007ac       0x30 CMakeFiles/i2c_mpu9250.dir/home/aniket/pico/pico-sdk/src/common/pico_time/time.c.obj
 .text.alarm_pool_post_alloc_init
                0x00000000100007dc       0x40 CMakeFiles/i2c_mpu9250.dir/home/aniket/pico/pico-sdk/src/common/pico_time/time.c.obj
 .text.timer_pool_entry_comparator
                0x000000001000081c       0x7c CMakeFiles/i2c_mpu9250.dir/home/aniket/pico/pico-sdk/src/common/pico_time/time.c.obj
                0x000000001000081c                timer_pool_entry_comparator
 .text.ph_add_child_node
                0x0000000010000898       0xa4 CMakeFiles/i2c_mpu9250.dir/home/aniket/pico/pico-sdk/src/common/pico_time/time.c.obj
 .text.ph_merge_nodes
                0x000000001000093c       0x3e CMakeFiles/i2c_mpu9250.dir/home/aniket/pico/pico-sdk/src/common/pico_time/time.c.obj
 *fill*         0x000000001000097a        0x2 
 .text.add_alarm_under_lock
                0x000000001000097c      0x180 CMakeFiles/i2c_mpu9250.dir/home/aniket/pico/pico-sdk/src/common/pico_time/time.c.obj
 .text.alarm_pool_alarm_callback
                0x0000000010000afc      0x328 CMakeFiles/i2c_mpu9250.dir/home/aniket/pico/pico-sdk/src/common/pico_time/time.c.obj
 .text.alarm_pool_init_default
                0x0000000010000e24       0x38 CMakeFiles/i2c_mpu9250.dir/home/aniket/pico/pico-sdk/src/common/pico_time/time.c.obj
                0x0000000010000e24                alarm_pool_init_default
 .text.alarm_pool_get_default
                0x0000000010000e5c       0x2c CMakeFiles/i2c_mpu9250.dir/home/aniket/pico/pico-sdk/src/common/pico_time/time.c.obj
                0x0000000010000e5c                alarm_pool_get_default
 .text.alarm_pool_add_alarm_at
                0x0000000010000e88      0x154 CMakeFiles/i2c_mpu9250.dir/home/aniket/pico/pico-sdk/src/common/pico_time/time.c.obj
                0x0000000010000e88                alarm_pool_add_alarm_at
 .text.sleep_until
                0x0000000010000fdc       0xf8 CMakeFiles/i2c_mpu9250.dir/home/aniket/pico/pico-sdk/src/common/pico_time/time.c.obj
                0x0000000010000fdc                sleep_until
 .text.sleep_us
                0x00000000100010d4       0x54 CMakeFiles/i2c_mpu9250.dir/home/aniket/pico/pico-sdk/src/common/pico_time/time.c.obj
                0x00000000100010d4                sleep_us
 .text.sleep_ms
                0x0000000010001128       0x14 CMakeFiles/i2c_mpu9250.dir/home/aniket/pico/pico-sdk/src/common/pico_time/time.c.obj
                0x0000000010001128                sleep_ms
 .text.hardware_alarm_irq_handler
                0x000000001000113c       0x8c CMakeFiles/i2c_mpu9250.dir/home/aniket/pico/pico-sdk/src/rp2_common/hardware_timer/timer.c.obj
 .text.hardware_alarm_claim
                0x00000000100011c8       0x18 CMakeFiles/i2c_mpu9250.dir/home/aniket/pico/pico-sdk/src/rp2_common/hardware_timer/timer.c.obj
                0x00000000100011c8                hardware_alarm_claim
 .text.time_us_64
                0x00000000100011e0       0x18 CMakeFiles/i2c_mpu9250.dir/home/aniket/pico/pico-sdk/src/rp2_common/hardware_timer/timer.c.obj
                0x00000000100011e0                time_us_64
 .text.busy_wait_until
                0x00000000100011f8       0x24 CMakeFiles/i2c_mpu9250.dir/home/aniket/pico/pico-sdk/src/rp2_common/hardware_timer/timer.c.obj
                0x00000000100011f8                busy_wait_until
 .text.hardware_alarm_set_callback
                0x000000001000121c       0x90 CMakeFiles/i2c_mpu9250.dir/home/aniket/pico/pico-sdk/src/rp2_common/hardware_timer/timer.c.obj
                0x000000001000121c                hardware_alarm_set_callback
 .text.hardware_alarm_set_target
                0x00000000100012ac       0xe8 CMakeFiles/i2c_mpu9250.dir/home/aniket/pico/pico-sdk/src/rp2_common/hardware_timer/timer.c.obj
                0x00000000100012ac                hardware_alarm_set_target
 .text.hardware_alarm_cancel
                0x0000000010001394       0x40 CMakeFiles/i2c_mpu9250.dir/home/aniket/pico/pico-sdk/src/rp2_common/hardware_timer/timer.c.obj
                0x0000000010001394                hardware_alarm_cancel
 .text.lock_init
                0x00000000100013d4       0x10 CMakeFiles/i2c_mpu9250.dir/home/aniket/pico/pico-sdk/src/common/pico_sync/lock_core.c.obj
                0x00000000100013d4                lock_init
 .text.mutex_init_internal
                0x00000000100013e4       0x1e CMakeFiles/i2c_mpu9250.dir/home/aniket/pico/pico-sdk/src/common/pico_sync/mutex.c.obj
 .text.mutex_init
                0x0000000010001402        0xa CMakeFiles/i2c_mpu9250.dir/home/aniket/pico/pico-sdk/src/common/pico_sync/mutex.c.obj
                0x0000000010001402                mutex_init
 .text.recursive_mutex_init
                0x000000001000140c        0xa CMakeFiles/i2c_mpu9250.dir/home/aniket/pico/pico-sdk/src/common/pico_sync/mutex.c.obj
                0x000000001000140c                recursive_mutex_init
 *fill*         0x0000000010001416        0x2 
 .text.ph_add_child_node
                0x0000000010001418       0xa4 CMakeFiles/i2c_mpu9250.dir/home/aniket/pico/pico-sdk/src/common/pico_util/pheap.c.obj
 .text.ph_merge_nodes
                0x00000000100014bc       0x3e CMakeFiles/i2c_mpu9250.dir/home/aniket/pico/pico-sdk/src/common/pico_util/pheap.c.obj
 *fill*         0x00000000100014fa        0x2 
 .text.ph_clear
                0x00000000100014fc       0x70 CMakeFiles/i2c_mpu9250.dir/home/aniket/pico/pico-sdk/src/common/pico_util/pheap.c.obj
                0x00000000100014fc                ph_clear
 .text.ph_post_alloc_init
                0x000000001000156c        0xe CMakeFiles/i2c_mpu9250.dir/home/aniket/pico/pico-sdk/src/common/pico_util/pheap.c.obj
                0x000000001000156c                ph_post_alloc_init
 *fill*         0x000000001000157a        0x2 
 .text.ph_merge_two_pass
                0x000000001000157c       0xac CMakeFiles/i2c_mpu9250.dir/home/aniket/pico/pico-sdk/src/common/pico_util/pheap.c.obj
                0x000000001000157c                ph_merge_two_pass
 .text.ph_remove_any_head
                0x0000000010001628      0x108 CMakeFiles/i2c_mpu9250.dir/home/aniket/pico/pico-sdk/src/common/pico_util/pheap.c.obj
 .text.ph_remove_head
                0x0000000010001730       0x14 CMakeFiles/i2c_mpu9250.dir/home/aniket/pico/pico-sdk/src/common/pico_util/pheap.c.obj
                0x0000000010001730                ph_remove_head
 .text.ph_remove_and_free_node
                0x0000000010001744       0xf8 CMakeFiles/i2c_mpu9250.dir/home/aniket/pico/pico-sdk/src/common/pico_util/pheap.c.obj
                0x0000000010001744                ph_remove_and_free_node
 .text.runtime_init
                0x000000001000183c       0xd8 CMakeFiles/i2c_mpu9250.dir/home/aniket/pico/pico-sdk/src/rp2_common/pico_runtime/runtime.c.obj
                0x000000001000183c                runtime_init
 .text._exit    0x0000000010001914        0x4 CMakeFiles/i2c_mpu9250.dir/home/aniket/pico/pico-sdk/src/rp2_common/pico_runtime/runtime.c.obj
                0x0000000010001914                _exit
 .text._sbrk    0x0000000010001918       0x38 CMakeFiles/i2c_mpu9250.dir/home/aniket/pico/pico-sdk/src/rp2_common/pico_runtime/runtime.c.obj
                0x0000000010001918                _sbrk
 .text.exit     0x0000000010001950        0x6 CMakeFiles/i2c_mpu9250.dir/home/aniket/pico/pico-sdk/src/rp2_common/pico_runtime/runtime.c.obj
                0x0000000010001950                exit
 *fill*         0x0000000010001956        0x2 
 .text.__assert_func
                0x0000000010001958       0x3c CMakeFiles/i2c_mpu9250.dir/home/aniket/pico/pico-sdk/src/rp2_common/pico_runtime/runtime.c.obj
                0x0000000010001958                __assert_func
 .text.panic    0x0000000010001994       0x30 CMakeFiles/i2c_mpu9250.dir/home/aniket/pico/pico-sdk/src/rp2_common/pico_runtime/runtime.c.obj
                0x0000000010001994                panic
 .text.clock_configure
                0x00000000100019c4       0xfc CMakeFiles/i2c_mpu9250.dir/home/aniket/pico/pico-sdk/src/rp2_common/hardware_clocks/clocks.c.obj
                0x00000000100019c4                clock_configure
 .text.clocks_init
                0x0000000010001ac0      0x100 CMakeFiles/i2c_mpu9250.dir/home/aniket/pico/pico-sdk/src/rp2_common/hardware_clocks/clocks.c.obj
                0x0000000010001ac0                clocks_init
 .text.clock_get_hz
                0x0000000010001bc0        0xc CMakeFiles/i2c_mpu9250.dir/home/aniket/pico/pico-sdk/src/rp2_common/hardware_clocks/clocks.c.obj
                0x0000000010001bc0                clock_get_hz
 .text.set_raw_irq_handler_and_unlock
                0x0000000010001bcc       0x28 CMakeFiles/i2c_mpu9250.dir/home/aniket/pico/pico-sdk/src/rp2_common/hardware_irq/irq.c.obj
 .text.make_branch
                0x0000000010001bf4       0x34 CMakeFiles/i2c_mpu9250.dir/home/aniket/pico/pico-sdk/src/rp2_common/hardware_irq/irq.c.obj
 .text.insert_branch_and_link
                0x0000000010001c28       0x40 CMakeFiles/i2c_mpu9250.dir/home/aniket/pico/pico-sdk/src/rp2_common/hardware_irq/irq.c.obj
 .text.irq_is_enabled
                0x0000000010001c68       0x18 CMakeFiles/i2c_mpu9250.dir/home/aniket/pico/pico-sdk/src/rp2_common/hardware_irq/irq.c.obj
                0x0000000010001c68                irq_is_enabled
 .text.irq_set_mask_enabled
                0x0000000010001c80       0x20 CMakeFiles/i2c_mpu9250.dir/home/aniket/pico/pico-sdk/src/rp2_common/hardware_irq/irq.c.obj
                0x0000000010001c80                irq_set_mask_enabled
 .text.irq_set_enabled
                0x0000000010001ca0        0xe CMakeFiles/i2c_mpu9250.dir/home/aniket/pico/pico-sdk/src/rp2_common/hardware_irq/irq.c.obj
                0x0000000010001ca0                irq_set_enabled
 *fill*         0x0000000010001cae        0x2 
 .text.irq_get_vtable_handler
                0x0000000010001cb0       0x10 CMakeFiles/i2c_mpu9250.dir/home/aniket/pico/pico-sdk/src/rp2_common/hardware_irq/irq.c.obj
                0x0000000010001cb0                irq_get_vtable_handler
 .text.irq_set_exclusive_handler
                0x0000000010001cc0       0x54 CMakeFiles/i2c_mpu9250.dir/home/aniket/pico/pico-sdk/src/rp2_common/hardware_irq/irq.c.obj
                0x0000000010001cc0                irq_set_exclusive_handler
 .text.irq_remove_handler
                0x0000000010001d14      0x1a8 CMakeFiles/i2c_mpu9250.dir/home/aniket/pico/pico-sdk/src/rp2_common/hardware_irq/irq.c.obj
                0x0000000010001d14                irq_remove_handler
 .text.irq_set_priority
                0x0000000010001ebc       0x28 CMakeFiles/i2c_mpu9250.dir/home/aniket/pico/pico-sdk/src/rp2_common/hardware_irq/irq.c.obj
                0x0000000010001ebc                irq_set_priority
 .text.irq_add_tail_to_free_list
                0x0000000010001ee4       0xf0 CMakeFiles/i2c_mpu9250.dir/home/aniket/pico/pico-sdk/src/rp2_common/hardware_irq/irq.c.obj
                0x0000000010001ee4                irq_add_tail_to_free_list
 .text.irq_init_priorities
                0x0000000010001fd4       0x16 CMakeFiles/i2c_mpu9250.dir/home/aniket/pico/pico-sdk/src/rp2_common/hardware_irq/irq.c.obj
                0x0000000010001fd4                irq_init_priorities
 *fill*         0x0000000010001fea        0x2 
 .text.pll_init
                0x0000000010001fec      0x114 CMakeFiles/i2c_mpu9250.dir/home/aniket/pico/pico-sdk/src/rp2_common/hardware_pll/pll.c.obj
                0x0000000010001fec                pll_init
 .text.watchdog_start_tick
                0x0000000010002100       0x10 CMakeFiles/i2c_mpu9250.dir/home/aniket/pico/pico-sdk/src/rp2_common/hardware_watchdog/watchdog.c.obj
                0x0000000010002100                watchdog_start_tick
 .text.xosc_init
                0x0000000010002110       0x28 CMakeFiles/i2c_mpu9250.dir/home/aniket/pico/pico-sdk/src/rp2_common/hardware_xosc/xosc.c.obj
                0x0000000010002110                xosc_init
 .text._out_null
                0x0000000010002138        0x2 CMakeFiles/i2c_mpu9250.dir/home/aniket/pico/pico-sdk/src/rp2_common/pico_printf/printf.c.obj
 .text._out_fct
                0x000000001000213a        0xe CMakeFiles/i2c_mpu9250.dir/home/aniket/pico/pico-sdk/src/rp2_common/pico_printf/printf.c.obj
 .text._atoi    0x0000000010002148       0x28 CMakeFiles/i2c_mpu9250.dir/home/aniket/pico/pico-sdk/src/rp2_common/pico_printf/printf.c.obj
 .text._out_rev
                0x0000000010002170       0x8c CMakeFiles/i2c_mpu9250.dir/home/aniket/pico/pico-sdk/src/rp2_common/pico_printf/printf.c.obj
 .text._ntoa_format
                0x00000000100021fc      0x10c CMakeFiles/i2c_mpu9250.dir/home/aniket/pico/pico-sdk/src/rp2_common/pico_printf/printf.c.obj
 .text._ntoa_long
                0x0000000010002308       0xb0 CMakeFiles/i2c_mpu9250.dir/home/aniket/pico/pico-sdk/src/rp2_common/pico_printf/printf.c.obj
 .text._ntoa_long_long
                0x00000000100023b8       0xe6 CMakeFiles/i2c_mpu9250.dir/home/aniket/pico/pico-sdk/src/rp2_common/pico_printf/printf.c.obj
 *fill*         0x000000001000249e        0x2 
 .text._etoa    0x00000000100024a0      0x408 CMakeFiles/i2c_mpu9250.dir/home/aniket/pico/pico-sdk/src/rp2_common/pico_printf/printf.c.obj
 .text._ftoa    0x00000000100028a8      0x344 CMakeFiles/i2c_mpu9250.dir/home/aniket/pico/pico-sdk/src/rp2_common/pico_printf/printf.c.obj
 .text._vsnprintf
                0x0000000010002bec      0x61c CMakeFiles/i2c_mpu9250.dir/home/aniket/pico/pico-sdk/src/rp2_common/pico_printf/printf.c.obj
 .text.vfctprintf
                0x0000000010003208       0x20 CMakeFiles/i2c_mpu9250.dir/home/aniket/pico/pico-sdk/src/rp2_common/pico_printf/printf.c.obj
                0x0000000010003208                vfctprintf
 .text          0x0000000010003228       0x10 CMakeFiles/i2c_mpu9250.dir/home/aniket/pico/pico-sdk/src/rp2_common/pico_bit_ops/bit_ops_aeabi.S.obj
 .text.rom_func_lookup
                0x0000000010003238       0x10 CMakeFiles/i2c_mpu9250.dir/home/aniket/pico/pico-sdk/src/rp2_common/pico_bootrom/bootrom.c.obj
                0x0000000010003238                rom_func_lookup
 .text.rom_data_lookup
                0x0000000010003248       0x10 CMakeFiles/i2c_mpu9250.dir/home/aniket/pico/pico-sdk/src/rp2_common/pico_bootrom/bootrom.c.obj
                0x0000000010003248                rom_data_lookup
 .text.rom_funcs_lookup
                0x0000000010003258       0x36 CMakeFiles/i2c_mpu9250.dir/home/aniket/pico/pico-sdk/src/rp2_common/pico_bootrom/bootrom.c.obj
                0x0000000010003258                rom_funcs_lookup
 *fill*         0x000000001000328e        0x2 
 .text.__wrap___aeabi_idiv
                0x0000000010003290       0x50 CMakeFiles/i2c_mpu9250.dir/home/aniket/pico/pico-sdk/src/rp2_common/pico_divider/divider.S.obj
                0x0000000010003290                __wrap___aeabi_idivmod
                0x0000000010003290                divmod_s32s32
                0x0000000010003290                div_s32s32
                0x0000000010003290                __wrap___aeabi_idiv
                0x0000000010003298                divmod_s32s32_unsafe
                0x00000000100032c4                divmod_s32s32_savestate
 .text.__wrap___aeabi_uidiv
                0x00000000100032e0       0x4c CMakeFiles/i2c_mpu9250.dir/home/aniket/pico/pico-sdk/src/rp2_common/pico_divider/divider.S.obj
                0x00000000100032e0                __wrap___aeabi_uidiv
                0x00000000100032e0                __wrap___aeabi_uidivmod
                0x00000000100032e0                div_u32u32
                0x00000000100032e0                divmod_u32u32
                0x00000000100032e8                divmod_u32u32_unsafe
                0x0000000010003310                divmod_u32u32_savestate
 .text.__wrap___aeabi_ldiv
                0x000000001000332c      0x430 CMakeFiles/i2c_mpu9250.dir/home/aniket/pico/pico-sdk/src/rp2_common/pico_divider/divider.S.obj
                0x000000001000332c                div_s64s64
                0x000000001000332c                divmod_s64s64
                0x000000001000332c                __wrap___aeabi_ldivmod
                0x0000000010003364                div_u64u64
                0x0000000010003364                divmod_u64u64
                0x0000000010003364                __wrap___aeabi_uldivmod
                0x0000000010003374                divmod_u64u64_savestate
                0x000000001000339c                divmod_s64s64_unsafe
                0x0000000010003424                divmod_u64u64_unsafe
 .text.__wrap___aeabi_darithmetic
                0x000000001000375c       0x80 CMakeFiles/i2c_mpu9250.dir/home/aniket/pico/pico-sdk/src/rp2_common/pico_double/double_aeabi.S.obj
                0x000000001000375c                __wrap___aeabi_drsub
                0x0000000010003762                __wrap___aeabi_dsub
                0x0000000010003774                __wrap___aeabi_dadd
                0x0000000010003786                __wrap___aeabi_ddiv
                0x00000000100037c2                __wrap___aeabi_dmul
 .text.__wrap___aeabi_cdcmple
                0x00000000100037dc       0x6c CMakeFiles/i2c_mpu9250.dir/home/aniket/pico/pico-sdk/src/rp2_common/pico_double/double_aeabi.S.obj
                0x00000000100037dc                __wrap___aeabi_cdrcmple
                0x00000000100037ec                __wrap___aeabi_cdcmple
                0x00000000100037ec                __wrap___aeabi_cdcmpeq
 .text.__wrap___aeabi_dcmplt
                0x0000000010003848        0xc CMakeFiles/i2c_mpu9250.dir/home/aniket/pico/pico-sdk/src/rp2_common/pico_double/double_aeabi.S.obj
                0x0000000010003848                __wrap___aeabi_dcmplt
 .text.__wrap___aeabi_dcmple
                0x0000000010003854       0x10 CMakeFiles/i2c_mpu9250.dir/home/aniket/pico/pico-sdk/src/rp2_common/pico_double/double_aeabi.S.obj
                0x0000000010003854                __wrap___aeabi_dcmple
 .text.__wrap___aeabi_dcmpge
                0x0000000010003864       0x10 CMakeFiles/i2c_mpu9250.dir/home/aniket/pico/pico-sdk/src/rp2_common/pico_double/double_aeabi.S.obj
                0x0000000010003864                __wrap___aeabi_dcmpge
 .text.__wrap___aeabi_dcmpgt
                0x0000000010003874        0xa CMakeFiles/i2c_mpu9250.dir/home/aniket/pico/pico-sdk/src/rp2_common/pico_double/double_aeabi.S.obj
                0x0000000010003874                __wrap___aeabi_dcmpgt
 .text.__wrap___aeabi_dcmpun
                0x000000001000387e       0x1c CMakeFiles/i2c_mpu9250.dir/home/aniket/pico/pico-sdk/src/rp2_common/pico_double/double_aeabi.S.obj
                0x000000001000387e                __wrap___aeabi_dcmpun
 *fill*         0x000000001000389a        0x2 
 .text.__wrap___aeabi_i2d
                0x000000001000389c       0x38 CMakeFiles/i2c_mpu9250.dir/home/aniket/pico/pico-sdk/src/rp2_common/pico_double/double_aeabi.S.obj
                0x000000001000389c                __wrap___aeabi_ui2d
                0x00000000100038a4                __wrap___aeabi_i2d
 .text.__wrap___aeabi_d2iz
                0x00000000100038d4       0x48 CMakeFiles/i2c_mpu9250.dir/home/aniket/pico/pico-sdk/src/rp2_common/pico_double/double_aeabi.S.obj
                0x00000000100038d4                __wrap___aeabi_d2iz
                0x00000000100038d4                double2int_z
 .text.__wrap___aeabi_d2uiz
                0x000000001000391c       0x18 CMakeFiles/i2c_mpu9250.dir/home/aniket/pico/pico-sdk/src/rp2_common/pico_double/double_aeabi.S.obj
                0x000000001000391c                double2uint
                0x000000001000391c                __wrap___aeabi_d2uiz
 .text.__aeabi_double_init
                0x0000000010003934       0xb4 CMakeFiles/i2c_mpu9250.dir/home/aniket/pico/pico-sdk/src/rp2_common/pico_double/double_init_rom.c.obj
                0x0000000010003934                __aeabi_double_init
 .text.double_table_shim_on_use_helper
                0x00000000100039e8       0x34 CMakeFiles/i2c_mpu9250.dir/home/aniket/pico/pico-sdk/src/rp2_common/pico_double/double_v1_rom_shim.S.obj
                0x00000000100039e8                double_table_shim_on_use_helper
 .text.__wrap___aeabi_dsub
                0x0000000010003a1c       0x10 CMakeFiles/i2c_mpu9250.dir/home/aniket/pico/pico-sdk/src/rp2_common/pico_double/double_v1_rom_shim.S.obj
                0x0000000010003a1c                drsub_shim
                0x0000000010003a22                dsub_shim
 .text.dadd_shim
                0x0000000010003a2c      0x15c CMakeFiles/i2c_mpu9250.dir/home/aniket/pico/pico-sdk/src/rp2_common/pico_double/double_v1_rom_shim.S.obj
                0x0000000010003a2c                dadd_shim
 .text.dmul_shim
                0x0000000010003b88      0x15c CMakeFiles/i2c_mpu9250.dir/home/aniket/pico/pico-sdk/src/rp2_common/pico_double/double_v1_rom_shim.S.obj
                0x0000000010003b88                dmul_shim
 .text.ddiv_shim
                0x0000000010003ce4      0x1b0 CMakeFiles/i2c_mpu9250.dir/home/aniket/pico/pico-sdk/src/rp2_common/pico_double/double_v1_rom_shim.S.obj
                0x0000000010003ce4                ddiv_shim
 .text.dcordic_rot_step
                0x0000000010003e94       0x7c CMakeFiles/i2c_mpu9250.dir/home/aniket/pico/pico-sdk/src/rp2_common/pico_double/double_v1_rom_shim.S.obj
                0x0000000010003e94                dcordic_rot_step
 .text.double2uint_shim
                0x0000000010003f10        0xe CMakeFiles/i2c_mpu9250.dir/home/aniket/pico/pico-sdk/src/rp2_common/pico_double/double_v1_rom_shim.S.obj
                0x0000000010003f10                double2uint_shim
                0x0000000010003f12                double2ufix_shim
 *fill*         0x0000000010003f1e        0x2 
 .text.double2uint64_shim
                0x0000000010003f20       0x6c CMakeFiles/i2c_mpu9250.dir/home/aniket/pico/pico-sdk/src/rp2_common/pico_double/double_v1_rom_shim.S.obj
                0x0000000010003f20                double2uint64_shim
                0x0000000010003f22                double2ufix64_shim
                0x0000000010003f3c                d2fix_a
 .text.dunpacks
                0x0000000010003f8c       0x3c CMakeFiles/i2c_mpu9250.dir/home/aniket/pico/pico-sdk/src/rp2_common/pico_double/double_v1_rom_shim.S.obj
                0x0000000010003f8c                dunpacks
 .text.__aeabi_lmul
                0x0000000010003fc8       0x32 CMakeFiles/i2c_mpu9250.dir/home/aniket/pico/pico-sdk/src/rp2_common/pico_int64_ops/pico_int64_ops_aeabi.S.obj
                0x0000000010003fc8                __wrap___aeabi_lmul
 *fill*         0x0000000010003ffa        0x2 
 .text.__wrap___aeabi_i2f
                0x0000000010003ffc       0x44 CMakeFiles/i2c_mpu9250.dir/home/aniket/pico/pico-sdk/src/rp2_common/pico_float/float_aeabi.S.obj
                0x0000000010003ffc                __wrap___aeabi_i2f
 .text.__wrap___aeabi_f2d
                0x0000000010004040       0x14 CMakeFiles/i2c_mpu9250.dir/home/aniket/pico/pico-sdk/src/rp2_common/pico_float/float_aeabi.S.obj
                0x0000000010004040                __wrap___aeabi_f2d
 .text.__aeabi_float_init
                0x0000000010004054       0xfc CMakeFiles/i2c_mpu9250.dir/home/aniket/pico/pico-sdk/src/rp2_common/pico_float/float_init_rom.c.obj
                0x0000000010004054                __aeabi_float_init
 .text.float_table_shim_on_use_helper
                0x0000000010004150       0x34 CMakeFiles/i2c_mpu9250.dir/home/aniket/pico/pico-sdk/src/rp2_common/pico_float/float_v1_rom_shim.S.obj
                0x0000000010004150                float_table_shim_on_use_helper
 .text.float2double_shim
                0x0000000010004184       0x30 CMakeFiles/i2c_mpu9250.dir/home/aniket/pico/pico-sdk/src/rp2_common/pico_float/float_v1_rom_shim.S.obj
                0x0000000010004184                float2double_shim
 .text.__wrap_malloc
                0x00000000100041b4       0x24 CMakeFiles/i2c_mpu9250.dir/home/aniket/pico/pico-sdk/src/rp2_common/pico_malloc/pico_malloc.c.obj
                0x00000000100041b4                __wrap_malloc
 .text.__wrap_free
                0x00000000100041d8        0x8 CMakeFiles/i2c_mpu9250.dir/home/aniket/pico/pico-sdk/src/rp2_common/pico_malloc/pico_malloc.c.obj
                0x00000000100041d8                __wrap_free
 .text          0x00000000100041e0       0x10 CMakeFiles/i2c_mpu9250.dir/home/aniket/pico/pico-sdk/src/rp2_common/pico_mem_ops/mem_ops_aeabi.S.obj
                0x00000000100041e0                __aeabi_mem_init
 .text.memset   0x00000000100041f0        0xc CMakeFiles/i2c_mpu9250.dir/home/aniket/pico/pico-sdk/src/rp2_common/pico_mem_ops/mem_ops_aeabi.S.obj
                0x00000000100041f0                __wrap_memset
 .text.memcpy   0x00000000100041fc        0xc CMakeFiles/i2c_mpu9250.dir/home/aniket/pico/pico-sdk/src/rp2_common/pico_mem_ops/mem_ops_aeabi.S.obj
                0x00000000100041fc                __wrap___aeabi_memcpy
                0x00000000100041fc                __wrap_memcpy
 .text.stdio_out_chars_crlf
                0x0000000010004208       0x80 CMakeFiles/i2c_mpu9250.dir/home/aniket/pico/pico-sdk/src/rp2_common/pico_stdio/stdio.c.obj
 .text.stdio_stack_buffer_flush
                0x0000000010004288       0x44 CMakeFiles/i2c_mpu9250.dir/home/aniket/pico/pico-sdk/src/rp2_common/pico_stdio/stdio.c.obj
 .text.stdio_buffered_printer
                0x00000000100042cc       0x20 CMakeFiles/i2c_mpu9250.dir/home/aniket/pico/pico-sdk/src/rp2_common/pico_stdio/stdio.c.obj
 .text.stdout_serialize_begin
                0x00000000100042ec       0x30 CMakeFiles/i2c_mpu9250.dir/home/aniket/pico/pico-sdk/src/rp2_common/pico_stdio/stdio.c.obj
                0x00000000100042ec                stdout_serialize_begin
 .text.stdout_serialize_end
                0x000000001000431c       0x10 CMakeFiles/i2c_mpu9250.dir/home/aniket/pico/pico-sdk/src/rp2_common/pico_stdio/stdio.c.obj
                0x000000001000431c                stdout_serialize_end
 .text.stdio_put_string
                0x000000001000432c       0x78 CMakeFiles/i2c_mpu9250.dir/home/aniket/pico/pico-sdk/src/rp2_common/pico_stdio/stdio.c.obj
 .text.stdio_set_driver_enabled
                0x00000000100043a4       0x38 CMakeFiles/i2c_mpu9250.dir/home/aniket/pico/pico-sdk/src/rp2_common/pico_stdio/stdio.c.obj
                0x00000000100043a4                stdio_set_driver_enabled
 .text.stdio_flush
                0x00000000100043dc       0x20 CMakeFiles/i2c_mpu9250.dir/home/aniket/pico/pico-sdk/src/rp2_common/pico_stdio/stdio.c.obj
                0x00000000100043dc                stdio_flush
 .text.__wrap_puts
                0x00000000100043fc       0x1c CMakeFiles/i2c_mpu9250.dir/home/aniket/pico/pico-sdk/src/rp2_common/pico_stdio/stdio.c.obj
                0x00000000100043fc                __wrap_puts
 .text.__wrap_vprintf
                0x0000000010004418       0x44 CMakeFiles/i2c_mpu9250.dir/home/aniket/pico/pico-sdk/src/rp2_common/pico_stdio/stdio.c.obj
                0x0000000010004418                __wrap_vprintf
 .text.__wrap_printf
                0x000000001000445c       0x18 CMakeFiles/i2c_mpu9250.dir/home/aniket/pico/pico-sdk/src/rp2_common/pico_stdio/stdio.c.obj
                0x000000001000445c                __wrap_printf
 .text.stdio_init_all
                0x0000000010004474        0x8 CMakeFiles/i2c_mpu9250.dir/home/aniket/pico/pico-sdk/src/rp2_common/pico_stdio/stdio.c.obj
                0x0000000010004474                stdio_init_all
 .text.stdio_uart_out_chars
                0x000000001000447c       0x74 CMakeFiles/i2c_mpu9250.dir/home/aniket/pico/pico-sdk/src/rp2_common/pico_stdio_uart/stdio_uart.c.obj
 .text.stdio_uart_in_chars
                0x00000000100044f0       0x54 CMakeFiles/i2c_mpu9250.dir/home/aniket/pico/pico-sdk/src/rp2_common/pico_stdio_uart/stdio_uart.c.obj
                0x00000000100044f0                stdio_uart_in_chars
 .text.stdio_uart_init_full
                0x0000000010004544       0x3c CMakeFiles/i2c_mpu9250.dir/home/aniket/pico/pico-sdk/src/rp2_common/pico_stdio_uart/stdio_uart.c.obj
                0x0000000010004544                stdio_uart_init_full
 .text.stdio_uart_init
                0x0000000010004580       0x28 CMakeFiles/i2c_mpu9250.dir/home/aniket/pico/pico-sdk/src/rp2_common/pico_stdio_uart/stdio_uart.c.obj
                0x0000000010004580                stdio_uart_init
 .text.i2c_write_blocking_internal
                0x00000000100045a8      0x12c CMakeFiles/i2c_mpu9250.dir/home/aniket/pico/pico-sdk/src/rp2_common/hardware_i2c/i2c.c.obj
 .text.i2c_read_blocking_internal
                0x00000000100046d4       0xd4 CMakeFiles/i2c_mpu9250.dir/home/aniket/pico/pico-sdk/src/rp2_common/hardware_i2c/i2c.c.obj
 .text.i2c_deinit
                0x00000000100047a8       0x1c CMakeFiles/i2c_mpu9250.dir/home/aniket/pico/pico-sdk/src/rp2_common/hardware_i2c/i2c.c.obj
                0x00000000100047a8                i2c_deinit
 .text.i2c_set_baudrate
                0x00000000100047c4       0xec CMakeFiles/i2c_mpu9250.dir/home/aniket/pico/pico-sdk/src/rp2_common/hardware_i2c/i2c.c.obj
                0x00000000100047c4                i2c_set_baudrate
 .text.i2c_init
                0x00000000100048b0       0x58 CMakeFiles/i2c_mpu9250.dir/home/aniket/pico/pico-sdk/src/rp2_common/hardware_i2c/i2c.c.obj
                0x00000000100048b0                i2c_init
 .text.i2c_write_blocking
                0x0000000010004908       0x18 CMakeFiles/i2c_mpu9250.dir/home/aniket/pico/pico-sdk/src/rp2_common/hardware_i2c/i2c.c.obj
                0x0000000010004908                i2c_write_blocking
 .text.i2c_read_blocking
                0x0000000010004920       0x18 CMakeFiles/i2c_mpu9250.dir/home/aniket/pico/pico-sdk/src/rp2_common/hardware_i2c/i2c.c.obj
                0x0000000010004920                i2c_read_blocking
 .text._ZL28read_encoded_value_with_basehjPKhPj
                0x0000000010004938      0x10c /usr/lib/gcc/arm-none-eabi/8.3.1/../../../arm-none-eabi/lib/thumb/v6-m/nofp/libstdc++.a(eh_personality.o)
 .text._ZL21base_of_encoded_valuehP15_Unwind_Context
                0x0000000010004a44       0x48 /usr/lib/gcc/arm-none-eabi/8.3.1/../../../arm-none-eabi/lib/thumb/v6-m/nofp/libstdc++.a(eh_personality.o)
 .text._ZL17parse_lsda_headerP15_Unwind_ContextPKhP16lsda_header_info
                0x0000000010004a8c       0x9c /usr/lib/gcc/arm-none-eabi/8.3.1/../../../arm-none-eabi/lib/thumb/v6-m/nofp/libstdc++.a(eh_personality.o)
 .text.__gxx_personality_v0
                0x0000000010004b28      0x4a4 /usr/lib/gcc/arm-none-eabi/8.3.1/../../../arm-none-eabi/lib/thumb/v6-m/nofp/libstdc++.a(eh_personality.o)
                0x0000000010004b28                __gxx_personality_v0
 .text.__cxa_begin_catch
                0x0000000010004fcc       0x74 /usr/lib/gcc/arm-none-eabi/8.3.1/../../../arm-none-eabi/lib/thumb/v6-m/nofp/libstdc++.a(eh_catch.o)
                0x0000000010004fcc                __cxa_begin_catch
 .text.__cxa_end_catch
                0x0000000010005040       0x8c /usr/lib/gcc/arm-none-eabi/8.3.1/../../../arm-none-eabi/lib/thumb/v6-m/nofp/libstdc++.a(eh_catch.o)
                0x0000000010005040                __cxa_end_catch
 .text._ZN10__cxxabiv1L24__is_gxx_exception_classEPc
                0x00000000100050cc       0x3c /usr/lib/gcc/arm-none-eabi/8.3.1/../../../arm-none-eabi/lib/thumb/v6-m/nofp/libstdc++.a(eh_call.o)
 .text.__cxa_call_terminate
                0x0000000010005108       0x20 /usr/lib/gcc/arm-none-eabi/8.3.1/../../../arm-none-eabi/lib/thumb/v6-m/nofp/libstdc++.a(eh_call.o)
                0x0000000010005108                __cxa_call_terminate
 .text.unlikely.__cxa_call_unexpected
                0x0000000010005128      0x100 /usr/lib/gcc/arm-none-eabi/8.3.1/../../../arm-none-eabi/lib/thumb/v6-m/nofp/libstdc++.a(eh_call.o)
                0x0000000010005128                __cxa_call_unexpected
 .text.__cxa_end_cleanup
                0x0000000010005228        0xc /usr/lib/gcc/arm-none-eabi/8.3.1/../../../arm-none-eabi/lib/thumb/v6-m/nofp/libstdc++.a(eh_arm.o)
                0x0000000010005228                __cxa_end_cleanup
 .text.__cxa_type_match
                0x0000000010005234       0xd0 /usr/lib/gcc/arm-none-eabi/8.3.1/../../../arm-none-eabi/lib/thumb/v6-m/nofp/libstdc++.a(eh_arm.o)
                0x0000000010005234                __cxa_type_match
 .text.__cxa_begin_cleanup
                0x0000000010005304       0x60 /usr/lib/gcc/arm-none-eabi/8.3.1/../../../arm-none-eabi/lib/thumb/v6-m/nofp/libstdc++.a(eh_arm.o)
                0x0000000010005304                __cxa_begin_cleanup
 .text.__gnu_end_cleanup
                0x0000000010005364       0x70 /usr/lib/gcc/arm-none-eabi/8.3.1/../../../arm-none-eabi/lib/thumb/v6-m/nofp/libstdc++.a(eh_arm.o)
                0x0000000010005364                __gnu_end_cleanup
 .text._ZN12_GLOBAL__N_14pool4freeEPv.constprop.4
                0x00000000100053d4       0x84 /usr/lib/gcc/arm-none-eabi/8.3.1/../../../arm-none-eabi/lib/thumb/v6-m/nofp/libstdc++.a(eh_alloc.o)
 .text._ZN12_GLOBAL__N_14pool8allocateEj.constprop.5
                0x0000000010005458       0x64 /usr/lib/gcc/arm-none-eabi/8.3.1/../../../arm-none-eabi/lib/thumb/v6-m/nofp/libstdc++.a(eh_alloc.o)
 .text.__cxa_allocate_exception
                0x00000000100054bc       0x2c /usr/lib/gcc/arm-none-eabi/8.3.1/../../../arm-none-eabi/lib/thumb/v6-m/nofp/libstdc++.a(eh_alloc.o)
                0x00000000100054bc                __cxa_allocate_exception
 .text.__cxa_free_exception
                0x00000000100054e8       0x24 /usr/lib/gcc/arm-none-eabi/8.3.1/../../../arm-none-eabi/lib/thumb/v6-m/nofp/libstdc++.a(eh_alloc.o)
                0x00000000100054e8                __cxa_free_exception
 .text.startup._GLOBAL__sub_I__ZN9__gnu_cxx9__freeresEv
                0x000000001000550c       0x2c /usr/lib/gcc/arm-none-eabi/8.3.1/../../../arm-none-eabi/lib/thumb/v6-m/nofp/libstdc++.a(eh_alloc.o)
 .text._ZL23__gxx_exception_cleanup19_Unwind_Reason_CodeP21_Unwind_Control_Block
                0x0000000010005538       0x34 /usr/lib/gcc/arm-none-eabi/8.3.1/../../../arm-none-eabi/lib/thumb/v6-m/nofp/libstdc++.a(eh_throw.o)
 .text.__cxa_init_primary_exception
                0x000000001000556c       0x4c /usr/lib/gcc/arm-none-eabi/8.3.1/../../../arm-none-eabi/lib/thumb/v6-m/nofp/libstdc++.a(eh_throw.o)
                0x000000001000556c                __cxa_init_primary_exception
 .text.__cxa_throw
                0x00000000100055b8       0x34 /usr/lib/gcc/arm-none-eabi/8.3.1/../../../arm-none-eabi/lib/thumb/v6-m/nofp/libstdc++.a(eh_throw.o)
                0x00000000100055b8                __cxa_throw
 .text.__cxa_rethrow
                0x00000000100055ec       0x70 /usr/lib/gcc/arm-none-eabi/8.3.1/../../../arm-none-eabi/lib/thumb/v6-m/nofp/libstdc++.a(eh_throw.o)
                0x00000000100055ec                __cxa_rethrow
 .text._ZN10__cxxabiv111__terminateEPFvvE
                0x000000001000565c       0x28 /usr/lib/gcc/arm-none-eabi/8.3.1/../../../arm-none-eabi/lib/thumb/v6-m/nofp/libstdc++.a(eh_terminate.o)
                0x000000001000565c                __cxxabiv1::__terminate(void (*)())
 .text._ZSt9terminatev
                0x0000000010005684       0x10 /usr/lib/gcc/arm-none-eabi/8.3.1/../../../arm-none-eabi/lib/thumb/v6-m/nofp/libstdc++.a(eh_terminate.o)
                0x0000000010005684                std::terminate()
 .text._ZN10__cxxabiv112__unexpectedEPFvvE
                0x0000000010005694        0x8 /usr/lib/gcc/arm-none-eabi/8.3.1/../../../arm-none-eabi/lib/thumb/v6-m/nofp/libstdc++.a(eh_terminate.o)
                0x0000000010005694                __cxxabiv1::__unexpected(void (*)())
 .text._ZSt10unexpectedv
                0x000000001000569c       0x10 /usr/lib/gcc/arm-none-eabi/8.3.1/../../../arm-none-eabi/lib/thumb/v6-m/nofp/libstdc++.a(eh_terminate.o)
                0x000000001000569c                std::unexpected()
 .text._ZSt13get_terminatev
                0x00000000100056ac        0xc /usr/lib/gcc/arm-none-eabi/8.3.1/../../../arm-none-eabi/lib/thumb/v6-m/nofp/libstdc++.a(eh_terminate.o)
                0x00000000100056ac                std::get_terminate()
 .text._ZSt14get_unexpectedv
                0x00000000100056b8        0xc /usr/lib/gcc/arm-none-eabi/8.3.1/../../../arm-none-eabi/lib/thumb/v6-m/nofp/libstdc++.a(eh_terminate.o)
                0x00000000100056b8                std::get_unexpected()
 .text.__cxa_get_globals_fast
                0x00000000100056c4        0x8 /usr/lib/gcc/arm-none-eabi/8.3.1/../../../arm-none-eabi/lib/thumb/v6-m/nofp/libstdc++.a(eh_globals.o)
                0x00000000100056c4                __cxa_get_globals_fast
 .text.__cxa_get_globals
                0x00000000100056cc        0x8 /usr/lib/gcc/arm-none-eabi/8.3.1/../../../arm-none-eabi/lib/thumb/v6-m/nofp/libstdc++.a(eh_globals.o)
                0x00000000100056cc                __cxa_get_globals
 .text._ZNSt13bad_exceptionD2Ev
                0x00000000100056d4        0x4 /usr/lib/gcc/arm-none-eabi/8.3.1/../../../arm-none-eabi/lib/thumb/v6-m/nofp/libstdc++.a(eh_exception.o)
                0x00000000100056d4                std::bad_exception::~bad_exception()
                0x00000000100056d4                std::bad_exception::~bad_exception()
 .text._ZNKSt13bad_exception4whatEv
                0x00000000100056d8        0x8 /usr/lib/gcc/arm-none-eabi/8.3.1/../../../arm-none-eabi/lib/thumb/v6-m/nofp/libstdc++.a(eh_exception.o)
                0x00000000100056d8                transaction clone for std::bad_exception::what() const
                0x00000000100056d8                std::bad_exception::what() const
 .text._ZNSt13bad_exceptionD0Ev
                0x00000000100056e0       0x10 /usr/lib/gcc/arm-none-eabi/8.3.1/../../../arm-none-eabi/lib/thumb/v6-m/nofp/libstdc++.a(eh_exception.o)
                0x00000000100056e0                std::bad_exception::~bad_exception()
 .text._ZdlPvj  0x00000000100056f0        0x8 /usr/lib/gcc/arm-none-eabi/8.3.1/../../../arm-none-eabi/lib/thumb/v6-m/nofp/libstdc++.a(del_ops.o)
                0x00000000100056f0                operator delete(void*, unsigned int)
 .text._ZdlPv   0x00000000100056f8        0x8 /usr/lib/gcc/arm-none-eabi/8.3.1/../../../arm-none-eabi/lib/thumb/v6-m/nofp/libstdc++.a(del_op.o)
                0x00000000100056f8                operator delete(void*)
 .text._ZNK10__cxxabiv117__class_type_info11__do_upcastEPKS0_PPv
                0x0000000010005700       0x38 /usr/lib/gcc/arm-none-eabi/8.3.1/../../../arm-none-eabi/lib/thumb/v6-m/nofp/libstdc++.a(class_type_info.o)
                0x0000000010005700                __cxxabiv1::__class_type_info::__do_upcast(__cxxabiv1::__class_type_info const*, void**) const
 .text._ZNK10__cxxabiv117__class_type_info20__do_find_public_srcEiPKvPKS0_S2_
                0x0000000010005738       0x14 /usr/lib/gcc/arm-none-eabi/8.3.1/../../../arm-none-eabi/lib/thumb/v6-m/nofp/libstdc++.a(class_type_info.o)
                0x0000000010005738                __cxxabiv1::__class_type_info::__do_find_public_src(int, void const*, __cxxabiv1::__class_type_info const*, void const*) const
 .text._ZN10__cxxabiv117__class_type_infoD2Ev
                0x000000001000574c       0x18 /usr/lib/gcc/arm-none-eabi/8.3.1/../../../arm-none-eabi/lib/thumb/v6-m/nofp/libstdc++.a(class_type_info.o)
                0x000000001000574c                __cxxabiv1::__class_type_info::~__class_type_info()
                0x000000001000574c                __cxxabiv1::__class_type_info::~__class_type_info()
 .text._ZN10__cxxabiv117__class_type_infoD0Ev
                0x0000000010005764       0x20 /usr/lib/gcc/arm-none-eabi/8.3.1/../../../arm-none-eabi/lib/thumb/v6-m/nofp/libstdc++.a(class_type_info.o)
                0x0000000010005764                __cxxabiv1::__class_type_info::~__class_type_info()
 .text._ZNK10__cxxabiv117__class_type_info12__do_dyncastEiNS0_10__sub_kindEPKS0_PKvS3_S5_RNS0_16__dyncast_resultE
                0x0000000010005784       0x40 /usr/lib/gcc/arm-none-eabi/8.3.1/../../../arm-none-eabi/lib/thumb/v6-m/nofp/libstdc++.a(class_type_info.o)
                0x0000000010005784                __cxxabiv1::__class_type_info::__do_dyncast(int, __cxxabiv1::__class_type_info::__sub_kind, __cxxabiv1::__class_type_info const*, void const*, __cxxabiv1::__class_type_info const*, void const*, __cxxabiv1::__class_type_info::__dyncast_result&) const
 .text._ZNK10__cxxabiv117__class_type_info11__do_upcastEPKS0_PKvRNS0_15__upcast_resultE
                0x00000000100057c4       0x1c /usr/lib/gcc/arm-none-eabi/8.3.1/../../../arm-none-eabi/lib/thumb/v6-m/nofp/libstdc++.a(class_type_info.o)
                0x00000000100057c4                __cxxabiv1::__class_type_info::__do_upcast(__cxxabiv1::__class_type_info const*, void const*, __cxxabiv1::__class_type_info::__upcast_result&) const
 .text._ZNK10__cxxabiv117__class_type_info10__do_catchEPKSt9type_infoPPvj
                0x00000000100057e0       0x24 /usr/lib/gcc/arm-none-eabi/8.3.1/../../../arm-none-eabi/lib/thumb/v6-m/nofp/libstdc++.a(class_type_info.o)
                0x00000000100057e0                __cxxabiv1::__class_type_info::__do_catch(std::type_info const*, void**, unsigned int) const
 .text._ZNSt9type_infoD2Ev
                0x0000000010005804        0x4 /usr/lib/gcc/arm-none-eabi/8.3.1/../../../arm-none-eabi/lib/thumb/v6-m/nofp/libstdc++.a(tinfo.o)
                0x0000000010005804                std::type_info::~type_info()
                0x0000000010005804                std::type_info::~type_info()
 .text._ZNKSt9type_info14__is_pointer_pEv
                0x0000000010005808        0x4 /usr/lib/gcc/arm-none-eabi/8.3.1/../../../arm-none-eabi/lib/thumb/v6-m/nofp/libstdc++.a(tinfo.o)
                0x0000000010005808                std::type_info::__is_function_p() const
                0x0000000010005808                std::type_info::__is_pointer_p() const
 .text._ZNKSt9type_infoeqERKS_
                0x000000001000580c       0x30 /usr/lib/gcc/arm-none-eabi/8.3.1/../../../arm-none-eabi/lib/thumb/v6-m/nofp/libstdc++.a(tinfo.o)
                0x000000001000580c                std::type_info::operator==(std::type_info const&) const
 .text._ZN10__cxxabiv120__si_class_type_infoD2Ev
                0x000000001000583c       0x18 /usr/lib/gcc/arm-none-eabi/8.3.1/../../../arm-none-eabi/lib/thumb/v6-m/nofp/libstdc++.a(si_class_type_info.o)
                0x000000001000583c                __cxxabiv1::__si_class_type_info::~__si_class_type_info()
                0x000000001000583c                __cxxabiv1::__si_class_type_info::~__si_class_type_info()
 .text._ZN10__cxxabiv120__si_class_type_infoD0Ev
                0x0000000010005854       0x20 /usr/lib/gcc/arm-none-eabi/8.3.1/../../../arm-none-eabi/lib/thumb/v6-m/nofp/libstdc++.a(si_class_type_info.o)
                0x0000000010005854                __cxxabiv1::__si_class_type_info::~__si_class_type_info()
 .text._ZNK10__cxxabiv120__si_class_type_info20__do_find_public_srcEiPKvPKNS_17__class_type_infoES2_
                0x0000000010005874       0x38 /usr/lib/gcc/arm-none-eabi/8.3.1/../../../arm-none-eabi/lib/thumb/v6-m/nofp/libstdc++.a(si_class_type_info.o)
                0x0000000010005874                __cxxabiv1::__si_class_type_info::__do_find_public_src(int, void const*, __cxxabiv1::__class_type_info const*, void const*) const
 .text._ZNK10__cxxabiv120__si_class_type_info12__do_dyncastEiNS_17__class_type_info10__sub_kindEPKS1_PKvS4_S6_RNS1_16__dyncast_resultE
                0x00000000100058ac       0x9c /usr/lib/gcc/arm-none-eabi/8.3.1/../../../arm-none-eabi/lib/thumb/v6-m/nofp/libstdc++.a(si_class_type_info.o)
                0x00000000100058ac                __cxxabiv1::__si_class_type_info::__do_dyncast(int, __cxxabiv1::__class_type_info::__sub_kind, __cxxabiv1::__class_type_info const*, void const*, __cxxabiv1::__class_type_info const*, void const*, __cxxabiv1::__class_type_info::__dyncast_result&) const
 .text._ZNK10__cxxabiv120__si_class_type_info11__do_upcastEPKNS_17__class_type_infoEPKvRNS1_15__upcast_resultE
                0x0000000010005948       0x24 /usr/lib/gcc/arm-none-eabi/8.3.1/../../../arm-none-eabi/lib/thumb/v6-m/nofp/libstdc++.a(si_class_type_info.o)
                0x0000000010005948                __cxxabiv1::__si_class_type_info::__do_upcast(__cxxabiv1::__class_type_info const*, void const*, __cxxabiv1::__class_type_info::__upcast_result&) const
 .text          0x000000001000596c       0x10 /usr/lib/gcc/arm-none-eabi/8.3.1/../../../arm-none-eabi/lib/thumb/v6-m/nofp/libg.a(lib_a-abort.o)
                0x000000001000596c                abort
 .text          0x000000001000597c       0x28 /usr/lib/gcc/arm-none-eabi/8.3.1/../../../arm-none-eabi/lib/thumb/v6-m/nofp/libg.a(lib_a-malloc.o)
                0x000000001000597c                malloc
                0x0000000010005990                free
 .text          0x00000000100059a4      0x58c /usr/lib/gcc/arm-none-eabi/8.3.1/../../../arm-none-eabi/lib/thumb/v6-m/nofp/libg.a(lib_a-mallocr.o)
                0x00000000100059a4                _malloc_r
 .text          0x0000000010005f30        0x8 /usr/lib/gcc/arm-none-eabi/8.3.1/../../../arm-none-eabi/lib/thumb/v6-m/nofp/libg.a(lib_a-mlock.o)
                0x0000000010005f30                __malloc_lock
                0x0000000010005f34                __malloc_unlock
 .text          0x0000000010005f38       0x24 /usr/lib/gcc/arm-none-eabi/8.3.1/../../../arm-none-eabi/lib/thumb/v6-m/nofp/libg.a(lib_a-sbrkr.o)
                0x0000000010005f38                _sbrk_r
 .text          0x0000000010005f5c      0x190 /usr/lib/gcc/arm-none-eabi/8.3.1/../../../arm-none-eabi/lib/thumb/v6-m/nofp/libg.a(lib_a-signal.o)
                0x0000000010005f88                _init_signal_r
                0x0000000010005fa4                _signal_r
                0x0000000010005fe0                _raise_r
                0x000000001000603c                __sigtramp_r
                0x000000001000608c                raise
                0x00000000100060a0                signal
                0x00000000100060b8                _init_signal
                0x00000000100060d8                __sigtramp
 .text          0x00000000100060ec       0x30 /usr/lib/gcc/arm-none-eabi/8.3.1/../../../arm-none-eabi/lib/thumb/v6-m/nofp/libg.a(lib_a-signalr.o)
                0x00000000100060ec                _kill_r
                0x0000000010006114                _getpid_r
 .text          0x000000001000611c       0x88 /usr/lib/gcc/arm-none-eabi/8.3.1/../../../arm-none-eabi/lib/thumb/v6-m/nofp/libg.a(lib_a-strcmp.o)
                0x000000001000611c                strcmp
 .text          0x00000000100061a4       0x68 /usr/lib/gcc/arm-none-eabi/8.3.1/../../../arm-none-eabi/lib/thumb/v6-m/nofp/libg.a(lib_a-strlen-stub.o)
                0x00000000100061a4                strlen
 .text          0x000000001000620c      0x27c /usr/lib/gcc/arm-none-eabi/8.3.1/../../../arm-none-eabi/lib/thumb/v6-m/nofp/libg.a(lib_a-freer.o)
                0x000000001000620c                _malloc_trim_r
                0x00000000100062ac                _free_r
 .text          0x0000000010006488       0x10 /usr/lib/gcc/arm-none-eabi/8.3.1/../../../arm-none-eabi/lib/thumb/v6-m/nofp/libnosys.a(getpid.o)
                0x0000000010006488                _getpid
 .text          0x0000000010006498       0x10 /usr/lib/gcc/arm-none-eabi/8.3.1/../../../arm-none-eabi/lib/thumb/v6-m/nofp/libnosys.a(kill.o)
                0x0000000010006498                _kill
 *(.fini)
 .fini          0x00000000100064a8        0x4 /usr/lib/gcc/arm-none-eabi/8.3.1/thumb/v6-m/nofp/crti.o
                0x00000000100064a8                _fini
 *fill*         0x00000000100064ac        0x4 
 .fini.__stub   0x00000000100064b0      0x110 linker stubs
 *crtbegin.o(.ctors)
 *crtbegin?.o(.ctors)
 *(EXCLUDE_FILE(*crtend.o *crtend?.o) .ctors)
 *(SORT_BY_NAME(.ctors.*))
 *(.ctors)
 *crtbegin.o(.dtors)
 *crtbegin?.o(.dtors)
 *(EXCLUDE_FILE(*crtend.o *crtend?.o) .dtors)
 *(SORT_BY_NAME(.dtors.*))
 *(.dtors)
 *(.eh_frame*)
 .eh_frame      0x00000000100065c0        0x0 /usr/lib/gcc/arm-none-eabi/8.3.1/thumb/v6-m/nofp/crtbegin.o
                0x00000000100065c0                . = ALIGN (0x4)

.glue_7         0x00000000100065c0        0x0
 .glue_7        0x00000000100065c0        0x0 linker stubs

.glue_7t        0x00000000100065c0        0x0
 .glue_7t       0x00000000100065c0        0x0 linker stubs

.vfp11_veneer   0x00000000100065c0        0x0
 .vfp11_veneer  0x00000000100065c0        0x0 linker stubs

.v4_bx          0x00000000100065c0        0x0
 .v4_bx         0x00000000100065c0        0x0 linker stubs

.iplt           0x00000000100065c0        0x0
 .iplt          0x00000000100065c0        0x0 /usr/lib/gcc/arm-none-eabi/8.3.1/thumb/v6-m/nofp/crtbegin.o

.rodata         0x00000000100065c0     0x108c
 *(EXCLUDE_FILE(*libm.a: *libc.a:*lib_a-mem*.o *libgcc.a:) .rodata*)
 .rodata._ZN7MPU9250C2EP8i2c_instjj24MPU9250_ACCEL_FULL_SCALE23MPU9250_GYRO_FULL_SCALE.str1.4
                0x00000000100065c0       0x24 CMakeFiles/i2c_mpu9250.dir/src/i2c_mpu9250.cpp.obj
 .rodata.main.str1.4
                0x00000000100065e4       0x16 CMakeFiles/i2c_mpu9250.dir/main.cpp.obj
 *fill*         0x00000000100065fa        0x2 
 .rodata.__func__.5751
                0x00000000100065fc       0x15 CMakeFiles/i2c_mpu9250.dir/home/aniket/pico/pico-sdk/src/common/pico_time/time.c.obj
 *fill*         0x0000000010006611        0x3 
 .rodata.__func__.6052
                0x0000000010006614        0xc CMakeFiles/i2c_mpu9250.dir/home/aniket/pico/pico-sdk/src/common/pico_time/time.c.obj
 .rodata.__func__.6059
                0x0000000010006620       0x12 CMakeFiles/i2c_mpu9250.dir/home/aniket/pico/pico-sdk/src/common/pico_time/time.c.obj
 *fill*         0x0000000010006632        0x2 
 .rodata.__func__.6075
                0x0000000010006634        0xf CMakeFiles/i2c_mpu9250.dir/home/aniket/pico/pico-sdk/src/common/pico_time/time.c.obj
 *fill*         0x0000000010006643        0x1 
 .rodata.__func__.6097
                0x0000000010006644        0xd CMakeFiles/i2c_mpu9250.dir/home/aniket/pico/pico-sdk/src/common/pico_time/time.c.obj
 *fill*         0x0000000010006651        0x3 
 .rodata.__func__.6298
                0x0000000010006654        0xa CMakeFiles/i2c_mpu9250.dir/home/aniket/pico/pico-sdk/src/common/pico_time/time.c.obj
 *fill*         0x000000001000665e        0x2 
 .rodata.__func__.6303
                0x0000000010006660       0x12 CMakeFiles/i2c_mpu9250.dir/home/aniket/pico/pico-sdk/src/common/pico_time/time.c.obj
 *fill*         0x0000000010006672        0x2 
 .rodata.__func__.6318
                0x0000000010006674       0x17 CMakeFiles/i2c_mpu9250.dir/home/aniket/pico/pico-sdk/src/common/pico_time/time.c.obj
 *fill*         0x000000001000668b        0x1 
 .rodata.__func__.6329
                0x000000001000668c       0x15 CMakeFiles/i2c_mpu9250.dir/home/aniket/pico/pico-sdk/src/common/pico_time/time.c.obj
 *fill*         0x00000000100066a1        0x3 
 .rodata.__func__.6346
                0x00000000100066a4       0x1a CMakeFiles/i2c_mpu9250.dir/home/aniket/pico/pico-sdk/src/common/pico_time/time.c.obj
 *fill*         0x00000000100066be        0x2 
 .rodata.add_alarm_under_lock.str1.4
                0x00000000100066c0       0x28 CMakeFiles/i2c_mpu9250.dir/home/aniket/pico/pico-sdk/src/common/pico_time/time.c.obj
                                         0x2b (size before relaxing)
 .rodata.alarm_pool_alarm_callback.str1.4
                0x00000000100066e8       0xe6 CMakeFiles/i2c_mpu9250.dir/home/aniket/pico/pico-sdk/src/common/pico_time/time.c.obj
 *fill*         0x00000000100067ce        0x2 
 .rodata.alarm_pool_dump_key.str1.4
                0x00000000100067d0       0x33 CMakeFiles/i2c_mpu9250.dir/home/aniket/pico/pico-sdk/src/common/pico_time/time.c.obj
 *fill*         0x0000000010006803        0x1 
 .rodata.alarm_pool_get_default.str1.4
                0x0000000010006804       0x21 CMakeFiles/i2c_mpu9250.dir/home/aniket/pico/pico-sdk/src/common/pico_time/time.c.obj
 *fill*         0x0000000010006825        0x3 
 .rodata.ph_add_child_node.str1.4
                0x0000000010006828       0x96 CMakeFiles/i2c_mpu9250.dir/home/aniket/pico/pico-sdk/src/common/pico_time/time.c.obj
 *fill*         0x00000000100068be        0x2 
 .rodata.repeating_timer_callback.str1.4
                0x00000000100068c0       0x4b CMakeFiles/i2c_mpu9250.dir/home/aniket/pico/pico-sdk/src/common/pico_time/time.c.obj
 *fill*         0x000000001000690b        0x1 
 .rodata.sleep_until.str1.4
                0x000000001000690c       0x4d CMakeFiles/i2c_mpu9250.dir/home/aniket/pico/pico-sdk/src/common/pico_time/time.c.obj
 *fill*         0x0000000010006959        0x3 
 .rodata.__func__.4598
                0x000000001000695c       0x1a CMakeFiles/i2c_mpu9250.dir/home/aniket/pico/pico-sdk/src/rp2_common/hardware_timer/timer.c.obj
 *fill*         0x0000000010006976        0x2 
 .rodata.hardware_alarm_claim.str1.4
                0x0000000010006978       0x22 CMakeFiles/i2c_mpu9250.dir/home/aniket/pico/pico-sdk/src/rp2_common/hardware_timer/timer.c.obj
 *fill*         0x000000001000699a        0x2 
 .rodata.hardware_alarm_set_target.str1.4
                0x000000001000699c       0x65 CMakeFiles/i2c_mpu9250.dir/home/aniket/pico/pico-sdk/src/rp2_common/hardware_timer/timer.c.obj
 *fill*         0x0000000010006a01        0x3 
 .rodata.__func__.4660
                0x0000000010006a04       0x15 CMakeFiles/i2c_mpu9250.dir/home/aniket/pico/pico-sdk/src/common/pico_sync/mutex.c.obj
 *fill*         0x0000000010006a19        0x3 
 .rodata.__func__.4695
                0x0000000010006a1c        0xb CMakeFiles/i2c_mpu9250.dir/home/aniket/pico/pico-sdk/src/common/pico_sync/mutex.c.obj
 *fill*         0x0000000010006a27        0x1 
 .rodata.str1.4
                0x0000000010006a28       0xb1 CMakeFiles/i2c_mpu9250.dir/home/aniket/pico/pico-sdk/src/common/pico_sync/mutex.c.obj
                                        0x115 (size before relaxing)
 *fill*         0x0000000010006ad9        0x3 
 .rodata.__func__.5758
                0x0000000010006adc        0xc CMakeFiles/i2c_mpu9250.dir/home/aniket/pico/pico-sdk/src/common/pico_util/pheap.c.obj
 .rodata.__func__.5765
                0x0000000010006ae8       0x12 CMakeFiles/i2c_mpu9250.dir/home/aniket/pico/pico-sdk/src/common/pico_util/pheap.c.obj
 *fill*         0x0000000010006afa        0x2 
 .rodata.__func__.5851
                0x0000000010006afc       0x13 CMakeFiles/i2c_mpu9250.dir/home/aniket/pico/pico-sdk/src/common/pico_util/pheap.c.obj
 *fill*         0x0000000010006b0f        0x1 
 .rodata.__func__.5869
                0x0000000010006b10       0x18 CMakeFiles/i2c_mpu9250.dir/home/aniket/pico/pico-sdk/src/common/pico_util/pheap.c.obj
 .rodata.ph_add_child_node.str1.4
                0x0000000010006b28       0x96 CMakeFiles/i2c_mpu9250.dir/home/aniket/pico/pico-sdk/src/common/pico_util/pheap.c.obj
 .rodata.ph_remove_and_free_node.str1.4
                0x0000000010006b28       0x26 CMakeFiles/i2c_mpu9250.dir/home/aniket/pico/pico-sdk/src/common/pico_util/pheap.c.obj
 *fill*         0x0000000010006b4e        0x2 
 .rodata.ph_remove_any_head.str1.4
                0x0000000010006b50       0x8c CMakeFiles/i2c_mpu9250.dir/home/aniket/pico/pico-sdk/src/common/pico_util/pheap.c.obj
 .rodata.__assert_func.str1.4
                0x0000000010006bdc       0x3f CMakeFiles/i2c_mpu9250.dir/home/aniket/pico/pico-sdk/src/rp2_common/pico_runtime/runtime.c.obj
                                         0x43 (size before relaxing)
 *fill*         0x0000000010006c1b        0x1 
 .rodata.panic.str1.4
                0x0000000010006c1c       0x10 CMakeFiles/i2c_mpu9250.dir/home/aniket/pico/pico-sdk/src/rp2_common/pico_runtime/runtime.c.obj
                                         0x12 (size before relaxing)
 .rodata.__func__.4717
                0x0000000010006c2c       0x10 CMakeFiles/i2c_mpu9250.dir/home/aniket/pico/pico-sdk/src/rp2_common/hardware_clocks/clocks.c.obj
 .rodata.clock_configure.str1.4
                0x0000000010006c3c       0x57 CMakeFiles/i2c_mpu9250.dir/home/aniket/pico/pico-sdk/src/rp2_common/hardware_clocks/clocks.c.obj
 *fill*         0x0000000010006c93        0x1 
 .rodata.__func__.4753
                0x0000000010006c94       0x1a CMakeFiles/i2c_mpu9250.dir/home/aniket/pico/pico-sdk/src/rp2_common/hardware_irq/irq.c.obj
 *fill*         0x0000000010006cae        0x2 
 .rodata.__func__.4767
                0x0000000010006cb0        0xc CMakeFiles/i2c_mpu9250.dir/home/aniket/pico/pico-sdk/src/rp2_common/hardware_irq/irq.c.obj
 .rodata.__func__.4775
                0x0000000010006cbc       0x17 CMakeFiles/i2c_mpu9250.dir/home/aniket/pico/pico-sdk/src/rp2_common/hardware_irq/irq.c.obj
 *fill*         0x0000000010006cd3        0x1 
 .rodata.__func__.4779
                0x0000000010006cd4        0xf CMakeFiles/i2c_mpu9250.dir/home/aniket/pico/pico-sdk/src/rp2_common/hardware_irq/irq.c.obj
 *fill*         0x0000000010006ce3        0x1 
 .rodata.__func__.4818
                0x0000000010006ce4       0x13 CMakeFiles/i2c_mpu9250.dir/home/aniket/pico/pico-sdk/src/rp2_common/hardware_irq/irq.c.obj
 *fill*         0x0000000010006cf7        0x1 
 .rodata.__func__.4837
                0x0000000010006cf8       0x1a CMakeFiles/i2c_mpu9250.dir/home/aniket/pico/pico-sdk/src/rp2_common/hardware_irq/irq.c.obj
 *fill*         0x0000000010006d12        0x2 
 .rodata.irq_add_shared_handler.str1.4
                0x0000000010006d14       0xd9 CMakeFiles/i2c_mpu9250.dir/home/aniket/pico/pico-sdk/src/rp2_common/hardware_irq/irq.c.obj
 *fill*         0x0000000010006ded        0x3 
 .rodata.irq_add_tail_to_free_list.str1.4
                0x0000000010006df0       0x32 CMakeFiles/i2c_mpu9250.dir/home/aniket/pico/pico-sdk/src/rp2_common/hardware_irq/irq.c.obj
                                         0x3a (size before relaxing)
 *fill*         0x0000000010006e22        0x2 
 .rodata.irq_remove_handler.str1.4
                0x0000000010006e24       0x2a CMakeFiles/i2c_mpu9250.dir/home/aniket/pico/pico-sdk/src/rp2_common/hardware_irq/irq.c.obj
 *fill*         0x0000000010006e4e        0x2 
 .rodata.irq_set_exclusive_handler.str1.4
                0x0000000010006e50       0x36 CMakeFiles/i2c_mpu9250.dir/home/aniket/pico/pico-sdk/src/rp2_common/hardware_irq/irq.c.obj
 *fill*         0x0000000010006e86        0x2 
 .rodata.make_branch.str1.4
                0x0000000010006e88       0x4d CMakeFiles/i2c_mpu9250.dir/home/aniket/pico/pico-sdk/src/rp2_common/hardware_irq/irq.c.obj
 *fill*         0x0000000010006ed5        0x3 
 .rodata.__func__.4452
                0x0000000010006ed8        0x9 CMakeFiles/i2c_mpu9250.dir/home/aniket/pico/pico-sdk/src/rp2_common/hardware_pll/pll.c.obj
 *fill*         0x0000000010006ee1        0x3 
 .rodata.pll_init.str1.4
                0x0000000010006ee4       0xdb CMakeFiles/i2c_mpu9250.dir/home/aniket/pico/pico-sdk/src/rp2_common/hardware_pll/pll.c.obj
 *fill*         0x0000000010006fbf        0x1 
 .rodata._vsnprintf
                0x0000000010006fc0      0x1e0 CMakeFiles/i2c_mpu9250.dir/home/aniket/pico/pico-sdk/src/rp2_common/pico_printf/printf.c.obj
 .rodata._ftoa.str1.4
                0x00000000100071a0       0x15 CMakeFiles/i2c_mpu9250.dir/home/aniket/pico/pico-sdk/src/rp2_common/pico_printf/printf.c.obj
 *fill*         0x00000000100071b5        0x3 
 .rodata.pow10.5472
                0x00000000100071b8       0x50 CMakeFiles/i2c_mpu9250.dir/home/aniket/pico/pico-sdk/src/rp2_common/pico_printf/printf.c.obj
 .rodata.__aeabi_double_init.str1.4
                0x0000000010007208       0xa8 CMakeFiles/i2c_mpu9250.dir/home/aniket/pico/pico-sdk/src/rp2_common/pico_double/double_init_rom.c.obj
 .rodata.__func__.4718
                0x00000000100072b0       0x14 CMakeFiles/i2c_mpu9250.dir/home/aniket/pico/pico-sdk/src/rp2_common/pico_double/double_init_rom.c.obj
 .rodata.__aeabi_float_init.str1.4
                0x00000000100072c4       0x7a CMakeFiles/i2c_mpu9250.dir/home/aniket/pico/pico-sdk/src/rp2_common/pico_float/float_init_rom.c.obj
                                         0x7e (size before relaxing)
 *fill*         0x000000001000733e        0x2 
 .rodata.__func__.4720
                0x0000000010007340       0x13 CMakeFiles/i2c_mpu9250.dir/home/aniket/pico/pico-sdk/src/rp2_common/pico_float/float_init_rom.c.obj
 *fill*         0x0000000010007353        0x1 
 .rodata.__wrap_malloc.str1.4
                0x0000000010007354        0xe CMakeFiles/i2c_mpu9250.dir/home/aniket/pico/pico-sdk/src/rp2_common/pico_malloc/pico_malloc.c.obj
 *fill*         0x0000000010007362        0x2 
 .rodata.__bi_44
                0x0000000010007364        0xc CMakeFiles/i2c_mpu9250.dir/home/aniket/pico/pico-sdk/src/rp2_common/pico_standard_link/binary_info.c.obj
 .rodata.__bi_56
                0x0000000010007370        0xc CMakeFiles/i2c_mpu9250.dir/home/aniket/pico/pico-sdk/src/rp2_common/pico_standard_link/binary_info.c.obj
 .rodata.__bi_75
                0x000000001000737c        0xc CMakeFiles/i2c_mpu9250.dir/home/aniket/pico/pico-sdk/src/rp2_common/pico_standard_link/binary_info.c.obj
 .rodata.__bi_81
                0x0000000010007388        0xc CMakeFiles/i2c_mpu9250.dir/home/aniket/pico/pico-sdk/src/rp2_common/pico_standard_link/binary_info.c.obj
 .rodata.str1.4
                0x0000000010007394       0x44 CMakeFiles/i2c_mpu9250.dir/home/aniket/pico/pico-sdk/src/rp2_common/pico_standard_link/binary_info.c.obj
 .rodata.crlf_str.6060
                0x00000000100073d8        0x2 CMakeFiles/i2c_mpu9250.dir/home/aniket/pico/pico-sdk/src/rp2_common/pico_stdio/stdio.c.obj
 *fill*         0x00000000100073da        0x2 
 .rodata.__bi_28.4789
                0x00000000100073dc        0xc CMakeFiles/i2c_mpu9250.dir/home/aniket/pico/pico-sdk/src/rp2_common/pico_stdio_uart/stdio_uart.c.obj
 .rodata.__bi_29.4793
                0x00000000100073e8        0x8 CMakeFiles/i2c_mpu9250.dir/home/aniket/pico/pico-sdk/src/rp2_common/pico_stdio_uart/stdio_uart.c.obj
 .rodata.str1.4
                0x00000000100073f0       0x2c CMakeFiles/i2c_mpu9250.dir/home/aniket/pico/pico-sdk/src/rp2_common/pico_stdio_uart/stdio_uart.c.obj
 .rodata.__func__.4822
                0x000000001000741c       0x11 CMakeFiles/i2c_mpu9250.dir/home/aniket/pico/pico-sdk/src/rp2_common/hardware_i2c/i2c.c.obj
 *fill*         0x000000001000742d        0x3 
 .rodata.i2c_set_baudrate.str1.4
                0x0000000010007430       0x5d CMakeFiles/i2c_mpu9250.dir/home/aniket/pico/pico-sdk/src/rp2_common/hardware_i2c/i2c.c.obj
 *fill*         0x000000001000748d        0x3 
 .rodata._ZL28read_encoded_value_with_basehjPKhPj
                0x0000000010007490       0x34 /usr/lib/gcc/arm-none-eabi/8.3.1/../../../arm-none-eabi/lib/thumb/v6-m/nofp/libstdc++.a(eh_personality.o)
 .rodata._ZNKSt13bad_exception4whatEv.str1.4
                0x00000000100074c4       0x13 /usr/lib/gcc/arm-none-eabi/8.3.1/../../../arm-none-eabi/lib/thumb/v6-m/nofp/libstdc++.a(eh_exception.o)
 *fill*         0x00000000100074d7        0x1 
 .rodata._ZTIN10__cxxabiv115__forced_unwindE
                0x00000000100074d8        0x8 /usr/lib/gcc/arm-none-eabi/8.3.1/../../../arm-none-eabi/lib/thumb/v6-m/nofp/libstdc++.a(eh_exception.o)
                0x00000000100074d8                typeinfo for __cxxabiv1::__forced_unwind
 .rodata._ZTIN10__cxxabiv119__foreign_exceptionE
                0x00000000100074e0        0x8 /usr/lib/gcc/arm-none-eabi/8.3.1/../../../arm-none-eabi/lib/thumb/v6-m/nofp/libstdc++.a(eh_exception.o)
                0x00000000100074e0                typeinfo for __cxxabiv1::__foreign_exception
 .rodata._ZTISt13bad_exception
                0x00000000100074e8        0xc /usr/lib/gcc/arm-none-eabi/8.3.1/../../../arm-none-eabi/lib/thumb/v6-m/nofp/libstdc++.a(eh_exception.o)
                0x00000000100074e8                typeinfo for std::bad_exception
 .rodata._ZTISt9exception
                0x00000000100074f4        0x8 /usr/lib/gcc/arm-none-eabi/8.3.1/../../../arm-none-eabi/lib/thumb/v6-m/nofp/libstdc++.a(eh_exception.o)
                0x00000000100074f4                typeinfo for std::exception
 .rodata._ZTSN10__cxxabiv115__forced_unwindE
                0x00000000100074fc       0x20 /usr/lib/gcc/arm-none-eabi/8.3.1/../../../arm-none-eabi/lib/thumb/v6-m/nofp/libstdc++.a(eh_exception.o)
                0x00000000100074fc                typeinfo name for __cxxabiv1::__forced_unwind
 .rodata._ZTSN10__cxxabiv119__foreign_exceptionE
                0x000000001000751c       0x24 /usr/lib/gcc/arm-none-eabi/8.3.1/../../../arm-none-eabi/lib/thumb/v6-m/nofp/libstdc++.a(eh_exception.o)
                0x000000001000751c                typeinfo name for __cxxabiv1::__foreign_exception
 .rodata._ZTSSt13bad_exception
                0x0000000010007540       0x12 /usr/lib/gcc/arm-none-eabi/8.3.1/../../../arm-none-eabi/lib/thumb/v6-m/nofp/libstdc++.a(eh_exception.o)
                0x0000000010007540                typeinfo name for std::bad_exception
 *fill*         0x0000000010007552        0x2 
 .rodata._ZTSSt9exception
                0x0000000010007554        0xd /usr/lib/gcc/arm-none-eabi/8.3.1/../../../arm-none-eabi/lib/thumb/v6-m/nofp/libstdc++.a(eh_exception.o)
                0x0000000010007554                typeinfo name for std::exception
 *fill*         0x0000000010007561        0x3 
 .rodata._ZTVSt13bad_exception
                0x0000000010007564       0x14 /usr/lib/gcc/arm-none-eabi/8.3.1/../../../arm-none-eabi/lib/thumb/v6-m/nofp/libstdc++.a(eh_exception.o)
                0x0000000010007564                vtable for std::bad_exception
 .rodata._ZTIN10__cxxabiv117__class_type_infoE
                0x0000000010007578        0xc /usr/lib/gcc/arm-none-eabi/8.3.1/../../../arm-none-eabi/lib/thumb/v6-m/nofp/libstdc++.a(class_type_info.o)
                0x0000000010007578                typeinfo for __cxxabiv1::__class_type_info
 .rodata._ZTSN10__cxxabiv117__class_type_infoE
                0x0000000010007584       0x22 /usr/lib/gcc/arm-none-eabi/8.3.1/../../../arm-none-eabi/lib/thumb/v6-m/nofp/libstdc++.a(class_type_info.o)
                0x0000000010007584                typeinfo name for __cxxabiv1::__class_type_info
 *fill*         0x00000000100075a6        0x2 
 .rodata._ZTVN10__cxxabiv117__class_type_infoE
                0x00000000100075a8       0x2c /usr/lib/gcc/arm-none-eabi/8.3.1/../../../arm-none-eabi/lib/thumb/v6-m/nofp/libstdc++.a(class_type_info.o)
                0x00000000100075a8                vtable for __cxxabiv1::__class_type_info
 .rodata._ZTISt9type_info
                0x00000000100075d4        0x8 /usr/lib/gcc/arm-none-eabi/8.3.1/../../../arm-none-eabi/lib/thumb/v6-m/nofp/libstdc++.a(tinfo.o)
                0x00000000100075d4                typeinfo for std::type_info
 .rodata._ZTSSt9type_info
                0x00000000100075dc        0xd /usr/lib/gcc/arm-none-eabi/8.3.1/../../../arm-none-eabi/lib/thumb/v6-m/nofp/libstdc++.a(tinfo.o)
                0x00000000100075dc                typeinfo name for std::type_info
 *fill*         0x00000000100075e9        0x3 
 .rodata._ZTIN10__cxxabiv120__si_class_type_infoE
                0x00000000100075ec        0xc /usr/lib/gcc/arm-none-eabi/8.3.1/../../../arm-none-eabi/lib/thumb/v6-m/nofp/libstdc++.a(si_class_type_info.o)
                0x00000000100075ec                typeinfo for __cxxabiv1::__si_class_type_info
 .rodata._ZTSN10__cxxabiv120__si_class_type_infoE
                0x00000000100075f8       0x25 /usr/lib/gcc/arm-none-eabi/8.3.1/../../../arm-none-eabi/lib/thumb/v6-m/nofp/libstdc++.a(si_class_type_info.o)
                0x00000000100075f8                typeinfo name for __cxxabiv1::__si_class_type_info
 *fill*         0x000000001000761d        0x3 
 .rodata._ZTVN10__cxxabiv120__si_class_type_infoE
                0x0000000010007620       0x2c /usr/lib/gcc/arm-none-eabi/8.3.1/../../../arm-none-eabi/lib/thumb/v6-m/nofp/libstdc++.a(si_class_type_info.o)
                0x0000000010007620                vtable for __cxxabiv1::__si_class_type_info
                0x000000001000764c                . = ALIGN (0x4)
 *(SORT_BY_ALIGNMENT(SORT_BY_NAME(.flashdata*)))
                0x000000001000764c                . = ALIGN (0x4)

.ARM.extab      0x000000001000764c       0xe4
 *(.ARM.extab* .gnu.linkonce.armextab.*)
 .ARM.extab.text.main
                0x000000001000764c       0x18 CMakeFiles/i2c_mpu9250.dir/main.cpp.obj
 .ARM.extab.text.__gxx_personality_v0
                0x0000000010007664       0x28 /usr/lib/gcc/arm-none-eabi/8.3.1/../../../arm-none-eabi/lib/thumb/v6-m/nofp/libstdc++.a(eh_personality.o)
 .ARM.extab.text.__cxa_begin_catch
                0x000000001000768c        0xc /usr/lib/gcc/arm-none-eabi/8.3.1/../../../arm-none-eabi/lib/thumb/v6-m/nofp/libstdc++.a(eh_catch.o)
 .ARM.extab.text.unlikely.__cxa_call_unexpected
                0x0000000010007698       0x28 /usr/lib/gcc/arm-none-eabi/8.3.1/../../../arm-none-eabi/lib/thumb/v6-m/nofp/libstdc++.a(eh_call.o)
 .ARM.extab.text.__cxa_type_match
                0x00000000100076c0        0xc /usr/lib/gcc/arm-none-eabi/8.3.1/../../../arm-none-eabi/lib/thumb/v6-m/nofp/libstdc++.a(eh_arm.o)
 .ARM.extab.text._ZN10__cxxabiv111__terminateEPFvvE
                0x00000000100076cc       0x28 /usr/lib/gcc/arm-none-eabi/8.3.1/../../../arm-none-eabi/lib/thumb/v6-m/nofp/libstdc++.a(eh_terminate.o)
 .ARM.extab.text._ZNK10__cxxabiv120__si_class_type_info12__do_dyncastEiNS_17__class_type_info10__sub_kindEPKS1_PKvS4_S6_RNS1_16__dyncast_resultE
                0x00000000100076f4        0xc /usr/lib/gcc/arm-none-eabi/8.3.1/../../../arm-none-eabi/lib/thumb/v6-m/nofp/libstdc++.a(si_class_type_info.o)
 .ARM.extab     0x0000000010007700       0x24 /usr/lib/gcc/arm-none-eabi/8.3.1/thumb/v6-m/nofp/libgcc.a(unwind-arm.o)
 .ARM.extab     0x0000000010007724        0xc /usr/lib/gcc/arm-none-eabi/8.3.1/thumb/v6-m/nofp/libgcc.a(pr-support.o)
                0x0000000010007730                __exidx_start = .

.ARM.exidx      0x0000000010007730      0x1c8
 *(.ARM.exidx* .gnu.linkonce.armexidx.*)
 .ARM.exidx.text._ZN7MPU925010MPU_configE24MPU9250_ACCEL_FULL_SCALE23MPU9250_GYRO_FULL_SCALE
                0x0000000010007730        0x8 CMakeFiles/i2c_mpu9250.dir/src/i2c_mpu9250.cpp.obj
 .ARM.exidx.text._ZN7MPU9250C2EP8i2c_instjj24MPU9250_ACCEL_FULL_SCALE23MPU9250_GYRO_FULL_SCALE
                0x0000000010007738        0x8 CMakeFiles/i2c_mpu9250.dir/src/i2c_mpu9250.cpp.obj
 .ARM.exidx.text._ZN7MPU925012get_raw_dataEv
                0x0000000010007740        0x8 CMakeFiles/i2c_mpu9250.dir/src/i2c_mpu9250.cpp.obj
 .ARM.exidx.text._ZN7MPU925016get_accelerationE9accel_tag
                0x0000000010007748        0x8 CMakeFiles/i2c_mpu9250.dir/src/i2c_mpu9250.cpp.obj
 .ARM.exidx.text._ZN7MPU92508get_gyroE8gyro_tag
                0x0000000010007750        0x0 CMakeFiles/i2c_mpu9250.dir/src/i2c_mpu9250.cpp.obj
                                          0x8 (size before relaxing)
 .ARM.exidx.text.main
                0x0000000010007750       0x10 CMakeFiles/i2c_mpu9250.dir/main.cpp.obj
                                          0x8 (size before relaxing)
 .ARM.exidx.text._ZL28read_encoded_value_with_basehjPKhPj
                0x0000000010007760        0x8 /usr/lib/gcc/arm-none-eabi/8.3.1/../../../arm-none-eabi/lib/thumb/v6-m/nofp/libstdc++.a(eh_personality.o)
 .ARM.exidx.text._ZL21base_of_encoded_valuehP15_Unwind_Context
                0x0000000010007768        0x8 /usr/lib/gcc/arm-none-eabi/8.3.1/../../../arm-none-eabi/lib/thumb/v6-m/nofp/libstdc++.a(eh_personality.o)
 .ARM.exidx.text._ZL17parse_lsda_headerP15_Unwind_ContextPKhP16lsda_header_info
                0x0000000010007770        0x8 /usr/lib/gcc/arm-none-eabi/8.3.1/../../../arm-none-eabi/lib/thumb/v6-m/nofp/libstdc++.a(eh_personality.o)
 .ARM.exidx.text.__gxx_personality_v0
                0x0000000010007778        0x8 /usr/lib/gcc/arm-none-eabi/8.3.1/../../../arm-none-eabi/lib/thumb/v6-m/nofp/libstdc++.a(eh_personality.o)
 .ARM.exidx.text.__cxa_begin_catch
                0x0000000010007780        0x8 /usr/lib/gcc/arm-none-eabi/8.3.1/../../../arm-none-eabi/lib/thumb/v6-m/nofp/libstdc++.a(eh_catch.o)
 .ARM.exidx.text.__cxa_end_catch
                0x0000000010007788        0x8 /usr/lib/gcc/arm-none-eabi/8.3.1/../../../arm-none-eabi/lib/thumb/v6-m/nofp/libstdc++.a(eh_catch.o)
 .ARM.exidx.text._ZN10__cxxabiv1L24__is_gxx_exception_classEPc
                0x0000000010007790        0x8 /usr/lib/gcc/arm-none-eabi/8.3.1/../../../arm-none-eabi/lib/thumb/v6-m/nofp/libstdc++.a(eh_call.o)
 .ARM.exidx.text.__cxa_call_terminate
                0x0000000010007798        0x0 /usr/lib/gcc/arm-none-eabi/8.3.1/../../../arm-none-eabi/lib/thumb/v6-m/nofp/libstdc++.a(eh_call.o)
                                          0x8 (size before relaxing)
 .ARM.exidx.text.unlikely.__cxa_call_unexpected
                0x0000000010007798       0x10 /usr/lib/gcc/arm-none-eabi/8.3.1/../../../arm-none-eabi/lib/thumb/v6-m/nofp/libstdc++.a(eh_call.o)
                                          0x8 (size before relaxing)
 .ARM.exidx.text.__cxa_type_match
                0x00000000100077a8        0x8 /usr/lib/gcc/arm-none-eabi/8.3.1/../../../arm-none-eabi/lib/thumb/v6-m/nofp/libstdc++.a(eh_arm.o)
 .ARM.exidx.text.__cxa_begin_cleanup
                0x00000000100077b0        0x8 /usr/lib/gcc/arm-none-eabi/8.3.1/../../../arm-none-eabi/lib/thumb/v6-m/nofp/libstdc++.a(eh_arm.o)
 .ARM.exidx.text.__gnu_end_cleanup
                0x00000000100077b8        0x0 /usr/lib/gcc/arm-none-eabi/8.3.1/../../../arm-none-eabi/lib/thumb/v6-m/nofp/libstdc++.a(eh_arm.o)
                                          0x8 (size before relaxing)
 .ARM.exidx.text._ZN12_GLOBAL__N_14pool4freeEPv.constprop.4
                0x00000000100077b8        0x0 /usr/lib/gcc/arm-none-eabi/8.3.1/../../../arm-none-eabi/lib/thumb/v6-m/nofp/libstdc++.a(eh_alloc.o)
                                          0x8 (size before relaxing)
 .ARM.exidx.text._ZN12_GLOBAL__N_14pool8allocateEj.constprop.5
                0x00000000100077b8        0x0 /usr/lib/gcc/arm-none-eabi/8.3.1/../../../arm-none-eabi/lib/thumb/v6-m/nofp/libstdc++.a(eh_alloc.o)
                                          0x8 (size before relaxing)
 .ARM.exidx.text.__cxa_allocate_exception
                0x00000000100077b8        0x0 /usr/lib/gcc/arm-none-eabi/8.3.1/../../../arm-none-eabi/lib/thumb/v6-m/nofp/libstdc++.a(eh_alloc.o)
                                          0x8 (size before relaxing)
 .ARM.exidx.text.__cxa_free_exception
                0x00000000100077b8        0x0 /usr/lib/gcc/arm-none-eabi/8.3.1/../../../arm-none-eabi/lib/thumb/v6-m/nofp/libstdc++.a(eh_alloc.o)
                                          0x8 (size before relaxing)
 .ARM.exidx.text.startup._GLOBAL__sub_I__ZN9__gnu_cxx9__freeresEv
                0x00000000100077b8        0x0 /usr/lib/gcc/arm-none-eabi/8.3.1/../../../arm-none-eabi/lib/thumb/v6-m/nofp/libstdc++.a(eh_alloc.o)
                                          0x8 (size before relaxing)
 .ARM.exidx.text._ZL23__gxx_exception_cleanup19_Unwind_Reason_CodeP21_Unwind_Control_Block
                0x00000000100077b8        0x8 /usr/lib/gcc/arm-none-eabi/8.3.1/../../../arm-none-eabi/lib/thumb/v6-m/nofp/libstdc++.a(eh_throw.o)
 .ARM.exidx.text.__cxa_init_primary_exception
                0x00000000100077c0        0x8 /usr/lib/gcc/arm-none-eabi/8.3.1/../../../arm-none-eabi/lib/thumb/v6-m/nofp/libstdc++.a(eh_throw.o)
 .ARM.exidx.text.__cxa_throw
                0x00000000100077c8        0x8 /usr/lib/gcc/arm-none-eabi/8.3.1/../../../arm-none-eabi/lib/thumb/v6-m/nofp/libstdc++.a(eh_throw.o)
 .ARM.exidx.text.__cxa_rethrow
                0x00000000100077d0        0x8 /usr/lib/gcc/arm-none-eabi/8.3.1/../../../arm-none-eabi/lib/thumb/v6-m/nofp/libstdc++.a(eh_throw.o)
 .ARM.exidx.text._ZN10__cxxabiv111__terminateEPFvvE
                0x00000000100077d8        0x8 /usr/lib/gcc/arm-none-eabi/8.3.1/../../../arm-none-eabi/lib/thumb/v6-m/nofp/libstdc++.a(eh_terminate.o)
 .ARM.exidx.text._ZSt9terminatev
                0x00000000100077e0        0x8 /usr/lib/gcc/arm-none-eabi/8.3.1/../../../arm-none-eabi/lib/thumb/v6-m/nofp/libstdc++.a(eh_terminate.o)
 .ARM.exidx.text._ZN10__cxxabiv112__unexpectedEPFvvE
                0x00000000100077e8        0x8 /usr/lib/gcc/arm-none-eabi/8.3.1/../../../arm-none-eabi/lib/thumb/v6-m/nofp/libstdc++.a(eh_terminate.o)
 .ARM.exidx.text._ZSt10unexpectedv
                0x00000000100077f0        0x0 /usr/lib/gcc/arm-none-eabi/8.3.1/../../../arm-none-eabi/lib/thumb/v6-m/nofp/libstdc++.a(eh_terminate.o)
                                          0x8 (size before relaxing)
 .ARM.exidx.text._ZSt13get_terminatev
                0x00000000100077f0        0x8 /usr/lib/gcc/arm-none-eabi/8.3.1/../../../arm-none-eabi/lib/thumb/v6-m/nofp/libstdc++.a(eh_terminate.o)
 .ARM.exidx.text._ZSt14get_unexpectedv
                0x00000000100077f8        0x0 /usr/lib/gcc/arm-none-eabi/8.3.1/../../../arm-none-eabi/lib/thumb/v6-m/nofp/libstdc++.a(eh_terminate.o)
                                          0x8 (size before relaxing)
 .ARM.exidx.text.__cxa_get_globals_fast
                0x00000000100077f8        0x0 /usr/lib/gcc/arm-none-eabi/8.3.1/../../../arm-none-eabi/lib/thumb/v6-m/nofp/libstdc++.a(eh_globals.o)
                                          0x8 (size before relaxing)
 .ARM.exidx.text.__cxa_get_globals
                0x00000000100077f8        0x0 /usr/lib/gcc/arm-none-eabi/8.3.1/../../../arm-none-eabi/lib/thumb/v6-m/nofp/libstdc++.a(eh_globals.o)
                                          0x8 (size before relaxing)
 .ARM.exidx.text._ZNSt13bad_exceptionD2Ev
                0x00000000100077f8        0x0 /usr/lib/gcc/arm-none-eabi/8.3.1/../../../arm-none-eabi/lib/thumb/v6-m/nofp/libstdc++.a(eh_exception.o)
                                          0x8 (size before relaxing)
 .ARM.exidx.text._ZNKSt13bad_exception4whatEv
                0x00000000100077f8        0x0 /usr/lib/gcc/arm-none-eabi/8.3.1/../../../arm-none-eabi/lib/thumb/v6-m/nofp/libstdc++.a(eh_exception.o)
                                          0x8 (size before relaxing)
 .ARM.exidx.text._ZNSt13bad_exceptionD0Ev
                0x00000000100077f8        0x0 /usr/lib/gcc/arm-none-eabi/8.3.1/../../../arm-none-eabi/lib/thumb/v6-m/nofp/libstdc++.a(eh_exception.o)
                                          0x8 (size before relaxing)
 .ARM.exidx.text._ZdlPvj
                0x00000000100077f8        0x0 /usr/lib/gcc/arm-none-eabi/8.3.1/../../../arm-none-eabi/lib/thumb/v6-m/nofp/libstdc++.a(del_ops.o)
                                          0x8 (size before relaxing)
 .ARM.exidx.text._ZdlPv
                0x00000000100077f8        0x0 /usr/lib/gcc/arm-none-eabi/8.3.1/../../../arm-none-eabi/lib/thumb/v6-m/nofp/libstdc++.a(del_op.o)
                                          0x8 (size before relaxing)
 .ARM.exidx.text._ZNK10__cxxabiv117__class_type_info11__do_upcastEPKS0_PPv
                0x00000000100077f8        0x8 /usr/lib/gcc/arm-none-eabi/8.3.1/../../../arm-none-eabi/lib/thumb/v6-m/nofp/libstdc++.a(class_type_info.o)
 .ARM.exidx.text._ZNK10__cxxabiv117__class_type_info20__do_find_public_srcEiPKvPKS0_S2_
                0x0000000010007800        0x8 /usr/lib/gcc/arm-none-eabi/8.3.1/../../../arm-none-eabi/lib/thumb/v6-m/nofp/libstdc++.a(class_type_info.o)
 .ARM.exidx.text._ZN10__cxxabiv117__class_type_infoD2Ev
                0x0000000010007808        0x0 /usr/lib/gcc/arm-none-eabi/8.3.1/../../../arm-none-eabi/lib/thumb/v6-m/nofp/libstdc++.a(class_type_info.o)
                                          0x8 (size before relaxing)
 .ARM.exidx.text._ZN10__cxxabiv117__class_type_infoD0Ev
                0x0000000010007808        0x0 /usr/lib/gcc/arm-none-eabi/8.3.1/../../../arm-none-eabi/lib/thumb/v6-m/nofp/libstdc++.a(class_type_info.o)
                                          0x8 (size before relaxing)
 .ARM.exidx.text._ZNK10__cxxabiv117__class_type_info12__do_dyncastEiNS0_10__sub_kindEPKS0_PKvS3_S5_RNS0_16__dyncast_resultE
                0x0000000010007808        0x0 /usr/lib/gcc/arm-none-eabi/8.3.1/../../../arm-none-eabi/lib/thumb/v6-m/nofp/libstdc++.a(class_type_info.o)
                                          0x8 (size before relaxing)
 .ARM.exidx.text._ZNK10__cxxabiv117__class_type_info11__do_upcastEPKS0_PKvRNS0_15__upcast_resultE
                0x0000000010007808        0x0 /usr/lib/gcc/arm-none-eabi/8.3.1/../../../arm-none-eabi/lib/thumb/v6-m/nofp/libstdc++.a(class_type_info.o)
                                          0x8 (size before relaxing)
 .ARM.exidx.text._ZNK10__cxxabiv117__class_type_info10__do_catchEPKSt9type_infoPPvj
                0x0000000010007808        0x8 /usr/lib/gcc/arm-none-eabi/8.3.1/../../../arm-none-eabi/lib/thumb/v6-m/nofp/libstdc++.a(class_type_info.o)
 .ARM.exidx.text._ZNSt9type_infoD2Ev
                0x0000000010007810        0x8 /usr/lib/gcc/arm-none-eabi/8.3.1/../../../arm-none-eabi/lib/thumb/v6-m/nofp/libstdc++.a(tinfo.o)
 .ARM.exidx.text._ZNKSt9type_info14__is_pointer_pEv
                0x0000000010007818        0x0 /usr/lib/gcc/arm-none-eabi/8.3.1/../../../arm-none-eabi/lib/thumb/v6-m/nofp/libstdc++.a(tinfo.o)
                                          0x8 (size before relaxing)
 .ARM.exidx.text._ZNKSt9type_infoeqERKS_
                0x0000000010007818        0x0 /usr/lib/gcc/arm-none-eabi/8.3.1/../../../arm-none-eabi/lib/thumb/v6-m/nofp/libstdc++.a(tinfo.o)
                                          0x8 (size before relaxing)
 .ARM.exidx.text._ZN10__cxxabiv120__si_class_type_infoD2Ev
                0x0000000010007818        0x0 /usr/lib/gcc/arm-none-eabi/8.3.1/../../../arm-none-eabi/lib/thumb/v6-m/nofp/libstdc++.a(si_class_type_info.o)
                                          0x8 (size before relaxing)
 .ARM.exidx.text._ZN10__cxxabiv120__si_class_type_infoD0Ev
                0x0000000010007818        0x0 /usr/lib/gcc/arm-none-eabi/8.3.1/../../../arm-none-eabi/lib/thumb/v6-m/nofp/libstdc++.a(si_class_type_info.o)
                                          0x8 (size before relaxing)
 .ARM.exidx.text._ZNK10__cxxabiv120__si_class_type_info20__do_find_public_srcEiPKvPKNS_17__class_type_infoES2_
                0x0000000010007818        0x8 /usr/lib/gcc/arm-none-eabi/8.3.1/../../../arm-none-eabi/lib/thumb/v6-m/nofp/libstdc++.a(si_class_type_info.o)
 .ARM.exidx.text._ZNK10__cxxabiv120__si_class_type_info12__do_dyncastEiNS_17__class_type_info10__sub_kindEPKS1_PKvS4_S6_RNS1_16__dyncast_resultE
                0x0000000010007820        0x8 /usr/lib/gcc/arm-none-eabi/8.3.1/../../../arm-none-eabi/lib/thumb/v6-m/nofp/libstdc++.a(si_class_type_info.o)
 .ARM.exidx.text._ZNK10__cxxabiv120__si_class_type_info11__do_upcastEPKNS_17__class_type_infoEPKvRNS1_15__upcast_resultE
                0x0000000010007828       0x10 /usr/lib/gcc/arm-none-eabi/8.3.1/../../../arm-none-eabi/lib/thumb/v6-m/nofp/libstdc++.a(si_class_type_info.o)
                                          0x8 (size before relaxing)
 .ARM.exidx     0x0000000010007838       0x90 /usr/lib/gcc/arm-none-eabi/8.3.1/thumb/v6-m/nofp/libgcc.a(unwind-arm.o)
                                         0xd8 (size before relaxing)
 .ARM.exidx     0x00000000100078c8       0x28 /usr/lib/gcc/arm-none-eabi/8.3.1/thumb/v6-m/nofp/libgcc.a(pr-support.o)
                                         0x38 (size before relaxing)
 .ARM.exidx.text.unlikely
                0x00000000100078f0        0x8 /usr/lib/gcc/arm-none-eabi/8.3.1/thumb/v6-m/nofp/libgcc.a(pr-support.o)
                                         0x10 (size before relaxing)
                0x00000000100078f8                __exidx_end = .

.rel.dyn        0x00000000100078f8        0x0
 .rel.iplt      0x00000000100078f8        0x0 /usr/lib/gcc/arm-none-eabi/8.3.1/thumb/v6-m/nofp/crtbegin.o
                0x00000000100078f8                . = ALIGN (0x4)
                0x00000000100078f8                __binary_info_start = .

.binary_info    0x00000000100078f8       0x28
 *(.binary_info.keep.*)
 .binary_info.keep.__bi_ptr22
                0x00000000100078f8        0x4 CMakeFiles/i2c_mpu9250.dir/home/aniket/pico/pico-sdk/src/rp2_common/pico_standard_link/binary_info.c.obj
 .binary_info.keep.__bi_ptr30
                0x00000000100078fc        0x4 CMakeFiles/i2c_mpu9250.dir/home/aniket/pico/pico-sdk/src/rp2_common/pico_standard_link/binary_info.c.obj
 .binary_info.keep.__bi_ptr38
                0x0000000010007900        0x4 CMakeFiles/i2c_mpu9250.dir/home/aniket/pico/pico-sdk/src/rp2_common/pico_standard_link/binary_info.c.obj
 .binary_info.keep.__bi_ptr44
                0x0000000010007904        0x4 CMakeFiles/i2c_mpu9250.dir/home/aniket/pico/pico-sdk/src/rp2_common/pico_standard_link/binary_info.c.obj
 .binary_info.keep.__bi_ptr50
                0x0000000010007908        0x4 CMakeFiles/i2c_mpu9250.dir/home/aniket/pico/pico-sdk/src/rp2_common/pico_standard_link/binary_info.c.obj
 .binary_info.keep.__bi_ptr56
                0x000000001000790c        0x4 CMakeFiles/i2c_mpu9250.dir/home/aniket/pico/pico-sdk/src/rp2_common/pico_standard_link/binary_info.c.obj
 .binary_info.keep.__bi_ptr75
                0x0000000010007910        0x4 CMakeFiles/i2c_mpu9250.dir/home/aniket/pico/pico-sdk/src/rp2_common/pico_standard_link/binary_info.c.obj
 .binary_info.keep.__bi_ptr81