Archive member included to satisfy reference by file (symbol)

/usr/lib/gcc/arm-none-eabi/9.2.1/../../../arm-none-eabi/lib/thumb/v6-m/nofp/libstdc++.a(eh_arm.o)
                              CMakeFiles/i2c_mpu9250.dir/main.cpp.obj (__cxa_end_cleanup)
/usr/lib/gcc/arm-none-eabi/9.2.1/../../../arm-none-eabi/lib/thumb/v6-m/nofp/libstdc++.a(eh_exception.o)
                              /usr/lib/gcc/arm-none-eabi/9.2.1/../../../arm-none-eabi/lib/thumb/v6-m/nofp/libstdc++.a(eh_arm.o) (typeinfo for __cxxabiv1::__forced_unwind)
/usr/lib/gcc/arm-none-eabi/9.2.1/../../../arm-none-eabi/lib/thumb/v6-m/nofp/libstdc++.a(eh_globals.o)
                              /usr/lib/gcc/arm-none-eabi/9.2.1/../../../arm-none-eabi/lib/thumb/v6-m/nofp/libstdc++.a(eh_arm.o) (__cxa_get_globals)
/usr/lib/gcc/arm-none-eabi/9.2.1/../../../arm-none-eabi/lib/thumb/v6-m/nofp/libstdc++.a(eh_personality.o)
                              CMakeFiles/i2c_mpu9250.dir/main.cpp.obj (__gxx_personality_v0)
/usr/lib/gcc/arm-none-eabi/9.2.1/../../../arm-none-eabi/lib/thumb/v6-m/nofp/libstdc++.a(eh_terminate.o)
                              /usr/lib/gcc/arm-none-eabi/9.2.1/../../../arm-none-eabi/lib/thumb/v6-m/nofp/libstdc++.a(eh_arm.o) (std::terminate())
/usr/lib/gcc/arm-none-eabi/9.2.1/../../../arm-none-eabi/lib/thumb/v6-m/nofp/libstdc++.a(eh_unex_handler.o)
                              /usr/lib/gcc/arm-none-eabi/9.2.1/../../../arm-none-eabi/lib/thumb/v6-m/nofp/libstdc++.a(eh_terminate.o) (__cxxabiv1::__unexpected_handler)
/usr/lib/gcc/arm-none-eabi/9.2.1/../../../arm-none-eabi/lib/thumb/v6-m/nofp/libstdc++.a(pure.o)
                              /usr/lib/gcc/arm-none-eabi/9.2.1/../../../arm-none-eabi/lib/thumb/v6-m/nofp/libstdc++.a(eh_exception.o) (__cxa_pure_virtual)
/usr/lib/gcc/arm-none-eabi/9.2.1/../../../arm-none-eabi/lib/thumb/v6-m/nofp/libstdc++.a(si_class_type_info.o)
                              /usr/lib/gcc/arm-none-eabi/9.2.1/../../../arm-none-eabi/lib/thumb/v6-m/nofp/libstdc++.a(eh_exception.o) (vtable for __cxxabiv1::__si_class_type_info)
/usr/lib/gcc/arm-none-eabi/9.2.1/../../../arm-none-eabi/lib/thumb/v6-m/nofp/libstdc++.a(tinfo.o)
                              /usr/lib/gcc/arm-none-eabi/9.2.1/../../../arm-none-eabi/lib/thumb/v6-m/nofp/libstdc++.a(si_class_type_info.o) (std::type_info::__is_pointer_p() const)
/usr/lib/gcc/arm-none-eabi/9.2.1/../../../arm-none-eabi/lib/thumb/v6-m/nofp/libstdc++.a(class_type_info.o)
                              /usr/lib/gcc/arm-none-eabi/9.2.1/../../../arm-none-eabi/lib/thumb/v6-m/nofp/libstdc++.a(si_class_type_info.o) (__cxxabiv1::__class_type_info::__do_upcast(__cxxabiv1::__class_type_info const*, void**) const)
/usr/lib/gcc/arm-none-eabi/9.2.1/../../../arm-none-eabi/lib/thumb/v6-m/nofp/libstdc++.a(del_ops.o)
                              /usr/lib/gcc/arm-none-eabi/9.2.1/../../../arm-none-eabi/lib/thumb/v6-m/nofp/libstdc++.a(eh_exception.o) (operator delete(void*, unsigned int))
/usr/lib/gcc/arm-none-eabi/9.2.1/../../../arm-none-eabi/lib/thumb/v6-m/nofp/libstdc++.a(eh_call.o)
                              /usr/lib/gcc/arm-none-eabi/9.2.1/../../../arm-none-eabi/lib/thumb/v6-m/nofp/libstdc++.a(eh_personality.o) (__cxa_call_terminate)
/usr/lib/gcc/arm-none-eabi/9.2.1/../../../arm-none-eabi/lib/thumb/v6-m/nofp/libstdc++.a(eh_catch.o)
                              /usr/lib/gcc/arm-none-eabi/9.2.1/../../../arm-none-eabi/lib/thumb/v6-m/nofp/libstdc++.a(eh_personality.o) (__cxa_begin_catch)
/usr/lib/gcc/arm-none-eabi/9.2.1/../../../arm-none-eabi/lib/thumb/v6-m/nofp/libstdc++.a(eh_term_handler.o)
                              /usr/lib/gcc/arm-none-eabi/9.2.1/../../../arm-none-eabi/lib/thumb/v6-m/nofp/libstdc++.a(eh_terminate.o) (__cxxabiv1::__terminate_handler)
/usr/lib/gcc/arm-none-eabi/9.2.1/../../../arm-none-eabi/lib/thumb/v6-m/nofp/libstdc++.a(eh_throw.o)
                              /usr/lib/gcc/arm-none-eabi/9.2.1/../../../arm-none-eabi/lib/thumb/v6-m/nofp/libstdc++.a(eh_call.o) (__cxa_throw)
/usr/lib/gcc/arm-none-eabi/9.2.1/../../../arm-none-eabi/lib/thumb/v6-m/nofp/libstdc++.a(del_op.o)
                              /usr/lib/gcc/arm-none-eabi/9.2.1/../../../arm-none-eabi/lib/thumb/v6-m/nofp/libstdc++.a(del_ops.o) (operator delete(void*))
/usr/lib/gcc/arm-none-eabi/9.2.1/../../../arm-none-eabi/lib/thumb/v6-m/nofp/libstdc++.a(eh_alloc.o)
                              /usr/lib/gcc/arm-none-eabi/9.2.1/../../../arm-none-eabi/lib/thumb/v6-m/nofp/libstdc++.a(eh_call.o) (__cxa_allocate_exception)
/usr/lib/gcc/arm-none-eabi/9.2.1/thumb/v6-m/nofp/libgcc.a(_dvmd_tls.o)
                              CMakeFiles/i2c_mpu9250.dir/home/aniket/pico/pico-sdk/src/rp2_common/pico_divider/divider.S.obj (__aeabi_idiv0)
/usr/lib/gcc/arm-none-eabi/9.2.1/thumb/v6-m/nofp/libgcc.a(unwind-arm.o)
                              CMakeFiles/i2c_mpu9250.dir/src/i2c_mpu9250.cpp.obj (__aeabi_unwind_cpp_pr1)
/usr/lib/gcc/arm-none-eabi/9.2.1/thumb/v6-m/nofp/libgcc.a(libunwind.o)
[...]
Memory Configuration

Name             Origin             Length             Attributes
FLASH            0x0000000010000000 0x0000000000200000 xr
RAM              0x0000000020000000 0x0000000000040000 xrw
SCRATCH_X        0x0000000020040000 0x0000000000001000 xrw
SCRATCH_Y        0x0000000020041000 0x0000000000001000 xrw
*default*        0x0000000000000000 0xffffffffffffffff

Linker script and memory map

LOAD /usr/lib/gcc/arm-none-eabi/9.2.1/thumb/v6-m/nofp/crti.o
LOAD /usr/lib/gcc/arm-none-eabi/9.2.1/thumb/v6-m/nofp/crtbegin.o
LOAD /usr/lib/gcc/arm-none-eabi/9.2.1/../../../arm-none-eabi/lib/thumb/v6-m/nofp/crt0.o

.flash_begin    0x0000000010000000        0x0
                0x0000000010000000                __flash_binary_start = .

.boot2          0x0000000010000000      0x100
                0x0000000010000000                __boot2_start__ = .
 *(.boot2)
 .boot2         0x0000000010000000      0x100 /tmp/ccrihxSY.o
                0x0000000010000100                __boot2_end__ = .
                0x0000000000000001                ASSERT (((__boot2_end__ - __boot2_start__) == 0x100), ERROR: Pico second stage bootloader must be 256 bytes in size)

.text           0x0000000010000100     0x6878
                0x0000000010000100                __logical_binary_start = .
 *(.vectors)
 .vectors       0x0000000010000100       0xd4 CMakeFiles/i2c_mpu9250.dir/home/aniket/pico/pico-sdk/src/rp2_common/pico_standard_link/crt0.S.obj
                0x0000000010000100                __vectors
                0x0000000010000100                __VECTOR_TABLE
                0x00000000100001c0                isr_invalid
                0x00000000100001c0                __default_isrs_start
                0x00000000100001c2                isr_nmi
                0x00000000100001c4                isr_hardfault
                0x00000000100001c6                isr_svcall
                0x00000000100001c8                isr_pendsv
                0x00000000100001ca                isr_systick
                0x00000000100001cc                isr_irq30
                0x00000000100001cc                __unhandled_user_irq
                0x00000000100001cc                isr_irq13
                0x00000000100001cc                isr_irq27
                0x00000000100001cc                isr_irq31
                0x00000000100001cc                isr_irq5
                0x00000000100001cc                isr_irq11
                0x00000000100001cc                isr_irq23
                0x00000000100001cc                isr_irq18
                0x00000000100001cc                isr_irq28
                0x00000000100001cc                isr_irq19
                0x00000000100001cc                isr_irq0
                0x00000000100001cc                isr_irq6
                0x00000000100001cc                isr_irq22
                0x00000000100001cc                isr_irq17
                0x00000000100001cc                isr_irq14
                0x00000000100001cc                isr_irq2
                0x00000000100001cc                isr_irq10
                0x00000000100001cc                isr_irq8
                0x00000000100001cc                isr_irq24
                0x00000000100001cc                isr_irq1
                0x00000000100001cc                isr_irq7
                0x00000000100001cc                isr_irq21
                0x00000000100001cc                isr_irq20
                0x00000000100001cc                isr_irq15
                0x00000000100001cc                isr_irq25
                0x00000000100001cc                isr_irq4
                0x00000000100001cc                isr_irq16
                0x00000000100001cc                isr_irq29
                0x00000000100001cc                isr_irq26
                0x00000000100001cc                __default_isrs_end
                0x00000000100001cc                isr_irq3
                0x00000000100001cc                isr_irq12
                0x00000000100001cc                isr_irq9
                0x00000000100001d2                unhandled_user_irq_num_in_r0
 *(.binary_info_header)
 .binary_info_header
                0x00000000100001d4       0x14 CMakeFiles/i2c_mpu9250.dir/home/aniket/pico/pico-sdk/src/rp2_common/pico_standard_link/crt0.S.obj
                0x00000000100001e8                __binary_info_header_end = .
 *(.reset)
 .reset         0x00000000100001e8       0xa8 CMakeFiles/i2c_mpu9250.dir/home/aniket/pico/pico-sdk/src/rp2_common/pico_standard_link/crt0.S.obj
                0x00000000100001e8                _entry_point
                0x0000000010000266                __get_current_exception
 .reset         0x0000000010000290       0x30 CMakeFiles/i2c_mpu9250.dir/home/aniket/pico/pico-sdk/src/rp2_common/pico_standard_link/binary_info.c.obj
 *(.init)
 .init          0x00000000100002c0        0x4 /usr/lib/gcc/arm-none-eabi/9.2.1/thumb/v6-m/nofp/crti.o
                0x00000000100002c0                _init
 *(EXCLUDE_FILE(*libm.a: *libc.a:*lib_a-mem*.o *libgcc.a:) .text*)
 .text          0x00000000100002c4       0x98 /usr/lib/gcc/arm-none-eabi/9.2.1/thumb/v6-m/nofp/crtbegin.o
 .text._ZN7MPU925010MPU_configE24MPU9250_ACCEL_FULL_SCALE23MPU9250_GYRO_FULL_SCALE
                0x000000001000035c       0x42 CMakeFiles/i2c_mpu9250.dir/src/i2c_mpu9250.cpp.obj
                0x000000001000035c                MPU9250::MPU_config(MPU9250_ACCEL_FULL_SCALE, MPU9250_GYRO_FULL_SCALE)
 *fill*         0x000000001000039e        0x2 
 .text._ZN7MPU9250C2EP8i2c_instjj24MPU9250_ACCEL_FULL_SCALE23MPU9250_GYRO_FULL_SCALE
                0x00000000100003a0       0x74 CMakeFiles/i2c_mpu9250.dir/src/i2c_mpu9250.cpp.obj
                0x00000000100003a0                MPU9250::MPU9250(i2c_inst*, unsigned int, unsigned int, MPU9250_ACCEL_FULL_SCALE, MPU9250_GYRO_FULL_SCALE)
                0x00000000100003a0                MPU9250::MPU9250(i2c_inst*, unsigned int, unsigned int, MPU9250_ACCEL_FULL_SCALE, MPU9250_GYRO_FULL_SCALE)
 .text._ZN7MPU925012get_raw_dataEv
                0x0000000010000414       0x42 CMakeFiles/i2c_mpu9250.dir/src/i2c_mpu9250.cpp.obj
                0x0000000010000414                MPU9250::get_raw_data()
 .text._ZN7MPU925011get_accel_gE9accel_tag
                0x0000000010000456      0x102 CMakeFiles/i2c_mpu9250.dir/src/i2c_mpu9250.cpp.obj
                0x0000000010000456                MPU9250::get_accel_g(accel_tag)
 .text._ZN7MPU925012get_gyro_dpsE8gyro_tag
                0x0000000010000558      0x114 CMakeFiles/i2c_mpu9250.dir/src/i2c_mpu9250.cpp.obj
                0x0000000010000558                MPU9250::get_gyro_dps(gyro_tag)
 .text._Z24repeating_timer_callbackP15repeating_timer
                0x000000001000066c       0x10 CMakeFiles/i2c_mpu9250.dir/main.cpp.obj
                0x000000001000066c                repeating_timer_callback(repeating_timer*)
 .text.main     0x000000001000067c       0xfc CMakeFiles/i2c_mpu9250.dir/main.cpp.obj
                0x000000001000067c                main
 .text.gpio_set_function
                0x0000000010000778       0x30 CMakeFiles/i2c_mpu9250.dir/home/aniket/pico/pico-sdk/src/rp2_common/hardware_gpio/gpio.c.obj
                0x0000000010000778                gpio_set_function
 .text.gpio_set_pulls
                0x00000000100007a8       0x34 CMakeFiles/i2c_mpu9250.dir/home/aniket/pico/pico-sdk/src/rp2_common/hardware_gpio/gpio.c.obj
                0x00000000100007a8                gpio_set_pulls
 .text.hw_claim_lock
                0x00000000100007dc       0x18 CMakeFiles/i2c_mpu9250.dir/home/aniket/pico/pico-sdk/src/rp2_common/hardware_claim/claim.c.obj
                0x00000000100007dc                hw_claim_lock
 .text.hw_claim_unlock
                0x00000000100007f4       0x14 CMakeFiles/i2c_mpu9250.dir/home/aniket/pico/pico-sdk/src/rp2_common/hardware_claim/claim.c.obj
                0x00000000100007f4                hw_claim_unlock
 .text.hw_claim_or_assert
                0x0000000010000808       0x32 CMakeFiles/i2c_mpu9250.dir/home/aniket/pico/pico-sdk/src/rp2_common/hardware_claim/claim.c.obj
                0x0000000010000808                hw_claim_or_assert
 *fill*         0x000000001000083a        0x2 
 .text.running_on_fpga
                0x000000001000083c       0x14 CMakeFiles/i2c_mpu9250.dir/home/aniket/pico/pico-sdk/src/rp2_common/pico_platform/platform.c.obj
                0x000000001000083c                running_on_fpga
 .text.spin_locks_reset
                0x0000000010000850       0x20 CMakeFiles/i2c_mpu9250.dir/home/aniket/pico/pico-sdk/src/rp2_common/hardware_sync/sync.c.obj
                0x0000000010000850                spin_locks_reset
 .text.next_striped_spin_lock_num
                0x0000000010000870       0x1c CMakeFiles/i2c_mpu9250.dir/home/aniket/pico/pico-sdk/src/rp2_common/hardware_sync/sync.c.obj
                0x0000000010000870                next_striped_spin_lock_num
 .text.uart_set_baudrate
                0x000000001000088c       0x5c CMakeFiles/i2c_mpu9250.dir/home/aniket/pico/pico-sdk/src/rp2_common/hardware_uart/uart.c.obj
                0x000000001000088c                uart_set_baudrate
 .text.uart_set_translate_crlf
                0x00000000100008e8       0x28 CMakeFiles/i2c_mpu9250.dir/home/aniket/pico/pico-sdk/src/rp2_common/hardware_uart/uart.c.obj
                0x00000000100008e8                uart_set_translate_crlf
 .text.uart_init
                0x0000000010000910       0x80 CMakeFiles/i2c_mpu9250.dir/home/aniket/pico/pico-sdk/src/rp2_common/hardware_uart/uart.c.obj
                0x0000000010000910                uart_init
 .text.repeating_timer_callback
                0x0000000010000990       0x40 CMakeFiles/i2c_mpu9250.dir/home/aniket/pico/pico-sdk/src/common/pico_time/time.c.obj
 .text.alarm_pool_post_alloc_init
                0x00000000100009d0       0x40 CMakeFiles/i2c_mpu9250.dir/home/aniket/pico/pico-sdk/src/common/pico_time/time.c.obj
 .text.sleep_until_callback
                0x0000000010000a10       0x30 CMakeFiles/i2c_mpu9250.dir/home/aniket/pico/pico-sdk/src/common/pico_time/time.c.obj
 .text.timer_pool_entry_comparator
                0x0000000010000a40       0x7c CMakeFiles/i2c_mpu9250.dir/home/aniket/pico/pico-sdk/src/common/pico_time/time.c.obj
                0x0000000010000a40                timer_pool_entry_comparator
 .text.ph_add_child_node
                0x0000000010000abc       0xa4 CMakeFiles/i2c_mpu9250.dir/home/aniket/pico/pico-sdk/src/common/pico_time/time.c.obj
 .text.ph_merge_nodes
                0x0000000010000b60       0x3e CMakeFiles/i2c_mpu9250.dir/home/aniket/pico/pico-sdk/src/common/pico_time/time.c.obj
 *fill*         0x0000000010000b9e        0x2 
 .text.add_alarm_under_lock
                0x0000000010000ba0      0x174 CMakeFiles/i2c_mpu9250.dir/home/aniket/pico/pico-sdk/src/common/pico_time/time.c.obj
 .text.alarm_pool_alarm_callback
                0x0000000010000d14      0x32c CMakeFiles/i2c_mpu9250.dir/home/aniket/pico/pico-sdk/src/common/pico_time/time.c.obj
 .text.alarm_pool_init_default
                0x0000000010001040       0x38 CMakeFiles/i2c_mpu9250.dir/home/aniket/pico/pico-sdk/src/common/pico_time/time.c.obj
                0x0000000010001040                alarm_pool_init_default
 .text.alarm_pool_get_default
                0x0000000010001078       0x2c CMakeFiles/i2c_mpu9250.dir/home/aniket/pico/pico-sdk/src/common/pico_time/time.c.obj
                0x0000000010001078                alarm_pool_get_default
 .text.alarm_pool_add_alarm_at
                0x00000000100010a4      0x170 CMakeFiles/i2c_mpu9250.dir/home/aniket/pico/pico-sdk/src/common/pico_time/time.c.obj
                0x00000000100010a4                alarm_pool_add_alarm_at
 .text.alarm_pool_add_repeating_timer_us
                0x0000000010001214       0x98 CMakeFiles/i2c_mpu9250.dir/home/aniket/pico/pico-sdk/src/common/pico_time/time.c.obj
                0x0000000010001214                alarm_pool_add_repeating_timer_us
 .text.sleep_until
                0x00000000100012ac       0xfc CMakeFiles/i2c_mpu9250.dir/home/aniket/pico/pico-sdk/src/common/pico_time/time.c.obj
                0x00000000100012ac                sleep_until
 .text.sleep_us
                0x00000000100013a8       0x58 CMakeFiles/i2c_mpu9250.dir/home/aniket/pico/pico-sdk/src/common/pico_time/time.c.obj
                0x00000000100013a8                sleep_us
 .text.sleep_ms
                0x0000000010001400       0x14 CMakeFiles/i2c_mpu9250.dir/home/aniket/pico/pico-sdk/src/common/pico_time/time.c.obj
                0x0000000010001400                sleep_ms
 .text.hardware_alarm_irq_handler
                0x0000000010001414       0x8c CMakeFiles/i2c_mpu9250.dir/home/aniket/pico/pico-sdk/src/rp2_common/hardware_timer/timer.c.obj
 .text.hardware_alarm_claim
                0x00000000100014a0       0x18 CMakeFiles/i2c_mpu9250.dir/home/aniket/pico/pico-sdk/src/rp2_common/hardware_timer/timer.c.obj
                0x00000000100014a0                hardware_alarm_claim
 .text.time_us_64
                0x00000000100014b8       0x18 CMakeFiles/i2c_mpu9250.dir/home/aniket/pico/pico-sdk/src/rp2_common/hardware_timer/timer.c.obj
                0x00000000100014b8                time_us_64
 .text.busy_wait_until
                0x00000000100014d0       0x24 CMakeFiles/i2c_mpu9250.dir/home/aniket/pico/pico-sdk/src/rp2_common/hardware_timer/timer.c.obj
                0x00000000100014d0                busy_wait_until
 .text.hardware_alarm_set_callback
                0x00000000100014f4       0x90 CMakeFiles/i2c_mpu9250.dir/home/aniket/pico/pico-sdk/src/rp2_common/hardware_timer/timer.c.obj
                0x00000000100014f4                hardware_alarm_set_callback
 .text.hardware_alarm_set_target
                0x0000000010001584       0xe8 CMakeFiles/i2c_mpu9250.dir/home/aniket/pico/pico-sdk/src/rp2_common/hardware_timer/timer.c.obj
                0x0000000010001584                hardware_alarm_set_target
 .text.hardware_alarm_cancel
                0x000000001000166c       0x40 CMakeFiles/i2c_mpu9250.dir/home/aniket/pico/pico-sdk/src/rp2_common/hardware_timer/timer.c.obj
                0x000000001000166c                hardware_alarm_cancel
 .text.lock_init
                0x00000000100016ac       0x10 CMakeFiles/i2c_mpu9250.dir/home/aniket/pico/pico-sdk/src/common/pico_sync/lock_core.c.obj
                0x00000000100016ac                lock_init
 .text.mutex_init
                0x00000000100016bc       0x1a CMakeFiles/i2c_mpu9250.dir/home/aniket/pico/pico-sdk/src/common/pico_sync/mutex.c.obj
                0x00000000100016bc                mutex_init
 .text.recursive_mutex_init
                0x00000000100016d6       0x1e CMakeFiles/i2c_mpu9250.dir/home/aniket/pico/pico-sdk/src/common/pico_sync/mutex.c.obj
                0x00000000100016d6                recursive_mutex_init
 .text.ph_add_child_node
                0x00000000100016f4       0xa4 CMakeFiles/i2c_mpu9250.dir/home/aniket/pico/pico-sdk/src/common/pico_util/pheap.c.obj
 .text.ph_merge_nodes
                0x0000000010001798       0x3e CMakeFiles/i2c_mpu9250.dir/home/aniket/pico/pico-sdk/src/common/pico_util/pheap.c.obj
 *fill*         0x00000000100017d6        0x2 
 .text.ph_clear
                0x00000000100017d8       0x70 CMakeFiles/i2c_mpu9250.dir/home/aniket/pico/pico-sdk/src/common/pico_util/pheap.c.obj
                0x00000000100017d8                ph_clear
 .text.ph_post_alloc_init
                0x0000000010001848        0xe CMakeFiles/i2c_mpu9250.dir/home/aniket/pico/pico-sdk/src/common/pico_util/pheap.c.obj
                0x0000000010001848                ph_post_alloc_init
 *fill*         0x0000000010001856        0x2 
 .text.ph_merge_two_pass
                0x0000000010001858       0xa8 CMakeFiles/i2c_mpu9250.dir/home/aniket/pico/pico-sdk/src/common/pico_util/pheap.c.obj
                0x0000000010001858                ph_merge_two_pass
 .text.ph_remove_any_head
                0x0000000010001900      0x108 CMakeFiles/i2c_mpu9250.dir/home/aniket/pico/pico-sdk/src/common/pico_util/pheap.c.obj
 .text.ph_remove_head
                0x0000000010001a08       0x14 CMakeFiles/i2c_mpu9250.dir/home/aniket/pico/pico-sdk/src/common/pico_util/pheap.c.obj
                0x0000000010001a08                ph_remove_head
 .text.ph_remove_and_free_node
                0x0000000010001a1c       0xf8 CMakeFiles/i2c_mpu9250.dir/home/aniket/pico/pico-sdk/src/common/pico_util/pheap.c.obj
                0x0000000010001a1c                ph_remove_and_free_node
 .text._exit    0x0000000010001b14        0x4 CMakeFiles/i2c_mpu9250.dir/home/aniket/pico/pico-sdk/src/rp2_common/pico_runtime/runtime.c.obj
                0x0000000010001b14                _exit
 .text._sbrk    0x0000000010001b18       0x38 CMakeFiles/i2c_mpu9250.dir/home/aniket/pico/pico-sdk/src/rp2_common/pico_runtime/runtime.c.obj
                0x0000000010001b18                _sbrk
 .text.exit     0x0000000010001b50        0x6 CMakeFiles/i2c_mpu9250.dir/home/aniket/pico/pico-sdk/src/rp2_common/pico_runtime/runtime.c.obj
                0x0000000010001b50                exit
 *fill*         0x0000000010001b56        0x2 
 .text.__assert_func
                0x0000000010001b58       0x3c CMakeFiles/i2c_mpu9250.dir/home/aniket/pico/pico-sdk/src/rp2_common/pico_runtime/runtime.c.obj
                0x0000000010001b58                __assert_func
 .text.runtime_init
                0x0000000010001b94       0xf8 CMakeFiles/i2c_mpu9250.dir/home/aniket/pico/pico-sdk/src/rp2_common/pico_runtime/runtime.c.obj
                0x0000000010001b94                runtime_init
 .text.panic    0x0000000010001c8c       0x30 CMakeFiles/i2c_mpu9250.dir/home/aniket/pico/pico-sdk/src/rp2_common/pico_runtime/runtime.c.obj
                0x0000000010001c8c                panic
 .text.clock_configure
                0x0000000010001cbc      0x104 CMakeFiles/i2c_mpu9250.dir/home/aniket/pico/pico-sdk/src/rp2_common/hardware_clocks/clocks.c.obj
                0x0000000010001cbc                clock_configure
 .text.clocks_init
                0x0000000010001dc0      0x100 CMakeFiles/i2c_mpu9250.dir/home/aniket/pico/pico-sdk/src/rp2_common/hardware_clocks/clocks.c.obj
                0x0000000010001dc0                clocks_init
 .text.clock_get_hz
                0x0000000010001ec0        0xc CMakeFiles/i2c_mpu9250.dir/home/aniket/pico/pico-sdk/src/rp2_common/hardware_clocks/clocks.c.obj
                0x0000000010001ec0                clock_get_hz
 .text.set_raw_irq_handler_and_unlock
                0x0000000010001ecc       0x28 CMakeFiles/i2c_mpu9250.dir/home/aniket/pico/pico-sdk/src/rp2_common/hardware_irq/irq.c.obj
 .text.make_branch
                0x0000000010001ef4       0x34 CMakeFiles/i2c_mpu9250.dir/home/aniket/pico/pico-sdk/src/rp2_common/hardware_irq/irq.c.obj
 .text.insert_branch_and_link
                0x0000000010001f28       0x40 CMakeFiles/i2c_mpu9250.dir/home/aniket/pico/pico-sdk/src/rp2_common/hardware_irq/irq.c.obj
 .text.irq_is_enabled
                0x0000000010001f68       0x18 CMakeFiles/i2c_mpu9250.dir/home/aniket/pico/pico-sdk/src/rp2_common/hardware_irq/irq.c.obj
                0x0000000010001f68                irq_is_enabled
 .text.irq_set_mask_enabled
                0x0000000010001f80       0x20 CMakeFiles/i2c_mpu9250.dir/home/aniket/pico/pico-sdk/src/rp2_common/hardware_irq/irq.c.obj
                0x0000000010001f80                irq_set_mask_enabled
 .text.irq_set_enabled
                0x0000000010001fa0        0xe CMakeFiles/i2c_mpu9250.dir/home/aniket/pico/pico-sdk/src/rp2_common/hardware_irq/irq.c.obj
                0x0000000010001fa0                irq_set_enabled
 *fill*         0x0000000010001fae        0x2 
 .text.irq_get_vtable_handler
                0x0000000010001fb0       0x10 CMakeFiles/i2c_mpu9250.dir/home/aniket/pico/pico-sdk/src/rp2_common/hardware_irq/irq.c.obj
                0x0000000010001fb0                irq_get_vtable_handler
 .text.irq_set_exclusive_handler
                0x0000000010001fc0       0x54 CMakeFiles/i2c_mpu9250.dir/home/aniket/pico/pico-sdk/src/rp2_common/hardware_irq/irq.c.obj
                0x0000000010001fc0                irq_set_exclusive_handler
 .text.irq_remove_handler
                0x0000000010002014      0x1ac CMakeFiles/i2c_mpu9250.dir/home/aniket/pico/pico-sdk/src/rp2_common/hardware_irq/irq.c.obj
                0x0000000010002014                irq_remove_handler
 .text.irq_add_tail_to_free_list
                0x00000000100021c0       0xf0 CMakeFiles/i2c_mpu9250.dir/home/aniket/pico/pico-sdk/src/rp2_common/hardware_irq/irq.c.obj
                0x00000000100021c0                irq_add_tail_to_free_list
 .text.irq_init_priorities
                0x00000000100022b0       0x1c CMakeFiles/i2c_mpu9250.dir/home/aniket/pico/pico-sdk/src/rp2_common/hardware_irq/irq.c.obj
                0x00000000100022b0                irq_init_priorities
 .text.pll_init
                0x00000000100022cc      0x118 CMakeFiles/i2c_mpu9250.dir/home/aniket/pico/pico-sdk/src/rp2_common/hardware_pll/pll.c.obj
                0x00000000100022cc                pll_init
 .text.watchdog_start_tick
                0x00000000100023e4       0x10 CMakeFiles/i2c_mpu9250.dir/home/aniket/pico/pico-sdk/src/rp2_common/hardware_watchdog/watchdog.c.obj
                0x00000000100023e4                watchdog_start_tick
 .text.xosc_init
                0x00000000100023f4       0x28 CMakeFiles/i2c_mpu9250.dir/home/aniket/pico/pico-sdk/src/rp2_common/hardware_xosc/xosc.c.obj
                0x00000000100023f4                xosc_init
 .text._out_null
                0x000000001000241c        0x2 CMakeFiles/i2c_mpu9250.dir/home/aniket/pico/pico-sdk/src/rp2_common/pico_printf/printf.c.obj
 .text._out_fct
                0x000000001000241e        0xe CMakeFiles/i2c_mpu9250.dir/home/aniket/pico/pico-sdk/src/rp2_common/pico_printf/printf.c.obj
 .text._atoi    0x000000001000242c       0x24 CMakeFiles/i2c_mpu9250.dir/home/aniket/pico/pico-sdk/src/rp2_common/pico_printf/printf.c.obj
 .text._out_rev
                0x0000000010002450       0xae CMakeFiles/i2c_mpu9250.dir/home/aniket/pico/pico-sdk/src/rp2_common/pico_printf/printf.c.obj
 .text._ntoa_format
                0x00000000100024fe      0x110 CMakeFiles/i2c_mpu9250.dir/home/aniket/pico/pico-sdk/src/rp2_common/pico_printf/printf.c.obj
 .text._ntoa_long
                0x000000001000260e       0xbc CMakeFiles/i2c_mpu9250.dir/home/aniket/pico/pico-sdk/src/rp2_common/pico_printf/printf.c.obj
 .text._ntoa_long_long
                0x00000000100026ca       0xe2 CMakeFiles/i2c_mpu9250.dir/home/aniket/pico/pico-sdk/src/rp2_common/pico_printf/printf.c.obj
 .text._etoa    0x00000000100027ac      0x40c CMakeFiles/i2c_mpu9250.dir/home/aniket/pico/pico-sdk/src/rp2_common/pico_printf/printf.c.obj
 .text._ftoa    0x0000000010002bb8      0x354 CMakeFiles/i2c_mpu9250.dir/home/aniket/pico/pico-sdk/src/rp2_common/pico_printf/printf.c.obj
 .text._vsnprintf
                0x0000000010002f0c      0x628 CMakeFiles/i2c_mpu9250.dir/home/aniket/pico/pico-sdk/src/rp2_common/pico_printf/printf.c.obj
 .text.vfctprintf
                0x0000000010003534       0x20 CMakeFiles/i2c_mpu9250.dir/home/aniket/pico/pico-sdk/src/rp2_common/pico_printf/printf.c.obj
                0x0000000010003534                vfctprintf
 .text          0x0000000010003554       0x10 CMakeFiles/i2c_mpu9250.dir/home/aniket/pico/pico-sdk/src/rp2_common/pico_bit_ops/bit_ops_aeabi.S.obj
 .text.rom_func_lookup
                0x0000000010003564       0x10 CMakeFiles/i2c_mpu9250.dir/home/aniket/pico/pico-sdk/src/rp2_common/pico_bootrom/bootrom.c.obj
                0x0000000010003564                rom_func_lookup
 .text.rom_data_lookup
                0x0000000010003574       0x10 CMakeFiles/i2c_mpu9250.dir/home/aniket/pico/pico-sdk/src/rp2_common/pico_bootrom/bootrom.c.obj
                0x0000000010003574                rom_data_lookup
 .text.rom_funcs_lookup
                0x0000000010003584       0x36 CMakeFiles/i2c_mpu9250.dir/home/aniket/pico/pico-sdk/src/rp2_common/pico_bootrom/bootrom.c.obj
                0x0000000010003584                rom_funcs_lookup
 *fill*         0x00000000100035ba        0x2 
 .text.__wrap___aeabi_idiv
                0x00000000100035bc       0x50 CMakeFiles/i2c_mpu9250.dir/home/aniket/pico/pico-sdk/src/rp2_common/pico_divider/divider.S.obj
                0x00000000100035bc                __wrap___aeabi_idivmod
                0x00000000100035bc                divmod_s32s32
                0x00000000100035bc                div_s32s32
                0x00000000100035bc                __wrap___aeabi_idiv
                0x00000000100035c4                divmod_s32s32_unsafe
                0x00000000100035f0                divmod_s32s32_savestate
 .text.__wrap___aeabi_uidiv
                0x000000001000360c       0x4c CMakeFiles/i2c_mpu9250.dir/home/aniket/pico/pico-sdk/src/rp2_common/pico_divider/divider.S.obj
                0x000000001000360c                __wrap___aeabi_uidiv
                0x000000001000360c                __wrap___aeabi_uidivmod
                0x000000001000360c                div_u32u32
                0x000000001000360c                divmod_u32u32
                0x0000000010003614                divmod_u32u32_unsafe
                0x000000001000363c                divmod_u32u32_savestate
 .text.__wrap___aeabi_ldiv
                0x0000000010003658      0x434 CMakeFiles/i2c_mpu9250.dir/home/aniket/pico/pico-sdk/src/rp2_common/pico_divider/divider.S.obj
                0x0000000010003658                div_s64s64
                0x0000000010003658                divmod_s64s64
                0x0000000010003658                __wrap___aeabi_ldivmod
                0x0000000010003690                div_u64u64
                0x0000000010003690                divmod_u64u64
                0x0000000010003690                __wrap___aeabi_uldivmod
                0x00000000100036a0                divmod_u64u64_savestate
                0x00000000100036c8                divmod_s64s64_unsafe
                0x0000000010003750                divmod_u64u64_unsafe
 .text.__wrap___aeabi_darithmetic
                0x0000000010003a8c       0x80 CMakeFiles/i2c_mpu9250.dir/home/aniket/pico/pico-sdk/src/rp2_common/pico_double/double_aeabi.S.obj
                0x0000000010003a8c                __wrap___aeabi_drsub
                0x0000000010003a92                __wrap___aeabi_dsub
                0x0000000010003aa4                __wrap___aeabi_dadd
                0x0000000010003ab6                __wrap___aeabi_ddiv
                0x0000000010003af2                __wrap___aeabi_dmul
 .text.__wrap___aeabi_cdcmple
                0x0000000010003b0c       0x6c CMakeFiles/i2c_mpu9250.dir/home/aniket/pico/pico-sdk/src/rp2_common/pico_double/double_aeabi.S.obj
                0x0000000010003b0c                __wrap___aeabi_cdrcmple
                0x0000000010003b1c                __wrap___aeabi_cdcmple
                0x0000000010003b1c                __wrap___aeabi_cdcmpeq
 .text.__wrap___aeabi_dcmplt
                0x0000000010003b78        0xc CMakeFiles/i2c_mpu9250.dir/home/aniket/pico/pico-sdk/src/rp2_common/pico_double/double_aeabi.S.obj
                0x0000000010003b78                __wrap___aeabi_dcmplt
 .text.__wrap___aeabi_dcmple
                0x0000000010003b84       0x10 CMakeFiles/i2c_mpu9250.dir/home/aniket/pico/pico-sdk/src/rp2_common/pico_double/double_aeabi.S.obj
                0x0000000010003b84                __wrap___aeabi_dcmple
 .text.__wrap___aeabi_dcmpge
                0x0000000010003b94       0x10 CMakeFiles/i2c_mpu9250.dir/home/aniket/pico/pico-sdk/src/rp2_common/pico_double/double_aeabi.S.obj
                0x0000000010003b94                __wrap___aeabi_dcmpge
 .text.__wrap___aeabi_dcmpgt
                0x0000000010003ba4        0xa CMakeFiles/i2c_mpu9250.dir/home/aniket/pico/pico-sdk/src/rp2_common/pico_double/double_aeabi.S.obj
                0x0000000010003ba4                __wrap___aeabi_dcmpgt
 .text.__wrap___aeabi_dcmpun
                0x0000000010003bae       0x1c CMakeFiles/i2c_mpu9250.dir/home/aniket/pico/pico-sdk/src/rp2_common/pico_double/double_aeabi.S.obj
                0x0000000010003bae                __wrap___aeabi_dcmpun
 *fill*         0x0000000010003bca        0x2 
 .text.__wrap___aeabi_i2d
                0x0000000010003bcc       0x38 CMakeFiles/i2c_mpu9250.dir/home/aniket/pico/pico-sdk/src/rp2_common/pico_double/double_aeabi.S.obj
                0x0000000010003bcc                __wrap___aeabi_ui2d
                0x0000000010003bd4                __wrap___aeabi_i2d
 .text.__wrap___aeabi_d2iz
                0x0000000010003c04       0x48 CMakeFiles/i2c_mpu9250.dir/home/aniket/pico/pico-sdk/src/rp2_common/pico_double/double_aeabi.S.obj
                0x0000000010003c04                __wrap___aeabi_d2iz
                0x0000000010003c04                double2int_z
 .text.__wrap___aeabi_d2uiz
                0x0000000010003c4c       0x18 CMakeFiles/i2c_mpu9250.dir/home/aniket/pico/pico-sdk/src/rp2_common/pico_double/double_aeabi.S.obj
                0x0000000010003c4c                double2uint
                0x0000000010003c4c                __wrap___aeabi_d2uiz
 .text.__aeabi_double_init
                0x0000000010003c64       0xc8 CMakeFiles/i2c_mpu9250.dir/home/aniket/pico/pico-sdk/src/rp2_common/pico_double/double_init_rom.c.obj
                0x0000000010003c64                __aeabi_double_init
 .text.double_table_shim_on_use_helper
                0x0000000010003d2c       0x34 CMakeFiles/i2c_mpu9250.dir/home/aniket/pico/pico-sdk/src/rp2_common/pico_double/double_v1_rom_shim.S.obj
                0x0000000010003d2c                double_table_shim_on_use_helper
 .text.__wrap___aeabi_dsub
                0x0000000010003d60       0x10 CMakeFiles/i2c_mpu9250.dir/home/aniket/pico/pico-sdk/src/rp2_common/pico_double/double_v1_rom_shim.S.obj
                0x0000000010003d60                drsub_shim
                0x0000000010003d66                dsub_shim
 .text.dadd_shim
                0x0000000010003d70      0x15c CMakeFiles/i2c_mpu9250.dir/home/aniket/pico/pico-sdk/src/rp2_common/pico_double/double_v1_rom_shim.S.obj
                0x0000000010003d70                dadd_shim
 .text.dmul_shim
                0x0000000010003ecc      0x15c CMakeFiles/i2c_mpu9250.dir/home/aniket/pico/pico-sdk/src/rp2_common/pico_double/double_v1_rom_shim.S.obj
                0x0000000010003ecc                dmul_shim
 .text.ddiv_shim
                0x0000000010004028      0x1b0 CMakeFiles/i2c_mpu9250.dir/home/aniket/pico/pico-sdk/src/rp2_common/pico_double/double_v1_rom_shim.S.obj
                0x0000000010004028                ddiv_shim
 .text.double2uint_shim
                0x00000000100041d8        0xe CMakeFiles/i2c_mpu9250.dir/home/aniket/pico/pico-sdk/src/rp2_common/pico_double/double_v1_rom_shim.S.obj
                0x00000000100041d8                double2uint_shim
                0x00000000100041da                double2ufix_shim
 *fill*         0x00000000100041e6        0x2 
 .text.double2uint64_shim
                0x00000000100041e8       0x70 CMakeFiles/i2c_mpu9250.dir/home/aniket/pico/pico-sdk/src/rp2_common/pico_double/double_v1_rom_shim.S.obj
                0x00000000100041e8                double2uint64_shim
                0x00000000100041ea                double2ufix64_shim
                0x000000001000420a                d2fix_a
 .text.dunpacks
                0x0000000010004258       0x3c CMakeFiles/i2c_mpu9250.dir/home/aniket/pico/pico-sdk/src/rp2_common/pico_double/double_v1_rom_shim.S.obj
                0x0000000010004258                dunpacks
 .text.__aeabi_lmul
                0x0000000010004294       0x32 CMakeFiles/i2c_mpu9250.dir/home/aniket/pico/pico-sdk/src/rp2_common/pico_int64_ops/pico_int64_ops_aeabi.S.obj
                0x0000000010004294                __wrap___aeabi_lmul
 *fill*         0x00000000100042c6        0x2 
 .text.__wrap___aeabi_farithmetic
                0x00000000100042c8       0x58 CMakeFiles/i2c_mpu9250.dir/home/aniket/pico/pico-sdk/src/rp2_common/pico_float/float_aeabi.S.obj
                0x00000000100042c8                __wrap___aeabi_frsub
                0x00000000100042ce                __wrap___aeabi_fsub
                0x00000000100042d8                __wrap___aeabi_fadd
                0x00000000100042e2                __wrap___aeabi_fdiv
                0x000000001000430e                __wrap___aeabi_fmul
 .text.__wrap___aeabi_cfcmple
                0x0000000010004320       0x50 CMakeFiles/i2c_mpu9250.dir/home/aniket/pico/pico-sdk/src/rp2_common/pico_float/float_aeabi.S.obj
                0x0000000010004320                __wrap___aeabi_cfrcmple
                0x000000001000432c                __wrap___aeabi_cfcmpeq
                0x000000001000432c                __wrap___aeabi_cfcmple
 .text.__wrap___aeabi_fcmpgt
                0x0000000010004370        0xa CMakeFiles/i2c_mpu9250.dir/home/aniket/pico/pico-sdk/src/rp2_common/pico_float/float_aeabi.S.obj
                0x0000000010004370                __wrap___aeabi_fcmpgt
 *fill*         0x000000001000437a        0x2 
 .text.__wrap___aeabi_i2f
                0x000000001000437c       0x44 CMakeFiles/i2c_mpu9250.dir/home/aniket/pico/pico-sdk/src/rp2_common/pico_float/float_aeabi.S.obj
                0x000000001000437c                __wrap___aeabi_i2f
 .text.__wrap___aeabi_f2d
                0x00000000100043c0       0x14 CMakeFiles/i2c_mpu9250.dir/home/aniket/pico/pico-sdk/src/rp2_common/pico_float/float_aeabi.S.obj
                0x00000000100043c0                __wrap___aeabi_f2d
 .text.__aeabi_float_init
                0x00000000100043d4       0xfc CMakeFiles/i2c_mpu9250.dir/home/aniket/pico/pico-sdk/src/rp2_common/pico_float/float_init_rom.c.obj
                0x00000000100043d4                __aeabi_float_init
 .text.float_table_shim_on_use_helper
                0x00000000100044d0       0x34 CMakeFiles/i2c_mpu9250.dir/home/aniket/pico/pico-sdk/src/rp2_common/pico_float/float_v1_rom_shim.S.obj
                0x00000000100044d0                float_table_shim_on_use_helper
 .text.float2double_shim
                0x0000000010004504       0x30 CMakeFiles/i2c_mpu9250.dir/home/aniket/pico/pico-sdk/src/rp2_common/pico_float/float_v1_rom_shim.S.obj
                0x0000000010004504                float2double_shim
 .text.__wrap_malloc
                0x0000000010004534       0x24 CMakeFiles/i2c_mpu9250.dir/home/aniket/pico/pico-sdk/src/rp2_common/pico_malloc/pico_malloc.c.obj
                0x0000000010004534                __wrap_malloc
 .text.__wrap_free
                0x0000000010004558        0x8 CMakeFiles/i2c_mpu9250.dir/home/aniket/pico/pico-sdk/src/rp2_common/pico_malloc/pico_malloc.c.obj
                0x0000000010004558                __wrap_free
 .text          0x0000000010004560       0x10 CMakeFiles/i2c_mpu9250.dir/home/aniket/pico/pico-sdk/src/rp2_common/pico_mem_ops/mem_ops_aeabi.S.obj
                0x0000000010004560                __aeabi_mem_init
 .text.memset   0x0000000010004570        0xc CMakeFiles/i2c_mpu9250.dir/home/aniket/pico/pico-sdk/src/rp2_common/pico_mem_ops/mem_ops_aeabi.S.obj
                0x0000000010004570                __wrap_memset
 .text.memcpy   0x000000001000457c        0xc CMakeFiles/i2c_mpu9250.dir/home/aniket/pico/pico-sdk/src/rp2_common/pico_mem_ops/mem_ops_aeabi.S.obj
                0x000000001000457c                __wrap___aeabi_memcpy
                0x000000001000457c                __wrap_memcpy
 .text.stdio_out_chars_no_crlf
                0x0000000010004588        0xe CMakeFiles/i2c_mpu9250.dir/home/aniket/pico/pico-sdk/src/rp2_common/pico_stdio/stdio.c.obj
 *fill*         0x0000000010004596        0x2 
 .text.stdio_out_chars_crlf
                0x0000000010004598       0x80 CMakeFiles/i2c_mpu9250.dir/home/aniket/pico/pico-sdk/src/rp2_common/pico_stdio/stdio.c.obj
 .text.stdio_stack_buffer_flush
                0x0000000010004618       0x44 CMakeFiles/i2c_mpu9250.dir/home/aniket/pico/pico-sdk/src/rp2_common/pico_stdio/stdio.c.obj
 .text.stdio_buffered_printer
                0x000000001000465c       0x20 CMakeFiles/i2c_mpu9250.dir/home/aniket/pico/pico-sdk/src/rp2_common/pico_stdio/stdio.c.obj
 .text.stdout_serialize_begin
                0x000000001000467c       0x30 CMakeFiles/i2c_mpu9250.dir/home/aniket/pico/pico-sdk/src/rp2_common/pico_stdio/stdio.c.obj
                0x000000001000467c                stdout_serialize_begin
 .text.stdout_serialize_end
                0x00000000100046ac       0x10 CMakeFiles/i2c_mpu9250.dir/home/aniket/pico/pico-sdk/src/rp2_common/pico_stdio/stdio.c.obj
                0x00000000100046ac                stdout_serialize_end
 .text.stdio_put_string
                0x00000000100046bc       0x98 CMakeFiles/i2c_mpu9250.dir/home/aniket/pico/pico-sdk/src/rp2_common/pico_stdio/stdio.c.obj
 .text.stdio_set_driver_enabled
                0x0000000010004754       0x38 CMakeFiles/i2c_mpu9250.dir/home/aniket/pico/pico-sdk/src/rp2_common/pico_stdio/stdio.c.obj
                0x0000000010004754                stdio_set_driver_enabled
 .text.stdio_flush
                0x000000001000478c       0x20 CMakeFiles/i2c_mpu9250.dir/home/aniket/pico/pico-sdk/src/rp2_common/pico_stdio/stdio.c.obj
                0x000000001000478c                stdio_flush
 .text.__wrap_puts
                0x00000000100047ac       0x1e CMakeFiles/i2c_mpu9250.dir/home/aniket/pico/pico-sdk/src/rp2_common/pico_stdio/stdio.c.obj
                0x00000000100047ac                __wrap_puts
 *fill*         0x00000000100047ca        0x2 
 .text.__wrap_vprintf
                0x00000000100047cc       0x44 CMakeFiles/i2c_mpu9250.dir/home/aniket/pico/pico-sdk/src/rp2_common/pico_stdio/stdio.c.obj
                0x00000000100047cc                __wrap_vprintf
 .text.__wrap_printf
                0x0000000010004810       0x18 CMakeFiles/i2c_mpu9250.dir/home/aniket/pico/pico-sdk/src/rp2_common/pico_stdio/stdio.c.obj
                0x0000000010004810                __wrap_printf
 .text.stdio_init_all
                0x0000000010004828        0x8 CMakeFiles/i2c_mpu9250.dir/home/aniket/pico/pico-sdk/src/rp2_common/pico_stdio/stdio.c.obj
                0x0000000010004828                stdio_init_all
 .text.stdio_uart_out_chars
                0x0000000010004830       0x74 CMakeFiles/i2c_mpu9250.dir/home/aniket/pico/pico-sdk/src/rp2_common/pico_stdio_uart/stdio_uart.c.obj
 .text.stdio_uart_in_chars
                0x00000000100048a4       0x54 CMakeFiles/i2c_mpu9250.dir/home/aniket/pico/pico-sdk/src/rp2_common/pico_stdio_uart/stdio_uart.c.obj
                0x00000000100048a4                stdio_uart_in_chars
 .text.stdio_uart_init_full
                0x00000000100048f8       0x3c CMakeFiles/i2c_mpu9250.dir/home/aniket/pico/pico-sdk/src/rp2_common/pico_stdio_uart/stdio_uart.c.obj
                0x00000000100048f8                stdio_uart_init_full
 .text.stdio_uart_init
                0x0000000010004934       0x28 CMakeFiles/i2c_mpu9250.dir/home/aniket/pico/pico-sdk/src/rp2_common/pico_stdio_uart/stdio_uart.c.obj
                0x0000000010004934                stdio_uart_init
 .text.i2c_write_blocking_internal
                0x000000001000495c      0x13c CMakeFiles/i2c_mpu9250.dir/home/aniket/pico/pico-sdk/src/rp2_common/hardware_i2c/i2c.c.obj
 .text.i2c_read_blocking_internal
                0x0000000010004a98       0xe0 CMakeFiles/i2c_mpu9250.dir/home/aniket/pico/pico-sdk/src/rp2_common/hardware_i2c/i2c.c.obj
 .text.i2c_deinit
                0x0000000010004b78       0x1c CMakeFiles/i2c_mpu9250.dir/home/aniket/pico/pico-sdk/src/rp2_common/hardware_i2c/i2c.c.obj
                0x0000000010004b78                i2c_deinit
 .text.i2c_set_baudrate
                0x0000000010004b94       0xf0 CMakeFiles/i2c_mpu9250.dir/home/aniket/pico/pico-sdk/src/rp2_common/hardware_i2c/i2c.c.obj
                0x0000000010004b94                i2c_set_baudrate
 .text.i2c_init
                0x0000000010004c84       0x58 CMakeFiles/i2c_mpu9250.dir/home/aniket/pico/pico-sdk/src/rp2_common/hardware_i2c/i2c.c.obj
                0x0000000010004c84                i2c_init
 .text.i2c_write_blocking
                0x0000000010004cdc       0x18 CMakeFiles/i2c_mpu9250.dir/home/aniket/pico/pico-sdk/src/rp2_common/hardware_i2c/i2c.c.obj
                0x0000000010004cdc                i2c_write_blocking
 .text.i2c_read_blocking
                0x0000000010004cf4       0x18 CMakeFiles/i2c_mpu9250.dir/home/aniket/pico/pico-sdk/src/rp2_common/hardware_i2c/i2c.c.obj
                0x0000000010004cf4                i2c_read_blocking
 .text.__cxa_end_cleanup
                0x0000000010004d0c        0xc /usr/lib/gcc/arm-none-eabi/9.2.1/../../../arm-none-eabi/lib/thumb/v6-m/nofp/libstdc++.a(eh_arm.o)
                0x0000000010004d0c                __cxa_end_cleanup
 .text.__cxa_type_match
                0x0000000010004d18       0xd0 /usr/lib/gcc/arm-none-eabi/9.2.1/../../../arm-none-eabi/lib/thumb/v6-m/nofp/libstdc++.a(eh_arm.o)
                0x0000000010004d18                __cxa_type_match
 .text.__cxa_begin_cleanup
                0x0000000010004de8       0x60 /usr/lib/gcc/arm-none-eabi/9.2.1/../../../arm-none-eabi/lib/thumb/v6-m/nofp/libstdc++.a(eh_arm.o)
                0x0000000010004de8                __cxa_begin_cleanup
 .text.__gnu_end_cleanup
                0x0000000010004e48       0x70 /usr/lib/gcc/arm-none-eabi/9.2.1/../../../arm-none-eabi/lib/thumb/v6-m/nofp/libstdc++.a(eh_arm.o)
                0x0000000010004e48                __gnu_end_cleanup
 .text._ZNSt13bad_exceptionD2Ev
                0x0000000010004eb8        0x4 /usr/lib/gcc/arm-none-eabi/9.2.1/../../../arm-none-eabi/lib/thumb/v6-m/nofp/libstdc++.a(eh_exception.o)
                0x0000000010004eb8                std::bad_exception::~bad_exception()
                0x0000000010004eb8                std::bad_exception::~bad_exception()
 .text._ZNKSt13bad_exception4whatEv
                0x0000000010004ebc        0x8 /usr/lib/gcc/arm-none-eabi/9.2.1/../../../arm-none-eabi/lib/thumb/v6-m/nofp/libstdc++.a(eh_exception.o)
                0x0000000010004ebc                transaction clone for std::bad_exception::what() const
                0x0000000010004ebc                std::bad_exception::what() const
 .text._ZNSt13bad_exceptionD0Ev
                0x0000000010004ec4       0x10 /usr/lib/gcc/arm-none-eabi/9.2.1/../../../arm-none-eabi/lib/thumb/v6-m/nofp/libstdc++.a(eh_exception.o)
                0x0000000010004ec4                std::bad_exception::~bad_exception()
 .text.__cxa_get_globals_fast
                0x0000000010004ed4        0x8 /usr/lib/gcc/arm-none-eabi/9.2.1/../../../arm-none-eabi/lib/thumb/v6-m/nofp/libstdc++.a(eh_globals.o)
                0x0000000010004ed4                __cxa_get_globals_fast
 .text.__cxa_get_globals
                0x0000000010004edc        0x8 /usr/lib/gcc/arm-none-eabi/9.2.1/../../../arm-none-eabi/lib/thumb/v6-m/nofp/libstdc++.a(eh_globals.o)
                0x0000000010004edc                __cxa_get_globals
 .text._ZL28read_encoded_value_with_basehjPKhPj
                0x0000000010004ee4      0x114 /usr/lib/gcc/arm-none-eabi/9.2.1/../../../arm-none-eabi/lib/thumb/v6-m/nofp/libstdc++.a(eh_personality.o)
 .text._ZL21base_of_encoded_valuehP15_Unwind_Context
                0x0000000010004ff8       0x48 /usr/lib/gcc/arm-none-eabi/9.2.1/../../../arm-none-eabi/lib/thumb/v6-m/nofp/libstdc++.a(eh_personality.o)
 .text._ZL17parse_lsda_headerP15_Unwind_ContextPKhP16lsda_header_info
                0x0000000010005040       0x98 /usr/lib/gcc/arm-none-eabi/9.2.1/../../../arm-none-eabi/lib/thumb/v6-m/nofp/libstdc++.a(eh_personality.o)
 .text.__gxx_personality_v0
                0x00000000100050d8      0x4a4 /usr/lib/gcc/arm-none-eabi/9.2.1/../../../arm-none-eabi/lib/thumb/v6-m/nofp/libstdc++.a(eh_personality.o)
                0x00000000100050d8                __gxx_personality_v0
 .text._ZN10__cxxabiv111__terminateEPFvvE
                0x000000001000557c       0x28 /usr/lib/gcc/arm-none-eabi/9.2.1/../../../arm-none-eabi/lib/thumb/v6-m/nofp/libstdc++.a(eh_terminate.o)
                0x000000001000557c                __cxxabiv1::__terminate(void (*)())
 .text._ZSt9terminatev
                0x00000000100055a4       0x10 /usr/lib/gcc/arm-none-eabi/9.2.1/../../../arm-none-eabi/lib/thumb/v6-m/nofp/libstdc++.a(eh_terminate.o)
                0x00000000100055a4                std::terminate()
 .text._ZN10__cxxabiv112__unexpectedEPFvvE
                0x00000000100055b4        0x8 /usr/lib/gcc/arm-none-eabi/9.2.1/../../../arm-none-eabi/lib/thumb/v6-m/nofp/libstdc++.a(eh_terminate.o)
                0x00000000100055b4                __cxxabiv1::__unexpected(void (*)())
 .text._ZSt10unexpectedv
                0x00000000100055bc       0x10 /usr/lib/gcc/arm-none-eabi/9.2.1/../../../arm-none-eabi/lib/thumb/v6-m/nofp/libstdc++.a(eh_terminate.o)
                0x00000000100055bc                std::unexpected()
 .text._ZSt13get_terminatev
                0x00000000100055cc        0xc /usr/lib/gcc/arm-none-eabi/9.2.1/../../../arm-none-eabi/lib/thumb/v6-m/nofp/libstdc++.a(eh_terminate.o)
                0x00000000100055cc                std::get_terminate()
 .text._ZSt14get_unexpectedv
                0x00000000100055d8        0xc /usr/lib/gcc/arm-none-eabi/9.2.1/../../../arm-none-eabi/lib/thumb/v6-m/nofp/libstdc++.a(eh_terminate.o)
                0x00000000100055d8                std::get_unexpected()
 .text._ZN10__cxxabiv120__si_class_type_infoD2Ev
                0x00000000100055e4       0x18 /usr/lib/gcc/arm-none-eabi/9.2.1/../../../arm-none-eabi/lib/thumb/v6-m/nofp/libstdc++.a(si_class_type_info.o)
                0x00000000100055e4                __cxxabiv1::__si_class_type_info::~__si_class_type_info()
                0x00000000100055e4                __cxxabiv1::__si_class_type_info::~__si_class_type_info()
 .text._ZN10__cxxabiv120__si_class_type_infoD0Ev
                0x00000000100055fc       0x20 /usr/lib/gcc/arm-none-eabi/9.2.1/../../../arm-none-eabi/lib/thumb/v6-m/nofp/libstdc++.a(si_class_type_info.o)
                0x00000000100055fc                __cxxabiv1::__si_class_type_info::~__si_class_type_info()
 .text._ZNK10__cxxabiv120__si_class_type_info20__do_find_public_srcEiPKvPKNS_17__class_type_infoES2_
                0x000000001000561c       0x38 /usr/lib/gcc/arm-none-eabi/9.2.1/../../../arm-none-eabi/lib/thumb/v6-m/nofp/libstdc++.a(si_class_type_info.o)
                0x000000001000561c                __cxxabiv1::__si_class_type_info::__do_find_public_src(int, void const*, __cxxabiv1::__class_type_info const*, void const*) const
 .text._ZNK10__cxxabiv120__si_class_type_info12__do_dyncastEiNS_17__class_type_info10__sub_kindEPKS1_PKvS4_S6_RNS1_16__dyncast_resultE
                0x0000000010005654       0x9c /usr/lib/gcc/arm-none-eabi/9.2.1/../../../arm-none-eabi/lib/thumb/v6-m/nofp/libstdc++.a(si_class_type_info.o)
                0x0000000010005654                __cxxabiv1::__si_class_type_info::__do_dyncast(int, __cxxabiv1::__class_type_info::__sub_kind, __cxxabiv1::__class_type_info const*, void const*, __cxxabiv1::__class_type_info const*, void const*, __cxxabiv1::__class_type_info::__dyncast_result&) const
 .text._ZNK10__cxxabiv120__si_class_type_info11__do_upcastEPKNS_17__class_type_infoEPKvRNS1_15__upcast_resultE
                0x00000000100056f0       0x24 /usr/lib/gcc/arm-none-eabi/9.2.1/../../../arm-none-eabi/lib/thumb/v6-m/nofp/libstdc++.a(si_class_type_info.o)
                0x00000000100056f0                __cxxabiv1::__si_class_type_info::__do_upcast(__cxxabiv1::__class_type_info const*, void const*, __cxxabiv1::__class_type_info::__upcast_result&) const
 .text._ZNSt9type_infoD2Ev
                0x0000000010005714        0x4 /usr/lib/gcc/arm-none-eabi/9.2.1/../../../arm-none-eabi/lib/thumb/v6-m/nofp/libstdc++.a(tinfo.o)
                0x0000000010005714                std::type_info::~type_info()
                0x0000000010005714                std::type_info::~type_info()
 .text._ZNKSt9type_info14__is_pointer_pEv
                0x0000000010005718        0x4 /usr/lib/gcc/arm-none-eabi/9.2.1/../../../arm-none-eabi/lib/thumb/v6-m/nofp/libstdc++.a(tinfo.o)
                0x0000000010005718                std::type_info::__is_function_p() const
                0x0000000010005718                std::type_info::__is_pointer_p() const
 .text._ZNKSt9type_infoeqERKS_
                0x000000001000571c       0x30 /usr/lib/gcc/arm-none-eabi/9.2.1/../../../arm-none-eabi/lib/thumb/v6-m/nofp/libstdc++.a(tinfo.o)
                0x000000001000571c                std::type_info::operator==(std::type_info const&) const
 .text._ZNK10__cxxabiv117__class_type_info11__do_upcastEPKS0_PPv
                0x000000001000574c       0x38 /usr/lib/gcc/arm-none-eabi/9.2.1/../../../arm-none-eabi/lib/thumb/v6-m/nofp/libstdc++.a(class_type_info.o)
                0x000000001000574c                __cxxabiv1::__class_type_info::__do_upcast(__cxxabiv1::__class_type_info const*, void**) const
 .text._ZNK10__cxxabiv117__class_type_info20__do_find_public_srcEiPKvPKS0_S2_
                0x0000000010005784       0x14 /usr/lib/gcc/arm-none-eabi/9.2.1/../../../arm-none-eabi/lib/thumb/v6-m/nofp/libstdc++.a(class_type_info.o)
                0x0000000010005784                __cxxabiv1::__class_type_info::__do_find_public_src(int, void const*, __cxxabiv1::__class_type_info const*, void const*) const
 .text._ZN10__cxxabiv117__class_type_infoD2Ev
                0x0000000010005798       0x18 /usr/lib/gcc/arm-none-eabi/9.2.1/../../../arm-none-eabi/lib/thumb/v6-m/nofp/libstdc++.a(class_type_info.o)
                0x0000000010005798                __cxxabiv1::__class_type_info::~__class_type_info()
                0x0000000010005798                __cxxabiv1::__class_type_info::~__class_type_info()
 .text._ZN10__cxxabiv117__class_type_infoD0Ev
                0x00000000100057b0       0x20 /usr/lib/gcc/arm-none-eabi/9.2.1/../../../arm-none-eabi/lib/thumb/v6-m/nofp/libstdc++.a(class_type_info.o)
                0x00000000100057b0                __cxxabiv1::__class_type_info::~__class_type_info()
 .text._ZNK10__cxxabiv117__class_type_info12__do_dyncastEiNS0_10__sub_kindEPKS0_PKvS3_S5_RNS0_16__dyncast_resultE
                0x00000000100057d0       0x40 /usr/lib/gcc/arm-none-eabi/9.2.1/../../../arm-none-eabi/lib/thumb/v6-m/nofp/libstdc++.a(class_type_info.o)
                0x00000000100057d0                __cxxabiv1::__class_type_info::__do_dyncast(int, __cxxabiv1::__class_type_info::__sub_kind, __cxxabiv1::__class_type_info const*, void const*, __cxxabiv1::__class_type_info const*, void const*, __cxxabiv1::__class_type_info::__dyncast_result&) const
 .text._ZNK10__cxxabiv117__class_type_info11__do_upcastEPKS0_PKvRNS0_15__upcast_resultE
                0x0000000010005810       0x1c /usr/lib/gcc/arm-none-eabi/9.2.1/../../../arm-none-eabi/lib/thumb/v6-m/nofp/libstdc++.a(class_type_info.o)
                0x0000000010005810                __cxxabiv1::__class_type_info::__do_upcast(__cxxabiv1::__class_type_info const*, void const*, __cxxabiv1::__class_type_info::__upcast_result&) const
 .text._ZNK10__cxxabiv117__class_type_info10__do_catchEPKSt9type_infoPPvj
                0x000000001000582c       0x24 /usr/lib/gcc/arm-none-eabi/9.2.1/../../../arm-none-eabi/lib/thumb/v6-m/nofp/libstdc++.a(class_type_info.o)
                0x000000001000582c                __cxxabiv1::__class_type_info::__do_catch(std::type_info const*, void**, unsigned int) const
 .text._ZdlPvj  0x0000000010005850        0x8 /usr/lib/gcc/arm-none-eabi/9.2.1/../../../arm-none-eabi/lib/thumb/v6-m/nofp/libstdc++.a(del_ops.o)
                0x0000000010005850                operator delete(void*, unsigned int)
 .text._ZN10__cxxabiv1L24__is_gxx_exception_classEPc
                0x0000000010005858       0x3c /usr/lib/gcc/arm-none-eabi/9.2.1/../../../arm-none-eabi/lib/thumb/v6-m/nofp/libstdc++.a(eh_call.o)
 .text.__cxa_call_terminate
                0x0000000010005894       0x20 /usr/lib/gcc/arm-none-eabi/9.2.1/../../../arm-none-eabi/lib/thumb/v6-m/nofp/libstdc++.a(eh_call.o)
                0x0000000010005894                __cxa_call_terminate
 .text.unlikely.__cxa_call_unexpected
                0x00000000100058b4      0x100 /usr/lib/gcc/arm-none-eabi/9.2.1/../../../arm-none-eabi/lib/thumb/v6-m/nofp/libstdc++.a(eh_call.o)
                0x00000000100058b4                __cxa_call_unexpected
 .text.__cxa_begin_catch
                0x00000000100059b4       0x74 /usr/lib/gcc/arm-none-eabi/9.2.1/../../../arm-none-eabi/lib/thumb/v6-m/nofp/libstdc++.a(eh_catch.o)
                0x00000000100059b4                __cxa_begin_catch
 .text.__cxa_end_catch
                0x0000000010005a28       0x90 /usr/lib/gcc/arm-none-eabi/9.2.1/../../../arm-none-eabi/lib/thumb/v6-m/nofp/libstdc++.a(eh_catch.o)
                0x0000000010005a28                __cxa_end_catch
 .text._ZL23__gxx_exception_cleanup19_Unwind_Reason_CodeP21_Unwind_Control_Block
                0x0000000010005ab8       0x34 /usr/lib/gcc/arm-none-eabi/9.2.1/../../../arm-none-eabi/lib/thumb/v6-m/nofp/libstdc++.a(eh_throw.o)
 .text.__cxa_init_primary_exception
                0x0000000010005aec       0x4c /usr/lib/gcc/arm-none-eabi/9.2.1/../../../arm-none-eabi/lib/thumb/v6-m/nofp/libstdc++.a(eh_throw.o)
                0x0000000010005aec                __cxa_init_primary_exception
 .text.__cxa_throw
                0x0000000010005b38       0x34 /usr/lib/gcc/arm-none-eabi/9.2.1/../../../arm-none-eabi/lib/thumb/v6-m/nofp/libstdc++.a(eh_throw.o)
                0x0000000010005b38                __cxa_throw
 .text.__cxa_rethrow
                0x0000000010005b6c       0x70 /usr/lib/gcc/arm-none-eabi/9.2.1/../../../arm-none-eabi/lib/thumb/v6-m/nofp/libstdc++.a(eh_throw.o)
                0x0000000010005b6c                __cxa_rethrow
 .text._ZdlPv   0x0000000010005bdc        0x8 /usr/lib/gcc/arm-none-eabi/9.2.1/../../../arm-none-eabi/lib/thumb/v6-m/nofp/libstdc++.a(del_op.o)
                0x0000000010005bdc                operator delete(void*)
 .text._ZN12_GLOBAL__N_14pool4freeEPv.constprop.0
                0x0000000010005be4       0x78 /usr/lib/gcc/arm-none-eabi/9.2.1/../../../arm-none-eabi/lib/thumb/v6-m/nofp/libstdc++.a(eh_alloc.o)
 .text._ZN12_GLOBAL__N_14pool8allocateEj.constprop.0
                0x0000000010005c5c       0x50 /usr/lib/gcc/arm-none-eabi/9.2.1/../../../arm-none-eabi/lib/thumb/v6-m/nofp/libstdc++.a(eh_alloc.o)
 .text.__cxa_allocate_exception
                0x0000000010005cac       0x2c /usr/lib/gcc/arm-none-eabi/9.2.1/../../../arm-none-eabi/lib/thumb/v6-m/nofp/libstdc++.a(eh_alloc.o)
                0x0000000010005cac                __cxa_allocate_exception
 .text.__cxa_free_exception
                0x0000000010005cd8       0x24 /usr/lib/gcc/arm-none-eabi/9.2.1/../../../arm-none-eabi/lib/thumb/v6-m/nofp/libstdc++.a(eh_alloc.o)
                0x0000000010005cd8                __cxa_free_exception
 .text.startup._GLOBAL__sub_I__ZN9__gnu_cxx9__freeresEv
                0x0000000010005cfc       0x2c /usr/lib/gcc/arm-none-eabi/9.2.1/../../../arm-none-eabi/lib/thumb/v6-m/nofp/libstdc++.a(eh_alloc.o)
 .text          0x0000000010005d28       0x10 /usr/lib/gcc/arm-none-eabi/9.2.1/../../../arm-none-eabi/lib/thumb/v6-m/nofp/libg.a(lib_a-abort.o)
                0x0000000010005d28                abort
 .text          0x0000000010005d38       0x28 /usr/lib/gcc/arm-none-eabi/9.2.1/../../../arm-none-eabi/lib/thumb/v6-m/nofp/libg.a(lib_a-malloc.o)
                0x0000000010005d38                malloc
                0x0000000010005d4c                free
 .text          0x0000000010005d60      0x58c /usr/lib/gcc/arm-none-eabi/9.2.1/../../../arm-none-eabi/lib/thumb/v6-m/nofp/libg.a(lib_a-mallocr.o)
                0x0000000010005d60                _malloc_r
 .text          0x00000000100062ec        0x8 /usr/lib/gcc/arm-none-eabi/9.2.1/../../../arm-none-eabi/lib/thumb/v6-m/nofp/libg.a(lib_a-mlock.o)
                0x00000000100062ec                __malloc_lock
                0x00000000100062f0                __malloc_unlock
 .text          0x00000000100062f4       0x24 /usr/lib/gcc/arm-none-eabi/9.2.1/../../../arm-none-eabi/lib/thumb/v6-m/nofp/libg.a(lib_a-sbrkr.o)
                0x00000000100062f4                _sbrk_r
 .text          0x0000000010006318      0x190 /usr/lib/gcc/arm-none-eabi/9.2.1/../../../arm-none-eabi/lib/thumb/v6-m/nofp/libg.a(lib_a-signal.o)
                0x0000000010006344                _init_signal_r
                0x0000000010006360                _signal_r
                0x000000001000639c                _raise_r
                0x00000000100063f8                __sigtramp_r
                0x0000000010006448                raise
                0x000000001000645c                signal
                0x0000000010006474                _init_signal
                0x0000000010006494                __sigtramp
 .text          0x00000000100064a8       0x30 /usr/lib/gcc/arm-none-eabi/9.2.1/../../../arm-none-eabi/lib/thumb/v6-m/nofp/libg.a(lib_a-signalr.o)
                0x00000000100064a8                _kill_r
                0x00000000100064d0                _getpid_r
 .text          0x00000000100064d8       0x88 /usr/lib/gcc/arm-none-eabi/9.2.1/../../../arm-none-eabi/lib/thumb/v6-m/nofp/libg.a(lib_a-strcmp.o)
                0x00000000100064d8                strcmp
 .text          0x0000000010006560       0x68 /usr/lib/gcc/arm-none-eabi/9.2.1/../../../arm-none-eabi/lib/thumb/v6-m/nofp/libg.a(lib_a-strlen-stub.o)
                0x0000000010006560                strlen
 .text          0x00000000100065c8      0x27c /usr/lib/gcc/arm-none-eabi/9.2.1/../../../arm-none-eabi/lib/thumb/v6-m/nofp/libg.a(lib_a-freer.o)
                0x00000000100065c8                _malloc_trim_r
                0x0000000010006668                _free_r
 .text          0x0000000010006844       0x10 /usr/lib/gcc/arm-none-eabi/9.2.1/../../../arm-none-eabi/lib/thumb/v6-m/nofp/libnosys.a(getpid.o)
                0x0000000010006844                _getpid
 .text          0x0000000010006854       0x10 /usr/lib/gcc/arm-none-eabi/9.2.1/../../../arm-none-eabi/lib/thumb/v6-m/nofp/libnosys.a(kill.o)
                0x0000000010006854                _kill
 *(.fini)
 .fini          0x0000000010006864        0x4 /usr/lib/gcc/arm-none-eabi/9.2.1/thumb/v6-m/nofp/crti.o
                0x0000000010006864                _fini
 .fini.__stub   0x0000000010006868      0x110 linker stubs
 *crtbegin.o(.ctors)
 *crtbegin?.o(.ctors)
 *(EXCLUDE_FILE(*crtend.o *crtend?.o) .ctors)
 *(SORT_BY_NAME(.ctors.*))
 *(.ctors)
 *crtbegin.o(.dtors)
 *crtbegin?.o(.dtors)
 *(EXCLUDE_FILE(*crtend.o *crtend?.o) .dtors)
 *(SORT_BY_NAME(.dtors.*))
 *(.dtors)
 *(.eh_frame*)
 .eh_frame      0x0000000010006978        0x0 /usr/lib/gcc/arm-none-eabi/9.2.1/thumb/v6-m/nofp/crtbegin.o
                0x0000000010006978                . = ALIGN (0x4)

.glue_7         0x0000000010006978        0x0
 .glue_7        0x0000000010006978        0x0 linker stubs

.glue_7t        0x0000000010006978        0x0
 .glue_7t       0x0000000010006978        0x0 linker stubs

.vfp11_veneer   0x0000000010006978        0x0
 .vfp11_veneer  0x0000000010006978        0x0 linker stubs

.v4_bx          0x0000000010006978        0x0
 .v4_bx         0x0000000010006978        0x0 linker stubs

.iplt           0x0000000010006978        0x0
 .iplt          0x0000000010006978        0x0 /usr/lib/gcc/arm-none-eabi/9.2.1/thumb/v6-m/nofp/crtbegin.o

.rodata         0x0000000010006978     0x1104
 *(EXCLUDE_FILE(*libm.a: *libc.a:*lib_a-mem*.o *libgcc.a:) .rodata*)
 .rodata._ZN7MPU9250C2EP8i2c_instjj24MPU9250_ACCEL_FULL_SCALE23MPU9250_GYRO_FULL_SCALE.str1.4
                0x0000000010006978       0x24 CMakeFiles/i2c_mpu9250.dir/src/i2c_mpu9250.cpp.obj
 .rodata.main.str1.4
                0x000000001000699c       0x3b CMakeFiles/i2c_mpu9250.dir/main.cpp.obj
 *fill*         0x00000000100069d7        0x1 
 .rodata.repeating_timer_callback.str1.4
                0x00000000100069d8       0x4b CMakeFiles/i2c_mpu9250.dir/home/aniket/pico/pico-sdk/src/common/pico_time/time.c.obj
 *fill*         0x0000000010006a23        0x1 
 .rodata.alarm_pool_dump_key.str1.4
                0x0000000010006a24       0x33 CMakeFiles/i2c_mpu9250.dir/home/aniket/pico/pico-sdk/src/common/pico_time/time.c.obj
 *fill*         0x0000000010006a57        0x1 
 .rodata.ph_add_child_node.str1.4
                0x0000000010006a58       0x96 CMakeFiles/i2c_mpu9250.dir/home/aniket/pico/pico-sdk/src/common/pico_time/time.c.obj
 *fill*         0x0000000010006aee        0x2 
 .rodata.add_alarm_under_lock.str1.4
                0x0000000010006af0       0x28 CMakeFiles/i2c_mpu9250.dir/home/aniket/pico/pico-sdk/src/common/pico_time/time.c.obj
                                         0x2b (size before relaxing)
 .rodata.alarm_pool_alarm_callback.str1.4
                0x0000000010006b18       0xe6 CMakeFiles/i2c_mpu9250.dir/home/aniket/pico/pico-sdk/src/common/pico_time/time.c.obj
 *fill*         0x0000000010006bfe        0x2 
 .rodata.alarm_pool_get_default.str1.4
                0x0000000010006c00       0x21 CMakeFiles/i2c_mpu9250.dir/home/aniket/pico/pico-sdk/src/common/pico_time/time.c.obj
 *fill*         0x0000000010006c21        0x3 
 .rodata.sleep_until.str1.4
                0x0000000010006c24       0x4d CMakeFiles/i2c_mpu9250.dir/home/aniket/pico/pico-sdk/src/common/pico_time/time.c.obj
 *fill*         0x0000000010006c71        0x3 
 .rodata.__func__.5701
                0x0000000010006c74       0x15 CMakeFiles/i2c_mpu9250.dir/home/aniket/pico/pico-sdk/src/common/pico_time/time.c.obj
 *fill*         0x0000000010006c89        0x3 
 .rodata.__func__.6007
                0x0000000010006c8c        0xc CMakeFiles/i2c_mpu9250.dir/home/aniket/pico/pico-sdk/src/common/pico_time/time.c.obj
 .rodata.__func__.6014
                0x0000000010006c98       0x12 CMakeFiles/i2c_mpu9250.dir/home/aniket/pico/pico-sdk/src/common/pico_time/time.c.obj
 *fill*         0x0000000010006caa        0x2 
 .rodata.__func__.6030
                0x0000000010006cac        0xf CMakeFiles/i2c_mpu9250.dir/home/aniket/pico/pico-sdk/src/common/pico_time/time.c.obj
 *fill*         0x0000000010006cbb        0x1 
 .rodata.__func__.6052
                0x0000000010006cbc        0xd CMakeFiles/i2c_mpu9250.dir/home/aniket/pico/pico-sdk/src/common/pico_time/time.c.obj
 *fill*         0x0000000010006cc9        0x3 
 .rodata.__func__.6276
                0x0000000010006ccc        0xa CMakeFiles/i2c_mpu9250.dir/home/aniket/pico/pico-sdk/src/common/pico_time/time.c.obj
 *fill*         0x0000000010006cd6        0x2 
 .rodata.__func__.6281
                0x0000000010006cd8       0x12 CMakeFiles/i2c_mpu9250.dir/home/aniket/pico/pico-sdk/src/common/pico_time/time.c.obj
 *fill*         0x0000000010006cea        0x2 
 .rodata.__func__.6296
                0x0000000010006cec       0x17 CMakeFiles/i2c_mpu9250.dir/home/aniket/pico/pico-sdk/src/common/pico_time/time.c.obj
 *fill*         0x0000000010006d03        0x1 
 .rodata.__func__.6307
                0x0000000010006d04       0x15 CMakeFiles/i2c_mpu9250.dir/home/aniket/pico/pico-sdk/src/common/pico_time/time.c.obj
 *fill*         0x0000000010006d19        0x3 
 .rodata.__func__.6324
                0x0000000010006d1c       0x1a CMakeFiles/i2c_mpu9250.dir/home/aniket/pico/pico-sdk/src/common/pico_time/time.c.obj
 *fill*         0x0000000010006d36        0x2 
 .rodata.__func__.6378
                0x0000000010006d38       0x19 CMakeFiles/i2c_mpu9250.dir/home/aniket/pico/pico-sdk/src/common/pico_time/time.c.obj
 *fill*         0x0000000010006d51        0x3 
 .rodata.hardware_alarm_claim.str1.4
                0x0000000010006d54       0x22 CMakeFiles/i2c_mpu9250.dir/home/aniket/pico/pico-sdk/src/rp2_common/hardware_timer/timer.c.obj
 *fill*         0x0000000010006d76        0x2 
 .rodata.hardware_alarm_set_target.str1.4
                0x0000000010006d78       0x65 CMakeFiles/i2c_mpu9250.dir/home/aniket/pico/pico-sdk/src/rp2_common/hardware_timer/timer.c.obj
 *fill*         0x0000000010006ddd        0x3 
 .rodata.__func__.4559
                0x0000000010006de0       0x1a CMakeFiles/i2c_mpu9250.dir/home/aniket/pico/pico-sdk/src/rp2_common/hardware_timer/timer.c.obj
 *fill*         0x0000000010006dfa        0x2 
 .rodata.str1.4
                0x0000000010006dfc       0x89 CMakeFiles/i2c_mpu9250.dir/home/aniket/pico/pico-sdk/src/common/pico_sync/mutex.c.obj
                                         0xed (size before relaxing)
 *fill*         0x0000000010006e85        0x3 
 .rodata.__func__.4700
                0x0000000010006e88        0xb CMakeFiles/i2c_mpu9250.dir/home/aniket/pico/pico-sdk/src/common/pico_sync/mutex.c.obj
 .rodata.ph_add_child_node.str1.4
                0x0000000010006e93       0x96 CMakeFiles/i2c_mpu9250.dir/home/aniket/pico/pico-sdk/src/common/pico_util/pheap.c.obj
 *fill*         0x0000000010006e93        0x1 
 .rodata.ph_remove_any_head.str1.4
                0x0000000010006e94       0x8c CMakeFiles/i2c_mpu9250.dir/home/aniket/pico/pico-sdk/src/common/pico_util/pheap.c.obj
 .rodata.ph_remove_and_free_node.str1.4
                0x0000000010006f20       0x26 CMakeFiles/i2c_mpu9250.dir/home/aniket/pico/pico-sdk/src/common/pico_util/pheap.c.obj
 *fill*         0x0000000010006f46        0x2 
 .rodata.__func__.5708
                0x0000000010006f48        0xc CMakeFiles/i2c_mpu9250.dir/home/aniket/pico/pico-sdk/src/common/pico_util/pheap.c.obj
 .rodata.__func__.5715
                0x0000000010006f54       0x12 CMakeFiles/i2c_mpu9250.dir/home/aniket/pico/pico-sdk/src/common/pico_util/pheap.c.obj
 *fill*         0x0000000010006f66        0x2 
 .rodata.__func__.5801
                0x0000000010006f68       0x13 CMakeFiles/i2c_mpu9250.dir/home/aniket/pico/pico-sdk/src/common/pico_util/pheap.c.obj
 *fill*         0x0000000010006f7b        0x1 
 .rodata.__func__.5819
                0x0000000010006f7c       0x18 CMakeFiles/i2c_mpu9250.dir/home/aniket/pico/pico-sdk/src/common/pico_util/pheap.c.obj
 .rodata.__assert_func.str1.4
                0x0000000010006f94       0x3f CMakeFiles/i2c_mpu9250.dir/home/aniket/pico/pico-sdk/src/rp2_common/pico_runtime/runtime.c.obj
                                         0x43 (size before relaxing)
 *fill*         0x0000000010006fd3        0x1 
 .rodata.runtime_init.str1.4
                0x0000000010006fd4       0x61 CMakeFiles/i2c_mpu9250.dir/home/aniket/pico/pico-sdk/src/rp2_common/pico_runtime/runtime.c.obj
 *fill*         0x0000000010007035        0x3 
 .rodata.panic.str1.4
                0x0000000010007038       0x12 CMakeFiles/i2c_mpu9250.dir/home/aniket/pico/pico-sdk/src/rp2_common/pico_runtime/runtime.c.obj
 *fill*         0x000000001000704a        0x2 
 .rodata.__func__.5816
                0x000000001000704c        0xd CMakeFiles/i2c_mpu9250.dir/home/aniket/pico/pico-sdk/src/rp2_common/pico_runtime/runtime.c.obj
 *fill*         0x0000000010007059        0x3 
 .rodata.clock_configure.str1.4
                0x000000001000705c       0x57 CMakeFiles/i2c_mpu9250.dir/home/aniket/pico/pico-sdk/src/rp2_common/hardware_clocks/clocks.c.obj
 *fill*         0x00000000100070b3        0x1 
 .rodata.__func__.4688
                0x00000000100070b4       0x10 CMakeFiles/i2c_mpu9250.dir/home/aniket/pico/pico-sdk/src/rp2_common/hardware_clocks/clocks.c.obj
 .rodata.make_branch.str1.4
                0x00000000100070c4       0x4d CMakeFiles/i2c_mpu9250.dir/home/aniket/pico/pico-sdk/src/rp2_common/hardware_irq/irq.c.obj
 *fill*         0x0000000010007111        0x3 
 .rodata.irq_set_exclusive_handler.str1.4
                0x0000000010007114       0x36 CMakeFiles/i2c_mpu9250.dir/home/aniket/pico/pico-sdk/src/rp2_common/hardware_irq/irq.c.obj
 *fill*         0x000000001000714a        0x2 
 .rodata.irq_add_shared_handler.str1.4
                0x000000001000714c       0xd9 CMakeFiles/i2c_mpu9250.dir/home/aniket/pico/pico-sdk/src/rp2_common/hardware_irq/irq.c.obj
 *fill*         0x0000000010007225        0x3 
 .rodata.irq_remove_handler.str1.4
                0x0000000010007228       0x2a CMakeFiles/i2c_mpu9250.dir/home/aniket/pico/pico-sdk/src/rp2_common/hardware_irq/irq.c.obj
 *fill*         0x0000000010007252        0x2 
 .rodata.irq_add_tail_to_free_list.str1.4
                0x0000000010007254       0x32 CMakeFiles/i2c_mpu9250.dir/home/aniket/pico/pico-sdk/src/rp2_common/hardware_irq/irq.c.obj
                                         0x3a (size before relaxing)
 *fill*         0x0000000010007286        0x2 
 .rodata.__func__.4733
                0x0000000010007288       0x1a CMakeFiles/i2c_mpu9250.dir/home/aniket/pico/pico-sdk/src/rp2_common/hardware_irq/irq.c.obj
 *fill*         0x00000000100072a2        0x2 
 .rodata.__func__.4747
                0x00000000100072a4        0xc CMakeFiles/i2c_mpu9250.dir/home/aniket/pico/pico-sdk/src/rp2_common/hardware_irq/irq.c.obj
 .rodata.__func__.4755
                0x00000000100072b0       0x17 CMakeFiles/i2c_mpu9250.dir/home/aniket/pico/pico-sdk/src/rp2_common/hardware_irq/irq.c.obj
 *fill*         0x00000000100072c7        0x1 
 .rodata.__func__.4759
                0x00000000100072c8        0xf CMakeFiles/i2c_mpu9250.dir/home/aniket/pico/pico-sdk/src/rp2_common/hardware_irq/irq.c.obj
 *fill*         0x00000000100072d7        0x1 
 .rodata.__func__.4798
                0x00000000100072d8       0x13 CMakeFiles/i2c_mpu9250.dir/home/aniket/pico/pico-sdk/src/rp2_common/hardware_irq/irq.c.obj
 *fill*         0x00000000100072eb        0x1 
 .rodata.__func__.4821
                0x00000000100072ec       0x1a CMakeFiles/i2c_mpu9250.dir/home/aniket/pico/pico-sdk/src/rp2_common/hardware_irq/irq.c.obj
 *fill*         0x0000000010007306        0x2 
 .rodata.pll_init.str1.4
                0x0000000010007308       0xdb CMakeFiles/i2c_mpu9250.dir/home/aniket/pico/pico-sdk/src/rp2_common/hardware_pll/pll.c.obj
 *fill*         0x00000000100073e3        0x1 
 .rodata.__func__.4408
                0x00000000100073e4        0x9 CMakeFiles/i2c_mpu9250.dir/home/aniket/pico/pico-sdk/src/rp2_common/hardware_pll/pll.c.obj
 *fill*         0x00000000100073ed        0x3 
 .rodata._ftoa.str1.4
                0x00000000100073f0       0x15 CMakeFiles/i2c_mpu9250.dir/home/aniket/pico/pico-sdk/src/rp2_common/pico_printf/printf.c.obj
 *fill*         0x0000000010007405        0x3 
 .rodata._vsnprintf
                0x0000000010007408      0x1e0 CMakeFiles/i2c_mpu9250.dir/home/aniket/pico/pico-sdk/src/rp2_common/pico_printf/printf.c.obj
 .rodata.pow10.5422
                0x00000000100075e8       0x50 CMakeFiles/i2c_mpu9250.dir/home/aniket/pico/pico-sdk/src/rp2_common/pico_printf/printf.c.obj
 .rodata.__aeabi_double_init.str1.4
                0x0000000010007638       0xa8 CMakeFiles/i2c_mpu9250.dir/home/aniket/pico/pico-sdk/src/rp2_common/pico_double/double_init_rom.c.obj
 .rodata.__func__.4719
                0x00000000100076e0       0x14 CMakeFiles/i2c_mpu9250.dir/home/aniket/pico/pico-sdk/src/rp2_common/pico_double/double_init_rom.c.obj
 .rodata.__aeabi_float_init.str1.4
                0x00000000100076f4       0x7a CMakeFiles/i2c_mpu9250.dir/home/aniket/pico/pico-sdk/src/rp2_common/pico_float/float_init_rom.c.obj
                                         0x7e (size before relaxing)
 *fill*         0x000000001000776e        0x2 
 .rodata.__func__.4720
                0x0000000010007770       0x13 CMakeFiles/i2c_mpu9250.dir/home/aniket/pico/pico-sdk/src/rp2_common/pico_float/float_init_rom.c.obj
 *fill*         0x0000000010007783        0x1 
 .rodata.__wrap_malloc.str1.4
                0x0000000010007784        0xe CMakeFiles/i2c_mpu9250.dir/home/aniket/pico/pico-sdk/src/rp2_common/pico_malloc/pico_malloc.c.obj
 *fill*         0x0000000010007792        0x2 
 .rodata.str1.4
                0x0000000010007794       0x44 CMakeFiles/i2c_mpu9250.dir/home/aniket/pico/pico-sdk/src/rp2_common/pico_standard_link/binary_info.c.obj
 .rodata.__bi_44
                0x00000000100077d8        0xc CMakeFiles/i2c_mpu9250.dir/home/aniket/pico/pico-sdk/src/rp2_common/pico_standard_link/binary_info.c.obj
 .rodata.__bi_56
                0x00000000100077e4        0xc CMakeFiles/i2c_mpu9250.dir/home/aniket/pico/pico-sdk/src/rp2_common/pico_standard_link/binary_info.c.obj
 .rodata.__bi_75
                0x00000000100077f0        0xc CMakeFiles/i2c_mpu9250.dir/home/aniket/pico/pico-sdk/src/rp2_common/pico_standard_link/binary_info.c.obj
 .rodata.__bi_81
                0x00000000100077fc        0xc CMakeFiles/i2c_mpu9250.dir/home/aniket/pico/pico-sdk/src/rp2_common/pico_standard_link/binary_info.c.obj
 .rodata.crlf_str.6051
                0x0000000010007808        0x2 CMakeFiles/i2c_mpu9250.dir/home/aniket/pico/pico-sdk/src/rp2_common/pico_stdio/stdio.c.obj
 *fill*         0x000000001000780a        0x2 
 .rodata.str1.4
                0x000000001000780c       0x2c CMakeFiles/i2c_mpu9250.dir/home/aniket/pico/pico-sdk/src/rp2_common/pico_stdio_uart/stdio_uart.c.obj
 .rodata.__bi_28.4752
                0x0000000010007838        0xc CMakeFiles/i2c_mpu9250.dir/home/aniket/pico/pico-sdk/src/rp2_common/pico_stdio_uart/stdio_uart.c.obj
 .rodata.__bi_29.4756
                0x0000000010007844        0x8 CMakeFiles/i2c_mpu9250.dir/home/aniket/pico/pico-sdk/src/rp2_common/pico_stdio_uart/stdio_uart.c.obj
 .rodata.i2c_set_baudrate.str1.4
                0x000000001000784c       0x5d CMakeFiles/i2c_mpu9250.dir/home/aniket/pico/pico-sdk/src/rp2_common/hardware_i2c/i2c.c.obj
 *fill*         0x00000000100078a9        0x3 
 .rodata.__func__.4786
                0x00000000100078ac       0x11 CMakeFiles/i2c_mpu9250.dir/home/aniket/pico/pico-sdk/src/rp2_common/hardware_i2c/i2c.c.obj
 *fill*         0x00000000100078bd        0x3 
 .rodata._ZNKSt13bad_exception4whatEv.str1.4
                0x00000000100078c0       0x13 /usr/lib/gcc/arm-none-eabi/9.2.1/../../../arm-none-eabi/lib/thumb/v6-m/nofp/libstdc++.a(eh_exception.o)
 *fill*         0x00000000100078d3        0x1 
 .rodata._ZTIN10__cxxabiv115__forced_unwindE
                0x00000000100078d4        0x8 /usr/lib/gcc/arm-none-eabi/9.2.1/../../../arm-none-eabi/lib/thumb/v6-m/nofp/libstdc++.a(eh_exception.o)
                0x00000000100078d4                typeinfo for __cxxabiv1::__forced_unwind
 .rodata._ZTIN10__cxxabiv119__foreign_exceptionE
                0x00000000100078dc        0x8 /usr/lib/gcc/arm-none-eabi/9.2.1/../../../arm-none-eabi/lib/thumb/v6-m/nofp/libstdc++.a(eh_exception.o)
                0x00000000100078dc                typeinfo for __cxxabiv1::__foreign_exception
 .rodata._ZTISt13bad_exception
                0x00000000100078e4        0xc /usr/lib/gcc/arm-none-eabi/9.2.1/../../../arm-none-eabi/lib/thumb/v6-m/nofp/libstdc++.a(eh_exception.o)
                0x00000000100078e4                typeinfo for std::bad_exception
 .rodata._ZTISt9exception
                0x00000000100078f0        0x8 /usr/lib/gcc/arm-none-eabi/9.2.1/../../../arm-none-eabi/lib/thumb/v6-m/nofp/libstdc++.a(eh_exception.o)
                0x00000000100078f0                typeinfo for std::exception
 .rodata._ZTSN10__cxxabiv115__forced_unwindE
                0x00000000100078f8       0x20 /usr/lib/gcc/arm-none-eabi/9.2.1/../../../arm-none-eabi/lib/thumb/v6-m/nofp/libstdc++.a(eh_exception.o)
                0x00000000100078f8                typeinfo name for __cxxabiv1::__forced_unwind
 .rodata._ZTSN10__cxxabiv119__foreign_exceptionE
                0x0000000010007918       0x24 /usr/lib/gcc/arm-none-eabi/9.2.1/../../../arm-none-eabi/lib/thumb/v6-m/nofp/libstdc++.a(eh_exception.o)
                0x0000000010007918                typeinfo name for __cxxabiv1::__foreign_exception
 .rodata._ZTSSt13bad_exception
                0x000000001000793c       0x12 /usr/lib/gcc/arm-none-eabi/9.2.1/../../../arm-none-eabi/lib/thumb/v6-m/nofp/libstdc++.a(eh_exception.o)
                0x000000001000793c                typeinfo name for std::bad_exception
 *fill*         0x000000001000794e        0x2 
 .rodata._ZTSSt9exception
                0x0000000010007950        0xd /usr/lib/gcc/arm-none-eabi/9.2.1/../../../arm-none-eabi/lib/thumb/v6-m/nofp/libstdc++.a(eh_exception.o)
                0x0000000010007950                typeinfo name for std::exception
 *fill*         0x000000001000795d        0x3 
 .rodata._ZTVSt13bad_exception
                0x0000000010007960       0x14 /usr/lib/gcc/arm-none-eabi/9.2.1/../../../arm-none-eabi/lib/thumb/v6-m/nofp/libstdc++.a(eh_exception.o)
                0x0000000010007960                vtable for std::bad_exception
 .rodata._ZL28read_encoded_value_with_basehjPKhPj
                0x0000000010007974       0x34 /usr/lib/gcc/arm-none-eabi/9.2.1/../../../arm-none-eabi/lib/thumb/v6-m/nofp/libstdc++.a(eh_personality.o)
 .rodata._ZTIN10__cxxabiv120__si_class_type_infoE
                0x00000000100079a8        0xc /usr/lib/gcc/arm-none-eabi/9.2.1/../../../arm-none-eabi/lib/thumb/v6-m/nofp/libstdc++.a(si_class_type_info.o)
                0x00000000100079a8                typeinfo for __cxxabiv1::__si_class_type_info
 .rodata._ZTSN10__cxxabiv120__si_class_type_infoE
                0x00000000100079b4       0x25 /usr/lib/gcc/arm-none-eabi/9.2.1/../../../arm-none-eabi/lib/thumb/v6-m/nofp/libstdc++.a(si_class_type_info.o)
                0x00000000100079b4                typeinfo name for __cxxabiv1::__si_class_type_info
 *fill*         0x00000000100079d9        0x3 
 .rodata._ZTVN10__cxxabiv120__si_class_type_infoE
                0x00000000100079dc       0x2c /usr/lib/gcc/arm-none-eabi/9.2.1/../../../arm-none-eabi/lib/thumb/v6-m/nofp/libstdc++.a(si_class_type_info.o)
                0x00000000100079dc                vtable for __cxxabiv1::__si_class_type_info
 .rodata._ZTISt9type_info
                0x0000000010007a08        0x8 /usr/lib/gcc/arm-none-eabi/9.2.1/../../../arm-none-eabi/lib/thumb/v6-m/nofp/libstdc++.a(tinfo.o)
                0x0000000010007a08                typeinfo for std::type_info
 .rodata._ZTSSt9type_info
                0x0000000010007a10        0xd /usr/lib/gcc/arm-none-eabi/9.2.1/../../../arm-none-eabi/lib/thumb/v6-m/nofp/libstdc++.a(tinfo.o)
                0x0000000010007a10                typeinfo name for std::type_info
 *fill*         0x0000000010007a1d        0x3 
 .rodata._ZTIN10__cxxabiv117__class_type_infoE
                0x0000000010007a20        0xc /usr/lib/gcc/arm-none-eabi/9.2.1/../../../arm-none-eabi/lib/thumb/v6-m/nofp/libstdc++.a(class_type_info.o)
                0x0000000010007a20                typeinfo for __cxxabiv1::__class_type_info
 .rodata._ZTSN10__cxxabiv117__class_type_infoE
                0x0000000010007a2c       0x22 /usr/lib/gcc/arm-none-eabi/9.2.1/../../../arm-none-eabi/lib/thumb/v6-m/nofp/libstdc++.a(class_type_info.o)
                0x0000000010007a2c                typeinfo name for __cxxabiv1::__class_type_info
 *fill*         0x0000000010007a4e        0x2 
 .rodata._ZTVN10__cxxabiv117__class_type_infoE
                0x0000000010007a50       0x2c /usr/lib/gcc/arm-none-eabi/9.2.1/../../../arm-none-eabi/lib/thumb/v6-m/nofp/libstdc++.a(class_type_info.o)
                0x0000000010007a50                vtable for __cxxabiv1::__class_type_info
                0x0000000010007a7c                . = ALIGN (0x4)
 *(SORT_BY_ALIGNMENT(SORT_BY_NAME(.flashdata*)))
                0x0000000010007a7c                . = ALIGN (0x4)

.ARM.extab      0x0000000010007a7c      0x10c
 *(.ARM.extab* .gnu.linkonce.armextab.*)
 .ARM.extab.text._ZN7MPU925011get_accel_gE9accel_tag
                0x0000000010007a7c        0xc CMakeFiles/i2c_mpu9250.dir/src/i2c_mpu9250.cpp.obj
 .ARM.extab.text._ZN7MPU925012get_gyro_dpsE8gyro_tag
                0x0000000010007a88        0xc CMakeFiles/i2c_mpu9250.dir/src/i2c_mpu9250.cpp.obj
 .ARM.extab.text.main
                0x0000000010007a94       0x1b CMakeFiles/i2c_mpu9250.dir/main.cpp.obj
 *fill*         0x0000000010007aaf        0x1 
 .ARM.extab.text.__cxa_type_match
                0x0000000010007ab0        0xc /usr/lib/gcc/arm-none-eabi/9.2.1/../../../arm-none-eabi/lib/thumb/v6-m/nofp/libstdc++.a(eh_arm.o)
 .ARM.extab.text._ZL28read_encoded_value_with_basehjPKhPj
                0x0000000010007abc        0xc /usr/lib/gcc/arm-none-eabi/9.2.1/../../../arm-none-eabi/lib/thumb/v6-m/nofp/libstdc++.a(eh_personality.o)
 .ARM.extab.text.__gxx_personality_v0
                0x0000000010007ac8       0x28 /usr/lib/gcc/arm-none-eabi/9.2.1/../../../arm-none-eabi/lib/thumb/v6-m/nofp/libstdc++.a(eh_personality.o)
 .ARM.extab.text._ZN10__cxxabiv111__terminateEPFvvE
                0x0000000010007af0       0x28 /usr/lib/gcc/arm-none-eabi/9.2.1/../../../arm-none-eabi/lib/thumb/v6-m/nofp/libstdc++.a(eh_terminate.o)
 .ARM.extab.text._ZNK10__cxxabiv120__si_class_type_info12__do_dyncastEiNS_17__class_type_info10__sub_kindEPKS1_PKvS4_S6_RNS1_16__dyncast_resultE
                0x0000000010007b18        0xc /usr/lib/gcc/arm-none-eabi/9.2.1/../../../arm-none-eabi/lib/thumb/v6-m/nofp/libstdc++.a(si_class_type_info.o)
 .ARM.extab.text.unlikely.__cxa_call_unexpected
                0x0000000010007b24       0x28 /usr/lib/gcc/arm-none-eabi/9.2.1/../../../arm-none-eabi/lib/thumb/v6-m/nofp/libstdc++.a(eh_call.o)
 .ARM.extab.text.__cxa_begin_catch
                0x0000000010007b4c        0xc /usr/lib/gcc/arm-none-eabi/9.2.1/../../../arm-none-eabi/lib/thumb/v6-m/nofp/libstdc++.a(eh_catch.o)
 .ARM.extab     0x0000000010007b58       0x24 /usr/lib/gcc/arm-none-eabi/9.2.1/thumb/v6-m/nofp/libgcc.a(unwind-arm.o)
 .ARM.extab     0x0000000010007b7c        0xc /usr/lib/gcc/arm-none-eabi/9.2.1/thumb/v6-m/nofp/libgcc.a(pr-support.o)
                0x0000000010007b88                __exidx_start = .

.ARM.exidx      0x0000000010007b88      0x1c8
 *(.ARM.exidx* .gnu.linkonce.armexidx.*)
 .ARM.exidx.text._ZN7MPU925010MPU_configE24MPU9250_ACCEL_FULL_SCALE23MPU9250_GYRO_FULL_SCALE
                0x0000000010007b88        0x8 CMakeFiles/i2c_mpu9250.dir/src/i2c_mpu9250.cpp.obj
 .ARM.exidx.text._ZN7MPU9250C2EP8i2c_instjj24MPU9250_ACCEL_FULL_SCALE23MPU9250_GYRO_FULL_SCALE
                0x0000000010007b90        0x8 CMakeFiles/i2c_mpu9250.dir/src/i2c_mpu9250.cpp.obj
 .ARM.exidx.text._ZN7MPU925012get_raw_dataEv
                0x0000000010007b98        0x8 CMakeFiles/i2c_mpu9250.dir/src/i2c_mpu9250.cpp.obj
 .ARM.exidx.text._ZN7MPU925011get_accel_gE9accel_tag
                0x0000000010007ba0        0x8 CMakeFiles/i2c_mpu9250.dir/src/i2c_mpu9250.cpp.obj
 .ARM.exidx.text._ZN7MPU925012get_gyro_dpsE8gyro_tag
                0x0000000010007ba8        0x8 CMakeFiles/i2c_mpu9250.dir/src/i2c_mpu9250.cpp.obj
 .ARM.exidx.text._Z24repeating_timer_callbackP15repeating_timer
                0x0000000010007bb0        0x8 CMakeFiles/i2c_mpu9250.dir/main.cpp.obj
 .ARM.exidx.text.main
                0x0000000010007bb8       0x10 CMakeFiles/i2c_mpu9250.dir/main.cpp.obj
                                          0x8 (size before relaxing)
 .ARM.exidx.text.__cxa_type_match
                0x0000000010007bc8        0x8 /usr/lib/gcc/arm-none-eabi/9.2.1/../../../arm-none-eabi/lib/thumb/v6-m/nofp/libstdc++.a(eh_arm.o)
 .ARM.exidx.text.__cxa_begin_cleanup
                0x0000000010007bd0        0x8 /usr/lib/gcc/arm-none-eabi/9.2.1/../../../arm-none-eabi/lib/thumb/v6-m/nofp/libstdc++.a(eh_arm.o)
 .ARM.exidx.text.__gnu_end_cleanup
                0x0000000010007bd8        0x0 /usr/lib/gcc/arm-none-eabi/9.2.1/../../../arm-none-eabi/lib/thumb/v6-m/nofp/libstdc++.a(eh_arm.o)
                                          0x8 (size before relaxing)
 .ARM.exidx.text._ZNSt13bad_exceptionD2Ev
                0x0000000010007bd8        0x0 /usr/lib/gcc/arm-none-eabi/9.2.1/../../../arm-none-eabi/lib/thumb/v6-m/nofp/libstdc++.a(eh_exception.o)
                                          0x8 (size before relaxing)
 .ARM.exidx.text._ZNKSt13bad_exception4whatEv
                0x0000000010007bd8        0x0 /usr/lib/gcc/arm-none-eabi/9.2.1/../../../arm-none-eabi/lib/thumb/v6-m/nofp/libstdc++.a(eh_exception.o)
                                          0x8 (size before relaxing)
 .ARM.exidx.text._ZNSt13bad_exceptionD0Ev
                0x0000000010007bd8        0x0 /usr/lib/gcc/arm-none-eabi/9.2.1/../../../arm-none-eabi/lib/thumb/v6-m/nofp/libstdc++.a(eh_exception.o)
                                          0x8 (size before relaxing)
 .ARM.exidx.text.__cxa_get_globals_fast
                0x0000000010007bd8        0x0 /usr/lib/gcc/arm-none-eabi/9.2.1/../../../arm-none-eabi/lib/thumb/v6-m/nofp/libstdc++.a(eh_globals.o)
                                          0x8 (size before relaxing)
 .ARM.exidx.text.__cxa_get_globals
                0x0000000010007bd8        0x0 /usr/lib/gcc/arm-none-eabi/9.2.1/../../../arm-none-eabi/lib/thumb/v6-m/nofp/libstdc++.a(eh_globals.o)
                                          0x8 (size before relaxing)
 .ARM.exidx.text._ZL28read_encoded_value_with_basehjPKhPj
                0x0000000010007bd8        0x8 /usr/lib/gcc/arm-none-eabi/9.2.1/../../../arm-none-eabi/lib/thumb/v6-m/nofp/libstdc++.a(eh_personality.o)
 .ARM.exidx.text._ZL21base_of_encoded_valuehP15_Unwind_Context
                0x0000000010007be0        0x8 /usr/lib/gcc/arm-none-eabi/9.2.1/../../../arm-none-eabi/lib/thumb/v6-m/nofp/libstdc++.a(eh_personality.o)
 .ARM.exidx.text._ZL17parse_lsda_headerP15_Unwind_ContextPKhP16lsda_header_info
                0x0000000010007be8        0x8 /usr/lib/gcc/arm-none-eabi/9.2.1/../../../arm-none-eabi/lib/thumb/v6-m/nofp/libstdc++.a(eh_personality.o)
 .ARM.exidx.text.__gxx_personality_v0
                0x0000000010007bf0        0x8 /usr/lib/gcc/arm-none-eabi/9.2.1/../../../arm-none-eabi/lib/thumb/v6-m/nofp/libstdc++.a(eh_personality.o)
 .ARM.exidx.text._ZN10__cxxabiv111__terminateEPFvvE
                0x0000000010007bf8        0x8 /usr/lib/gcc/arm-none-eabi/9.2.1/../../../arm-none-eabi/lib/thumb/v6-m/nofp/libstdc++.a(eh_terminate.o)
 .ARM.exidx.text._ZSt9terminatev
                0x0000000010007c00        0x8 /usr/lib/gcc/arm-none-eabi/9.2.1/../../../arm-none-eabi/lib/thumb/v6-m/nofp/libstdc++.a(eh_terminate.o)
 .ARM.exidx.text._ZN10__cxxabiv112__unexpectedEPFvvE
                0x0000000010007c08        0x8 /usr/lib/gcc/arm-none-eabi/9.2.1/../../../arm-none-eabi/lib/thumb/v6-m/nofp/libstdc++.a(eh_terminate.o)
 .ARM.exidx.text._ZSt10unexpectedv
                0x0000000010007c10        0x0 /usr/lib/gcc/arm-none-eabi/9.2.1/../../../arm-none-eabi/lib/thumb/v6-m/nofp/libstdc++.a(eh_terminate.o)
                                          0x8 (size before relaxing)
 .ARM.exidx.text._ZSt13get_terminatev
                0x0000000010007c10        0x8 /usr/lib/gcc/arm-none-eabi/9.2.1/../../../arm-none-eabi/lib/thumb/v6-m/nofp/libstdc++.a(eh_terminate.o)
 .ARM.exidx.text._ZSt14get_unexpectedv
                0x0000000010007c18        0x0 /usr/lib/gcc/arm-none-eabi/9.2.1/../../../arm-none-eabi/lib/thumb/v6-m/nofp/libstdc++.a(eh_terminate.o)
                                          0x8 (size before relaxing)
 .ARM.exidx.text._ZN10__cxxabiv120__si_class_type_infoD2Ev
                0x0000000010007c18        0x0 /usr/lib/gcc/arm-none-eabi/9.2.1/../../../arm-none-eabi/lib/thumb/v6-m/nofp/libstdc++.a(si_class_type_info.o)
                                          0x8 (size before relaxing)
 .ARM.exidx.text._ZN10__cxxabiv120__si_class_type_infoD0Ev
                0x0000000010007c18        0x0 /usr/lib/gcc/arm-none-eabi/9.2.1/../../../arm-none-eabi/lib/thumb/v6-m/nofp/libstdc++.a(si_class_type_info.o)
                                          0x8 (size before relaxing)
 .ARM.exidx.text._ZNK10__cxxabiv120__si_class_type_info20__do_find_public_srcEiPKvPKNS_17__class_type_infoES2_
                0x0000000010007c18        0x8 /usr/lib/gcc/arm-none-eabi/9.2.1/../../../arm-none-eabi/lib/thumb/v6-m/nofp/libstdc++.a(si_class_type_info.o)
 .ARM.exidx.text._ZNK10__cxxabiv120__si_class_type_info12__do_dyncastEiNS_17__class_type_info10__sub_kindEPKS1_PKvS4_S6_RNS1_16__dyncast_resultE
                0x0000000010007c20        0x8 /usr/lib/gcc/arm-none-eabi/9.2.1/../../../arm-none-eabi/lib/thumb/v6-m/nofp/libstdc++.a(si_class_type_info.o)
 .ARM.exidx.text._ZNK10__cxxabiv120__si_class_type_info11__do_upcastEPKNS_17__class_type_infoEPKvRNS1_15__upcast_resultE
                0x0000000010007c28        0x8 /usr/lib/gcc/arm-none-eabi/9.2.1/../../../arm-none-eabi/lib/thumb/v6-m/nofp/libstdc++.a(si_class_type_info.o)
 .ARM.exidx.text._ZNSt9type_infoD2Ev
                0x0000000010007c30        0x8 /usr/lib/gcc/arm-none-eabi/9.2.1/../../../arm-none-eabi/lib/thumb/v6-m/nofp/libstdc++.a(tinfo.o)
 .ARM.exidx.text._ZNKSt9type_info14__is_pointer_pEv
                0x0000000010007c38        0x0 /usr/lib/gcc/arm-none-eabi/9.2.1/../../../arm-none-eabi/lib/thumb/v6-m/nofp/libstdc++.a(tinfo.o)
                                          0x8 (size before relaxing)
 .ARM.exidx.text._ZNKSt9type_infoeqERKS_
                0x0000000010007c38        0x0 /usr/lib/gcc/arm-none-eabi/9.2.1/../../../arm-none-eabi/lib/thumb/v6-m/nofp/libstdc++.a(tinfo.o)
                                          0x8 (size before relaxing)
 .ARM.exidx.text._ZNK10__cxxabiv117__class_type_info11__do_upcastEPKS0_PPv
                0x0000000010007c38        0x8 /usr/lib/gcc/arm-none-eabi/9.2.1/../../../arm-none-eabi/lib/thumb/v6-m/nofp/libstdc++.a(class_type_info.o)
 .ARM.exidx.text._ZNK10__cxxabiv117__class_type_info20__do_find_public_srcEiPKvPKS0_S2_
                0x0000000010007c40        0x8 /usr/lib/gcc/arm-none-eabi/9.2.1/../../../arm-none-eabi/lib/thumb/v6-m/nofp/libstdc++.a(class_type_info.o)
 .ARM.exidx.text._ZN10__cxxabiv117__class_type_infoD2Ev
                0x0000000010007c48        0x0 /usr/lib/gcc/arm-none-eabi/9.2.1/../../../arm-none-eabi/lib/thumb/v6-m/nofp/libstdc++.a(class_type_info.o)
                                          0x8 (size before relaxing)
 .ARM.exidx.text._ZN10__cxxabiv117__class_type_infoD0Ev
                0x0000000010007c48        0x0 /usr/lib/gcc/arm-none-eabi/9.2.1/../../../arm-none-eabi/lib/thumb/v6-m/nofp/libstdc++.a(class_type_info.o)
                                          0x8 (size before relaxing)
 .ARM.exidx.text._ZNK10__cxxabiv117__class_type_info12__do_dyncastEiNS0_10__sub_kindEPKS0_PKvS3_S5_RNS0_16__dyncast_resultE
                0x0000000010007c48        0x0 /usr/lib/gcc/arm-none-eabi/9.2.1/../../../arm-none-eabi/lib/thumb/v6-m/nofp/libstdc++.a(class_type_info.o)
                                          0x8 (size before relaxing)
 .ARM.exidx.text._ZNK10__cxxabiv117__class_type_info11__do_upcastEPKS0_PKvRNS0_15__upcast_resultE
                0x0000000010007c48        0x0 /usr/lib/gcc/arm-none-eabi/9.2.1/../../../arm-none-eabi/lib/thumb/v6-m/nofp/libstdc++.a(class_type_info.o)
                                          0x8 (size before relaxing)
 .ARM.exidx.text._ZNK10__cxxabiv117__class_type_info10__do_catchEPKSt9type_infoPPvj
                0x0000000010007c48        0x8 /usr/lib/gcc/arm-none-eabi/9.2.1/../../../arm-none-eabi/lib/thumb/v6-m/nofp/libstdc++.a(class_type_info.o)
 .ARM.exidx.text._ZdlPvj
                0x0000000010007c50        0x8 /usr/lib/gcc/arm-none-eabi/9.2.1/../../../arm-none-eabi/lib/thumb/v6-m/nofp/libstdc++.a(del_ops.o)
 .ARM.exidx.text._ZN10__cxxabiv1L24__is_gxx_exception_classEPc
                0x0000000010007c58        0x0 /usr/lib/gcc/arm-none-eabi/9.2.1/../../../arm-none-eabi/lib/thumb/v6-m/nofp/libstdc++.a(eh_call.o)
                                          0x8 (size before relaxing)
 .ARM.exidx.text.__cxa_call_terminate
                0x0000000010007c58        0x0 /usr/lib/gcc/arm-none-eabi/9.2.1/../../../arm-none-eabi/lib/thumb/v6-m/nofp/libstdc++.a(eh_call.o)
                                          0x8 (size before relaxing)
 .ARM.exidx.text.unlikely.__cxa_call_unexpected
                0x0000000010007c58        0x8 /usr/lib/gcc/arm-none-eabi/9.2.1/../../../arm-none-eabi/lib/thumb/v6-m/nofp/libstdc++.a(eh_call.o)
 .ARM.exidx.text.__cxa_begin_catch
                0x0000000010007c60        0x8 /usr/lib/gcc/arm-none-eabi/9.2.1/../../../arm-none-eabi/lib/thumb/v6-m/nofp/libstdc++.a(eh_catch.o)
 .ARM.exidx.text.__cxa_end_catch
                0x0000000010007c68        0x8 /usr/lib/gcc/arm-none-eabi/9.2.1/../../../arm-none-eabi/lib/thumb/v6-m/nofp/libstdc++.a(eh_catch.o)
 .ARM.exidx.text._ZL23__gxx_exception_cleanup19_Unwind_Reason_CodeP21_Unwind_Control_Block
                0x0000000010007c70        0x0 /usr/lib/gcc/arm-none-eabi/9.2.1/../../../arm-none-eabi/lib/thumb/v6-m/nofp/libstdc++.a(eh_throw.o)
                                          0x8 (size before relaxing)
 .ARM.exidx.text.__cxa_init_primary_exception
                0x0000000010007c70        0x8 /usr/lib/gcc/arm-none-eabi/9.2.1/../../../arm-none-eabi/lib/thumb/v6-m/nofp/libstdc++.a(eh_throw.o)
 .ARM.exidx.text.__cxa_throw
                0x0000000010007c78        0x8 /usr/lib/gcc/arm-none-eabi/9.2.1/../../../arm-none-eabi/lib/thumb/v6-m/nofp/libstdc++.a(eh_throw.o)
 .ARM.exidx.text.__cxa_rethrow
                0x0000000010007c80        0x8 /usr/lib/gcc/arm-none-eabi/9.2.1/../../../arm-none-eabi/lib/thumb/v6-m/nofp/libstdc++.a(eh_throw.o)
 .ARM.exidx.text._ZdlPv
                0x0000000010007c88        0x8 /usr/lib/gcc/arm-none-eabi/9.2.1/../../../arm-none-eabi/lib/thumb/v6-m/nofp/libstdc++.a(del_op.o)
 .ARM.exidx.text._ZN12_GLOBAL__N_14pool4freeEPv.constprop.0
                0x0000000010007c90        0x0 /usr/lib/gcc/arm-none-eabi/9.2.1/../../../arm-none-eabi/lib/thumb/v6-m/nofp/libstdc++.a(eh_alloc.o)
                                          0x8 (size before relaxing)
 .ARM.exidx.text._ZN12_GLOBAL__N_14pool8allocateEj.constprop.0
                0x0000000010007c90        0x0 /usr/lib/gcc/arm-none-eabi/9.2.1/../../../arm-none-eabi/lib/thumb/v6-m/nofp/libstdc++.a(eh_alloc.o)
                                          0x8 (size before relaxing)
 .ARM.exidx.text.__cxa_allocate_exception
                0x0000000010007c90        0x0 /usr/lib/gcc/arm-none-eabi/9.2.1/../../../arm-none-eabi/lib/thumb/v6-m/nofp/libstdc++.a(eh_alloc.o)
                                          0x8 (size before relaxing)
 .ARM.exidx.text.__cxa_free_exception
                0x0000000010007c90        0x0 /usr/lib/gcc/arm-none-eabi/9.2.1/../../../arm-none-eabi/lib/thumb/v6-m/nofp/libstdc++.a(eh_alloc.o)
                                          0x8 (size before relaxing)
 .ARM.exidx.text.startup._GLOBAL__sub_I__ZN9__gnu_cxx9__freeresEv
                0x0000000010007c90        0x0 /usr/lib/gcc/arm-none-eabi/9.2.1/../../../arm-none-eabi/lib/thumb/v6-m/nofp/libstdc++.a(eh_alloc.o)
                                          0x8 (size before relaxing)
 .ARM.exidx     0x0000000010007c90       0x90 /usr/lib/gcc/arm-none-eabi/9.2.1/thumb/v6-m/nofp/libgcc.a(unwind-arm.o)