Archive member included to satisfy reference by file (symbol)

/usr/lib/gcc/arm-none-eabi/8.3.1/../../../arm-none-eabi/lib/thumb/v6-m/nofp/libstdc++.a(eh_personality.o)
                              CMakeFiles/BMP280.dir/main.cpp.obj (__gxx_personality_v0)
/usr/lib/gcc/arm-none-eabi/8.3.1/../../../arm-none-eabi/lib/thumb/v6-m/nofp/libstdc++.a(eh_catch.o)
                              /usr/lib/gcc/arm-none-eabi/8.3.1/../../../arm-none-eabi/lib/thumb/v6-m/nofp/libstdc++.a(eh_personality.o) (__cxa_begin_catch)
/usr/lib/gcc/arm-none-eabi/8.3.1/../../../arm-none-eabi/lib/thumb/v6-m/nofp/libstdc++.a(eh_call.o)
                              /usr/lib/gcc/arm-none-eabi/8.3.1/../../../arm-none-eabi/lib/thumb/v6-m/nofp/libstdc++.a(eh_personality.o) (__cxa_call_terminate)
/usr/lib/gcc/arm-none-eabi/8.3.1/../../../arm-none-eabi/lib/thumb/v6-m/nofp/libstdc++.a(eh_arm.o)
                              CMakeFiles/BMP280.dir/main.cpp.obj (__cxa_end_cleanup)
/usr/lib/gcc/arm-none-eabi/8.3.1/../../../arm-none-eabi/lib/thumb/v6-m/nofp/libstdc++.a(eh_alloc.o)
                              /usr/lib/gcc/arm-none-eabi/8.3.1/../../../arm-none-eabi/lib/thumb/v6-m/nofp/libstdc++.a(eh_call.o) (__cxa_allocate_exception)
/usr/lib/gcc/arm-none-eabi/8.3.1/../../../arm-none-eabi/lib/thumb/v6-m/nofp/libstdc++.a(eh_throw.o)
                              /usr/lib/gcc/arm-none-eabi/8.3.1/../../../arm-none-eabi/lib/thumb/v6-m/nofp/libstdc++.a(eh_call.o) (__cxa_throw)
/usr/lib/gcc/arm-none-eabi/8.3.1/../../../arm-none-eabi/lib/thumb/v6-m/nofp/libstdc++.a(eh_terminate.o)
                              /usr/lib/gcc/arm-none-eabi/8.3.1/../../../arm-none-eabi/lib/thumb/v6-m/nofp/libstdc++.a(eh_call.o) (__cxxabiv1::__terminate(void (*)()))
/usr/lib/gcc/arm-none-eabi/8.3.1/../../../arm-none-eabi/lib/thumb/v6-m/nofp/libstdc++.a(eh_term_handler.o)
                              /usr/lib/gcc/arm-none-eabi/8.3.1/../../../arm-none-eabi/lib/thumb/v6-m/nofp/libstdc++.a(eh_terminate.o) (__cxxabiv1::__terminate_handler)
/usr/lib/gcc/arm-none-eabi/8.3.1/../../../arm-none-eabi/lib/thumb/v6-m/nofp/libstdc++.a(eh_globals.o)
                              /usr/lib/gcc/arm-none-eabi/8.3.1/../../../arm-none-eabi/lib/thumb/v6-m/nofp/libstdc++.a(eh_catch.o) (__cxa_get_globals_fast)
/usr/lib/gcc/arm-none-eabi/8.3.1/../../../arm-none-eabi/lib/thumb/v6-m/nofp/libstdc++.a(eh_exception.o)
                              /usr/lib/gcc/arm-none-eabi/8.3.1/../../../arm-none-eabi/lib/thumb/v6-m/nofp/libstdc++.a(eh_call.o) (std::bad_exception::~bad_exception())
/usr/lib/gcc/arm-none-eabi/8.3.1/../../../arm-none-eabi/lib/thumb/v6-m/nofp/libstdc++.a(del_ops.o)
                              /usr/lib/gcc/arm-none-eabi/8.3.1/../../../arm-none-eabi/lib/thumb/v6-m/nofp/libstdc++.a(eh_exception.o) (operator delete(void*, unsigned int))
/usr/lib/gcc/arm-none-eabi/8.3.1/../../../arm-none-eabi/lib/thumb/v6-m/nofp/libstdc++.a(del_op.o)
                              /usr/lib/gcc/arm-none-eabi/8.3.1/../../../arm-none-eabi/lib/thumb/v6-m/nofp/libstdc++.a(del_ops.o) (operator delete(void*))
/usr/lib/gcc/arm-none-eabi/8.3.1/../../../arm-none-eabi/lib/thumb/v6-m/nofp/libstdc++.a(class_type_info.o)
                              /usr/lib/gcc/arm-none-eabi/8.3.1/../../../arm-none-eabi/lib/thumb/v6-m/nofp/libstdc++.a(eh_exception.o) (vtable for __cxxabiv1::__class_type_info)
/usr/lib/gcc/arm-none-eabi/8.3.1/../../../arm-none-eabi/lib/thumb/v6-m/nofp/libstdc++.a(tinfo.o)
                              /usr/lib/gcc/arm-none-eabi/8.3.1/../../../arm-none-eabi/lib/thumb/v6-m/nofp/libstdc++.a(class_type_info.o) (std::type_info::~type_info())
/usr/lib/gcc/arm-none-eabi/8.3.1/../../../arm-none-eabi/lib/thumb/v6-m/nofp/libstdc++.a(si_class_type_info.o)
                              /usr/lib/gcc/arm-none-eabi/8.3.1/../../../arm-none-eabi/lib/thumb/v6-m/nofp/libstdc++.a(eh_exception.o) (vtable for __cxxabiv1::__si_class_type_info)
/usr/lib/gcc/arm-none-eabi/8.3.1/../../../arm-none-eabi/lib/thumb/v6-m/nofp/libstdc++.a(pure.o)
                              /usr/lib/gcc/arm-none-eabi/8.3.1/../../../arm-none-eabi/lib/thumb/v6-m/nofp/libstdc++.a(eh_exception.o) (__cxa_pure_virtual)
/usr/lib/gcc/arm-none-eabi/8.3.1/../../../arm-none-eabi/lib/thumb/v6-m/nofp/libstdc++.a(eh_unex_handler.o)
                              /usr/lib/gcc/arm-none-eabi/8.3.1/../../../arm-none-eabi/lib/thumb/v6-m/nofp/libstdc++.a(eh_terminate.o) (__cxxabiv1::__unexpected_handler)
/usr/lib/gcc/arm-none-eabi/8.3.1/thumb/v6-m/nofp/libgcc.a(_dvmd_tls.o)
                              CMakeFiles/BMP280.dir/home/aniket/pico/pico-sdk/src/rp2_common/pico_divider/divider.S.obj (__aeabi_idiv0)
/usr/lib/gcc/arm-none-eabi/8.3.1/thumb/v6-m/nofp/libgcc.a(unwind-arm.o)
                              CMakeFiles/BMP280.dir/src/BMP280.cpp.obj (__aeabi_unwind_cpp_pr1)
/usr/lib/gcc/arm-none-eabi/8.3.1/thumb/v6-m/nofp/libgcc.a(libunwind.o)
                              /usr/lib/gcc/arm-none-eabi/8.3.1/thumb/v6-m/nofp/libgcc.a(unwind-arm.o) (restore_core_regs)
[...]
Memory Configuration

Name             Origin             Length             Attributes
FLASH            0x0000000010000000 0x0000000000200000 xr
RAM              0x0000000020000000 0x0000000000040000 xrw
SCRATCH_X        0x0000000020040000 0x0000000000001000 xrw
SCRATCH_Y        0x0000000020041000 0x0000000000001000 xrw
*default*        0x0000000000000000 0xffffffffffffffff

Linker script and memory map

LOAD /usr/lib/gcc/arm-none-eabi/8.3.1/thumb/v6-m/nofp/crti.o
LOAD /usr/lib/gcc/arm-none-eabi/8.3.1/thumb/v6-m/nofp/crtbegin.o
LOAD /usr/lib/gcc/arm-none-eabi/8.3.1/../../../arm-none-eabi/lib/thumb/v6-m/nofp/crt0.o

.flash_begin    0x0000000010000000        0x0
                0x0000000010000000                __flash_binary_start = .

.boot2          0x0000000010000000      0x100
                0x0000000010000000                __boot2_start__ = .
 *(.boot2)
 .boot2         0x0000000010000000      0x100 /tmp/ccO4JHGr.o
                0x0000000010000100                __boot2_end__ = .
                0x0000000000000001                ASSERT (((__boot2_end__ - __boot2_start__) == 0x100), ERROR: Pico second stage bootloader must be 256 bytes in size)

.text           0x0000000010000100     0x6808
                0x0000000010000100                __logical_binary_start = .
 *(.vectors)
 .vectors       0x0000000010000100       0xd4 CMakeFiles/BMP280.dir/home/aniket/pico/pico-sdk/src/rp2_common/pico_standard_link/crt0.S.obj
                0x0000000010000100                __vectors
                0x0000000010000100                __VECTOR_TABLE
                0x00000000100001c0                isr_invalid
                0x00000000100001c0                __default_isrs_start
                0x00000000100001c2                isr_nmi
                0x00000000100001c4                isr_hardfault
                0x00000000100001c6                isr_svcall
                0x00000000100001c8                isr_pendsv
                0x00000000100001ca                isr_systick
                0x00000000100001cc                isr_irq30
                0x00000000100001cc                __unhandled_user_irq
                0x00000000100001cc                isr_irq13
                0x00000000100001cc                isr_irq27
                0x00000000100001cc                isr_irq31
                0x00000000100001cc                isr_irq5
                0x00000000100001cc                isr_irq11
                0x00000000100001cc                isr_irq23
                0x00000000100001cc                isr_irq18
                0x00000000100001cc                isr_irq28
                0x00000000100001cc                isr_irq19
                0x00000000100001cc                isr_irq0
                0x00000000100001cc                isr_irq6
                0x00000000100001cc                isr_irq22
                0x00000000100001cc                isr_irq17
                0x00000000100001cc                isr_irq14
                0x00000000100001cc                isr_irq2
                0x00000000100001cc                isr_irq10
                0x00000000100001cc                isr_irq8
                0x00000000100001cc                isr_irq24
                0x00000000100001cc                isr_irq1
                0x00000000100001cc                isr_irq7
                0x00000000100001cc                isr_irq21
                0x00000000100001cc                isr_irq20
                0x00000000100001cc                isr_irq15
                0x00000000100001cc                isr_irq25
                0x00000000100001cc                isr_irq4
                0x00000000100001cc                isr_irq16
                0x00000000100001cc                isr_irq29
                0x00000000100001cc                isr_irq26
                0x00000000100001cc                __default_isrs_end
                0x00000000100001cc                isr_irq3
                0x00000000100001cc                isr_irq12
                0x00000000100001cc                isr_irq9
                0x00000000100001d2                unhandled_user_irq_num_in_r0
 *(.binary_info_header)
 .binary_info_header
                0x00000000100001d4       0x14 CMakeFiles/BMP280.dir/home/aniket/pico/pico-sdk/src/rp2_common/pico_standard_link/crt0.S.obj
                0x00000000100001e8                __binary_info_header_end = .
 *(.reset)
 .reset         0x00000000100001e8       0xa8 CMakeFiles/BMP280.dir/home/aniket/pico/pico-sdk/src/rp2_common/pico_standard_link/crt0.S.obj
                0x00000000100001e8                _entry_point
                0x0000000010000266                __get_current_exception
 .reset         0x0000000010000290       0x30 CMakeFiles/BMP280.dir/home/aniket/pico/pico-sdk/src/rp2_common/pico_standard_link/binary_info.c.obj
 *(.init)
 .init          0x00000000100002c0        0x4 /usr/lib/gcc/arm-none-eabi/8.3.1/thumb/v6-m/nofp/crti.o
                0x00000000100002c0                _init
 *(EXCLUDE_FILE(*libm.a: *libc.a:*lib_a-mem*.o *libgcc.a:) .text*)
 .text          0x00000000100002c4       0x98 /usr/lib/gcc/arm-none-eabi/8.3.1/thumb/v6-m/nofp/crtbegin.o
 .text.main     0x000000001000035c       0x64 CMakeFiles/BMP280.dir/main.cpp.obj
                0x000000001000035c                main
 .text._ZN6BMP28013config_sensorEv
                0x00000000100003c0       0x4c CMakeFiles/BMP280.dir/src/BMP280.cpp.obj
                0x00000000100003c0                BMP280::config_sensor()
 .text._ZN6BMP28021read_calibration_dataEv
                0x000000001000040c       0xba CMakeFiles/BMP280.dir/src/BMP280.cpp.obj
                0x000000001000040c                BMP280::read_calibration_data()
 *fill*         0x00000000100004c6        0x2 
 .text._ZN6BMP280C2EP8i2c_instjjj
                0x00000000100004c8       0x80 CMakeFiles/BMP280.dir/src/BMP280.cpp.obj
                0x00000000100004c8                BMP280::BMP280(i2c_inst*, unsigned int, unsigned int, unsigned int)
                0x00000000100004c8                BMP280::BMP280(i2c_inst*, unsigned int, unsigned int, unsigned int)
 .text._ZN6BMP28020read_raw_sensor_dataEv
                0x0000000010000548       0x42 CMakeFiles/BMP280.dir/src/BMP280.cpp.obj
                0x0000000010000548                BMP280::read_raw_sensor_data()
 *fill*         0x000000001000058a        0x2 
 .text._ZN6BMP28016read_temperatureEv
                0x000000001000058c       0x6c CMakeFiles/BMP280.dir/src/BMP280.cpp.obj
                0x000000001000058c                BMP280::read_temperature()
 .text._ZN6BMP28013read_pressureEv
                0x00000000100005f8      0x1b4 CMakeFiles/BMP280.dir/src/BMP280.cpp.obj
                0x00000000100005f8                BMP280::read_pressure()
 .text.gpio_set_function
                0x00000000100007ac       0x30 CMakeFiles/BMP280.dir/home/aniket/pico/pico-sdk/src/rp2_common/hardware_gpio/gpio.c.obj
                0x00000000100007ac                gpio_set_function
 .text.gpio_set_pulls
                0x00000000100007dc       0x34 CMakeFiles/BMP280.dir/home/aniket/pico/pico-sdk/src/rp2_common/hardware_gpio/gpio.c.obj
                0x00000000100007dc                gpio_set_pulls
 .text.hw_claim_lock
                0x0000000010000810       0x18 CMakeFiles/BMP280.dir/home/aniket/pico/pico-sdk/src/rp2_common/hardware_claim/claim.c.obj
                0x0000000010000810                hw_claim_lock
 .text.hw_claim_unlock
                0x0000000010000828       0x14 CMakeFiles/BMP280.dir/home/aniket/pico/pico-sdk/src/rp2_common/hardware_claim/claim.c.obj
                0x0000000010000828                hw_claim_unlock
 .text.hw_claim_or_assert
                0x000000001000083c       0x32 CMakeFiles/BMP280.dir/home/aniket/pico/pico-sdk/src/rp2_common/hardware_claim/claim.c.obj
                0x000000001000083c                hw_claim_or_assert
 *fill*         0x000000001000086e        0x2 
 .text.running_on_fpga
                0x0000000010000870       0x14 CMakeFiles/BMP280.dir/home/aniket/pico/pico-sdk/src/rp2_common/pico_platform/platform.c.obj
                0x0000000010000870                running_on_fpga
 .text.spin_locks_reset
                0x0000000010000884       0x20 CMakeFiles/BMP280.dir/home/aniket/pico/pico-sdk/src/rp2_common/hardware_sync/sync.c.obj
                0x0000000010000884                spin_locks_reset
 .text.next_striped_spin_lock_num
                0x00000000100008a4       0x1c CMakeFiles/BMP280.dir/home/aniket/pico/pico-sdk/src/rp2_common/hardware_sync/sync.c.obj
                0x00000000100008a4                next_striped_spin_lock_num
 .text.uart_set_baudrate
                0x00000000100008c0       0x5c CMakeFiles/BMP280.dir/home/aniket/pico/pico-sdk/src/rp2_common/hardware_uart/uart.c.obj
                0x00000000100008c0                uart_set_baudrate
 .text.uart_set_translate_crlf
                0x000000001000091c       0x28 CMakeFiles/BMP280.dir/home/aniket/pico/pico-sdk/src/rp2_common/hardware_uart/uart.c.obj
                0x000000001000091c                uart_set_translate_crlf
 .text.uart_init
                0x0000000010000944       0x80 CMakeFiles/BMP280.dir/home/aniket/pico/pico-sdk/src/rp2_common/hardware_uart/uart.c.obj
                0x0000000010000944                uart_init
 .text.sleep_until_callback
                0x00000000100009c4       0x30 CMakeFiles/BMP280.dir/home/aniket/pico/pico-sdk/src/common/pico_time/time.c.obj
 .text.alarm_pool_post_alloc_init
                0x00000000100009f4       0x40 CMakeFiles/BMP280.dir/home/aniket/pico/pico-sdk/src/common/pico_time/time.c.obj
 .text.timer_pool_entry_comparator
                0x0000000010000a34       0x7c CMakeFiles/BMP280.dir/home/aniket/pico/pico-sdk/src/common/pico_time/time.c.obj
                0x0000000010000a34                timer_pool_entry_comparator
 .text.ph_add_child_node
                0x0000000010000ab0       0xa4 CMakeFiles/BMP280.dir/home/aniket/pico/pico-sdk/src/common/pico_time/time.c.obj
 .text.ph_merge_nodes
                0x0000000010000b54       0x3e CMakeFiles/BMP280.dir/home/aniket/pico/pico-sdk/src/common/pico_time/time.c.obj
 *fill*         0x0000000010000b92        0x2 
 .text.add_alarm_under_lock
                0x0000000010000b94      0x180 CMakeFiles/BMP280.dir/home/aniket/pico/pico-sdk/src/common/pico_time/time.c.obj
 .text.alarm_pool_alarm_callback
                0x0000000010000d14      0x328 CMakeFiles/BMP280.dir/home/aniket/pico/pico-sdk/src/common/pico_time/time.c.obj
 .text.alarm_pool_init_default
                0x000000001000103c       0x38 CMakeFiles/BMP280.dir/home/aniket/pico/pico-sdk/src/common/pico_time/time.c.obj
                0x000000001000103c                alarm_pool_init_default
 .text.alarm_pool_get_default
                0x0000000010001074       0x2c CMakeFiles/BMP280.dir/home/aniket/pico/pico-sdk/src/common/pico_time/time.c.obj
                0x0000000010001074                alarm_pool_get_default
 .text.alarm_pool_add_alarm_at
                0x00000000100010a0      0x154 CMakeFiles/BMP280.dir/home/aniket/pico/pico-sdk/src/common/pico_time/time.c.obj
                0x00000000100010a0                alarm_pool_add_alarm_at
 .text.sleep_until
                0x00000000100011f4       0xf8 CMakeFiles/BMP280.dir/home/aniket/pico/pico-sdk/src/common/pico_time/time.c.obj
                0x00000000100011f4                sleep_until
 .text.sleep_us
                0x00000000100012ec       0x54 CMakeFiles/BMP280.dir/home/aniket/pico/pico-sdk/src/common/pico_time/time.c.obj
                0x00000000100012ec                sleep_us
 .text.sleep_ms
                0x0000000010001340       0x14 CMakeFiles/BMP280.dir/home/aniket/pico/pico-sdk/src/common/pico_time/time.c.obj
                0x0000000010001340                sleep_ms
 .text.hardware_alarm_irq_handler
                0x0000000010001354       0x8c CMakeFiles/BMP280.dir/home/aniket/pico/pico-sdk/src/rp2_common/hardware_timer/timer.c.obj
 .text.hardware_alarm_claim
                0x00000000100013e0       0x18 CMakeFiles/BMP280.dir/home/aniket/pico/pico-sdk/src/rp2_common/hardware_timer/timer.c.obj
                0x00000000100013e0                hardware_alarm_claim
 .text.time_us_64
                0x00000000100013f8       0x18 CMakeFiles/BMP280.dir/home/aniket/pico/pico-sdk/src/rp2_common/hardware_timer/timer.c.obj
                0x00000000100013f8                time_us_64
 .text.busy_wait_until
                0x0000000010001410       0x24 CMakeFiles/BMP280.dir/home/aniket/pico/pico-sdk/src/rp2_common/hardware_timer/timer.c.obj
                0x0000000010001410                busy_wait_until
 .text.hardware_alarm_set_callback
                0x0000000010001434       0x90 CMakeFiles/BMP280.dir/home/aniket/pico/pico-sdk/src/rp2_common/hardware_timer/timer.c.obj
                0x0000000010001434                hardware_alarm_set_callback
 .text.hardware_alarm_set_target
                0x00000000100014c4       0xe8 CMakeFiles/BMP280.dir/home/aniket/pico/pico-sdk/src/rp2_common/hardware_timer/timer.c.obj
                0x00000000100014c4                hardware_alarm_set_target
 .text.hardware_alarm_cancel
                0x00000000100015ac       0x40 CMakeFiles/BMP280.dir/home/aniket/pico/pico-sdk/src/rp2_common/hardware_timer/timer.c.obj
                0x00000000100015ac                hardware_alarm_cancel
 .text.lock_init
                0x00000000100015ec       0x10 CMakeFiles/BMP280.dir/home/aniket/pico/pico-sdk/src/common/pico_sync/lock_core.c.obj
                0x00000000100015ec                lock_init
 .text.mutex_init_internal
                0x00000000100015fc       0x1e CMakeFiles/BMP280.dir/home/aniket/pico/pico-sdk/src/common/pico_sync/mutex.c.obj
 .text.mutex_init
                0x000000001000161a        0xa CMakeFiles/BMP280.dir/home/aniket/pico/pico-sdk/src/common/pico_sync/mutex.c.obj
                0x000000001000161a                mutex_init
 .text.recursive_mutex_init
                0x0000000010001624        0xa CMakeFiles/BMP280.dir/home/aniket/pico/pico-sdk/src/common/pico_sync/mutex.c.obj
                0x0000000010001624                recursive_mutex_init
 *fill*         0x000000001000162e        0x2 
 .text.ph_add_child_node
                0x0000000010001630       0xa4 CMakeFiles/BMP280.dir/home/aniket/pico/pico-sdk/src/common/pico_util/pheap.c.obj
 .text.ph_merge_nodes
                0x00000000100016d4       0x3e CMakeFiles/BMP280.dir/home/aniket/pico/pico-sdk/src/common/pico_util/pheap.c.obj
 *fill*         0x0000000010001712        0x2 
 .text.ph_clear
                0x0000000010001714       0x70 CMakeFiles/BMP280.dir/home/aniket/pico/pico-sdk/src/common/pico_util/pheap.c.obj
                0x0000000010001714                ph_clear
 .text.ph_post_alloc_init
                0x0000000010001784        0xe CMakeFiles/BMP280.dir/home/aniket/pico/pico-sdk/src/common/pico_util/pheap.c.obj
                0x0000000010001784                ph_post_alloc_init
 *fill*         0x0000000010001792        0x2 
 .text.ph_merge_two_pass
                0x0000000010001794       0xac CMakeFiles/BMP280.dir/home/aniket/pico/pico-sdk/src/common/pico_util/pheap.c.obj
                0x0000000010001794                ph_merge_two_pass
 .text.ph_remove_any_head
                0x0000000010001840      0x108 CMakeFiles/BMP280.dir/home/aniket/pico/pico-sdk/src/common/pico_util/pheap.c.obj
 .text.ph_remove_head
                0x0000000010001948       0x14 CMakeFiles/BMP280.dir/home/aniket/pico/pico-sdk/src/common/pico_util/pheap.c.obj
                0x0000000010001948                ph_remove_head
 .text.ph_remove_and_free_node
                0x000000001000195c       0xf8 CMakeFiles/BMP280.dir/home/aniket/pico/pico-sdk/src/common/pico_util/pheap.c.obj
                0x000000001000195c                ph_remove_and_free_node
 .text.runtime_init
                0x0000000010001a54       0xd8 CMakeFiles/BMP280.dir/home/aniket/pico/pico-sdk/src/rp2_common/pico_runtime/runtime.c.obj
                0x0000000010001a54                runtime_init
 .text._exit    0x0000000010001b2c        0x4 CMakeFiles/BMP280.dir/home/aniket/pico/pico-sdk/src/rp2_common/pico_runtime/runtime.c.obj
                0x0000000010001b2c                _exit
 .text._sbrk    0x0000000010001b30       0x38 CMakeFiles/BMP280.dir/home/aniket/pico/pico-sdk/src/rp2_common/pico_runtime/runtime.c.obj
                0x0000000010001b30                _sbrk
 .text.exit     0x0000000010001b68        0x6 CMakeFiles/BMP280.dir/home/aniket/pico/pico-sdk/src/rp2_common/pico_runtime/runtime.c.obj
                0x0000000010001b68                exit
 *fill*         0x0000000010001b6e        0x2 
 .text.__assert_func
                0x0000000010001b70       0x3c CMakeFiles/BMP280.dir/home/aniket/pico/pico-sdk/src/rp2_common/pico_runtime/runtime.c.obj
                0x0000000010001b70                __assert_func
 .text.panic    0x0000000010001bac       0x30 CMakeFiles/BMP280.dir/home/aniket/pico/pico-sdk/src/rp2_common/pico_runtime/runtime.c.obj
                0x0000000010001bac                panic
 .text.clock_configure
                0x0000000010001bdc       0xfc CMakeFiles/BMP280.dir/home/aniket/pico/pico-sdk/src/rp2_common/hardware_clocks/clocks.c.obj
                0x0000000010001bdc                clock_configure
 .text.clocks_init
                0x0000000010001cd8      0x100 CMakeFiles/BMP280.dir/home/aniket/pico/pico-sdk/src/rp2_common/hardware_clocks/clocks.c.obj
                0x0000000010001cd8                clocks_init
 .text.clock_get_hz
                0x0000000010001dd8        0xc CMakeFiles/BMP280.dir/home/aniket/pico/pico-sdk/src/rp2_common/hardware_clocks/clocks.c.obj
                0x0000000010001dd8                clock_get_hz
 .text.set_raw_irq_handler_and_unlock
                0x0000000010001de4       0x28 CMakeFiles/BMP280.dir/home/aniket/pico/pico-sdk/src/rp2_common/hardware_irq/irq.c.obj
 .text.make_branch
                0x0000000010001e0c       0x34 CMakeFiles/BMP280.dir/home/aniket/pico/pico-sdk/src/rp2_common/hardware_irq/irq.c.obj
 .text.insert_branch_and_link
                0x0000000010001e40       0x40 CMakeFiles/BMP280.dir/home/aniket/pico/pico-sdk/src/rp2_common/hardware_irq/irq.c.obj
 .text.irq_is_enabled
                0x0000000010001e80       0x18 CMakeFiles/BMP280.dir/home/aniket/pico/pico-sdk/src/rp2_common/hardware_irq/irq.c.obj
                0x0000000010001e80                irq_is_enabled
 .text.irq_set_mask_enabled
                0x0000000010001e98       0x20 CMakeFiles/BMP280.dir/home/aniket/pico/pico-sdk/src/rp2_common/hardware_irq/irq.c.obj
                0x0000000010001e98                irq_set_mask_enabled
 .text.irq_set_enabled
                0x0000000010001eb8        0xe CMakeFiles/BMP280.dir/home/aniket/pico/pico-sdk/src/rp2_common/hardware_irq/irq.c.obj
                0x0000000010001eb8                irq_set_enabled
 *fill*         0x0000000010001ec6        0x2 
 .text.irq_get_vtable_handler
                0x0000000010001ec8       0x10 CMakeFiles/BMP280.dir/home/aniket/pico/pico-sdk/src/rp2_common/hardware_irq/irq.c.obj
                0x0000000010001ec8                irq_get_vtable_handler
 .text.irq_set_exclusive_handler
                0x0000000010001ed8       0x54 CMakeFiles/BMP280.dir/home/aniket/pico/pico-sdk/src/rp2_common/hardware_irq/irq.c.obj
                0x0000000010001ed8                irq_set_exclusive_handler
 .text.irq_remove_handler
                0x0000000010001f2c      0x1a8 CMakeFiles/BMP280.dir/home/aniket/pico/pico-sdk/src/rp2_common/hardware_irq/irq.c.obj
                0x0000000010001f2c                irq_remove_handler
 .text.irq_set_priority
                0x00000000100020d4       0x28 CMakeFiles/BMP280.dir/home/aniket/pico/pico-sdk/src/rp2_common/hardware_irq/irq.c.obj
                0x00000000100020d4                irq_set_priority
 .text.irq_add_tail_to_free_list
                0x00000000100020fc       0xf0 CMakeFiles/BMP280.dir/home/aniket/pico/pico-sdk/src/rp2_common/hardware_irq/irq.c.obj
                0x00000000100020fc                irq_add_tail_to_free_list
 .text.irq_init_priorities
                0x00000000100021ec       0x16 CMakeFiles/BMP280.dir/home/aniket/pico/pico-sdk/src/rp2_common/hardware_irq/irq.c.obj
                0x00000000100021ec                irq_init_priorities
 *fill*         0x0000000010002202        0x2 
 .text.pll_init
                0x0000000010002204      0x114 CMakeFiles/BMP280.dir/home/aniket/pico/pico-sdk/src/rp2_common/hardware_pll/pll.c.obj
                0x0000000010002204                pll_init
 .text.watchdog_start_tick
                0x0000000010002318       0x10 CMakeFiles/BMP280.dir/home/aniket/pico/pico-sdk/src/rp2_common/hardware_watchdog/watchdog.c.obj
                0x0000000010002318                watchdog_start_tick
 .text.xosc_init
                0x0000000010002328       0x28 CMakeFiles/BMP280.dir/home/aniket/pico/pico-sdk/src/rp2_common/hardware_xosc/xosc.c.obj
                0x0000000010002328                xosc_init
 .text._out_null
                0x0000000010002350        0x2 CMakeFiles/BMP280.dir/home/aniket/pico/pico-sdk/src/rp2_common/pico_printf/printf.c.obj
 .text._out_fct
                0x0000000010002352        0xe CMakeFiles/BMP280.dir/home/aniket/pico/pico-sdk/src/rp2_common/pico_printf/printf.c.obj
 .text._atoi    0x0000000010002360       0x28 CMakeFiles/BMP280.dir/home/aniket/pico/pico-sdk/src/rp2_common/pico_printf/printf.c.obj
 .text._out_rev
                0x0000000010002388       0x8c CMakeFiles/BMP280.dir/home/aniket/pico/pico-sdk/src/rp2_common/pico_printf/printf.c.obj
 .text._ntoa_format
                0x0000000010002414      0x10c CMakeFiles/BMP280.dir/home/aniket/pico/pico-sdk/src/rp2_common/pico_printf/printf.c.obj
 .text._ntoa_long
                0x0000000010002520       0xb0 CMakeFiles/BMP280.dir/home/aniket/pico/pico-sdk/src/rp2_common/pico_printf/printf.c.obj
 .text._ntoa_long_long
                0x00000000100025d0       0xe6 CMakeFiles/BMP280.dir/home/aniket/pico/pico-sdk/src/rp2_common/pico_printf/printf.c.obj
 *fill*         0x00000000100026b6        0x2 
 .text._etoa    0x00000000100026b8      0x408 CMakeFiles/BMP280.dir/home/aniket/pico/pico-sdk/src/rp2_common/pico_printf/printf.c.obj
 .text._ftoa    0x0000000010002ac0      0x344 CMakeFiles/BMP280.dir/home/aniket/pico/pico-sdk/src/rp2_common/pico_printf/printf.c.obj
 .text._vsnprintf
                0x0000000010002e04      0x61c CMakeFiles/BMP280.dir/home/aniket/pico/pico-sdk/src/rp2_common/pico_printf/printf.c.obj
 .text.vfctprintf
                0x0000000010003420       0x20 CMakeFiles/BMP280.dir/home/aniket/pico/pico-sdk/src/rp2_common/pico_printf/printf.c.obj
                0x0000000010003420                vfctprintf
 .text          0x0000000010003440       0x10 CMakeFiles/BMP280.dir/home/aniket/pico/pico-sdk/src/rp2_common/pico_bit_ops/bit_ops_aeabi.S.obj
 .text.rom_func_lookup
                0x0000000010003450       0x10 CMakeFiles/BMP280.dir/home/aniket/pico/pico-sdk/src/rp2_common/pico_bootrom/bootrom.c.obj
                0x0000000010003450                rom_func_lookup
 .text.rom_data_lookup
                0x0000000010003460       0x10 CMakeFiles/BMP280.dir/home/aniket/pico/pico-sdk/src/rp2_common/pico_bootrom/bootrom.c.obj
                0x0000000010003460                rom_data_lookup
 .text.rom_funcs_lookup
                0x0000000010003470       0x36 CMakeFiles/BMP280.dir/home/aniket/pico/pico-sdk/src/rp2_common/pico_bootrom/bootrom.c.obj
                0x0000000010003470                rom_funcs_lookup
 *fill*         0x00000000100034a6        0x2 
 .text.__wrap___aeabi_idiv
                0x00000000100034a8       0x50 CMakeFiles/BMP280.dir/home/aniket/pico/pico-sdk/src/rp2_common/pico_divider/divider.S.obj
                0x00000000100034a8                __wrap___aeabi_idivmod
                0x00000000100034a8                divmod_s32s32
                0x00000000100034a8                div_s32s32
                0x00000000100034a8                __wrap___aeabi_idiv
                0x00000000100034b0                divmod_s32s32_unsafe
                0x00000000100034dc                divmod_s32s32_savestate
 .text.__wrap___aeabi_uidiv
                0x00000000100034f8       0x4c CMakeFiles/BMP280.dir/home/aniket/pico/pico-sdk/src/rp2_common/pico_divider/divider.S.obj
                0x00000000100034f8                __wrap___aeabi_uidiv
                0x00000000100034f8                __wrap___aeabi_uidivmod
                0x00000000100034f8                div_u32u32
                0x00000000100034f8                divmod_u32u32
                0x0000000010003500                divmod_u32u32_unsafe
                0x0000000010003528                divmod_u32u32_savestate
 .text.__wrap___aeabi_ldiv
                0x0000000010003544      0x430 CMakeFiles/BMP280.dir/home/aniket/pico/pico-sdk/src/rp2_common/pico_divider/divider.S.obj
                0x0000000010003544                div_s64s64
                0x0000000010003544                divmod_s64s64
                0x0000000010003544                __wrap___aeabi_ldivmod
                0x000000001000357c                div_u64u64
                0x000000001000357c                divmod_u64u64
                0x000000001000357c                __wrap___aeabi_uldivmod
                0x000000001000358c                divmod_u64u64_savestate
                0x00000000100035b4                divmod_s64s64_unsafe
                0x000000001000363c                divmod_u64u64_unsafe
 .text.__wrap___aeabi_darithmetic
                0x0000000010003974       0x80 CMakeFiles/BMP280.dir/home/aniket/pico/pico-sdk/src/rp2_common/pico_double/double_aeabi.S.obj
                0x0000000010003974                __wrap___aeabi_drsub
                0x000000001000397a                __wrap___aeabi_dsub
                0x000000001000398c                __wrap___aeabi_dadd
                0x000000001000399e                __wrap___aeabi_ddiv
                0x00000000100039da                __wrap___aeabi_dmul
 .text.__wrap___aeabi_cdcmple
                0x00000000100039f4       0x6c CMakeFiles/BMP280.dir/home/aniket/pico/pico-sdk/src/rp2_common/pico_double/double_aeabi.S.obj
                0x00000000100039f4                __wrap___aeabi_cdrcmple
                0x0000000010003a04                __wrap___aeabi_cdcmple
                0x0000000010003a04                __wrap___aeabi_cdcmpeq
 .text.__wrap___aeabi_dcmplt
                0x0000000010003a60        0xc CMakeFiles/BMP280.dir/home/aniket/pico/pico-sdk/src/rp2_common/pico_double/double_aeabi.S.obj
                0x0000000010003a60                __wrap___aeabi_dcmplt
 .text.__wrap___aeabi_dcmple
                0x0000000010003a6c       0x10 CMakeFiles/BMP280.dir/home/aniket/pico/pico-sdk/src/rp2_common/pico_double/double_aeabi.S.obj
                0x0000000010003a6c                __wrap___aeabi_dcmple
 .text.__wrap___aeabi_dcmpge
                0x0000000010003a7c       0x10 CMakeFiles/BMP280.dir/home/aniket/pico/pico-sdk/src/rp2_common/pico_double/double_aeabi.S.obj
                0x0000000010003a7c                __wrap___aeabi_dcmpge
 .text.__wrap___aeabi_dcmpgt
                0x0000000010003a8c        0xa CMakeFiles/BMP280.dir/home/aniket/pico/pico-sdk/src/rp2_common/pico_double/double_aeabi.S.obj
                0x0000000010003a8c                __wrap___aeabi_dcmpgt
 .text.__wrap___aeabi_dcmpun
                0x0000000010003a96       0x1c CMakeFiles/BMP280.dir/home/aniket/pico/pico-sdk/src/rp2_common/pico_double/double_aeabi.S.obj
                0x0000000010003a96                __wrap___aeabi_dcmpun
 *fill*         0x0000000010003ab2        0x2 
 .text.__wrap___aeabi_i2d
                0x0000000010003ab4       0x38 CMakeFiles/BMP280.dir/home/aniket/pico/pico-sdk/src/rp2_common/pico_double/double_aeabi.S.obj
                0x0000000010003ab4                __wrap___aeabi_ui2d
                0x0000000010003abc                __wrap___aeabi_i2d
 .text.__wrap___aeabi_d2iz
                0x0000000010003aec       0x48 CMakeFiles/BMP280.dir/home/aniket/pico/pico-sdk/src/rp2_common/pico_double/double_aeabi.S.obj
                0x0000000010003aec                __wrap___aeabi_d2iz
                0x0000000010003aec                double2int_z
 .text.__wrap___aeabi_d2uiz
                0x0000000010003b34       0x18 CMakeFiles/BMP280.dir/home/aniket/pico/pico-sdk/src/rp2_common/pico_double/double_aeabi.S.obj
                0x0000000010003b34                double2uint
                0x0000000010003b34                __wrap___aeabi_d2uiz
 .text.__wrap___aeabi_d2f
                0x0000000010003b4c       0x18 CMakeFiles/BMP280.dir/home/aniket/pico/pico-sdk/src/rp2_common/pico_double/double_aeabi.S.obj
                0x0000000010003b4c                __wrap___aeabi_d2f
 .text.__aeabi_double_init
                0x0000000010003b64       0xb4 CMakeFiles/BMP280.dir/home/aniket/pico/pico-sdk/src/rp2_common/pico_double/double_init_rom.c.obj
                0x0000000010003b64                __aeabi_double_init
 .text.double_table_shim_on_use_helper
                0x0000000010003c18       0x34 CMakeFiles/BMP280.dir/home/aniket/pico/pico-sdk/src/rp2_common/pico_double/double_v1_rom_shim.S.obj
                0x0000000010003c18                double_table_shim_on_use_helper
 .text.__wrap___aeabi_dsub
                0x0000000010003c4c       0x10 CMakeFiles/BMP280.dir/home/aniket/pico/pico-sdk/src/rp2_common/pico_double/double_v1_rom_shim.S.obj
                0x0000000010003c4c                drsub_shim
                0x0000000010003c52                dsub_shim
 .text.dadd_shim
                0x0000000010003c5c      0x15c CMakeFiles/BMP280.dir/home/aniket/pico/pico-sdk/src/rp2_common/pico_double/double_v1_rom_shim.S.obj
                0x0000000010003c5c                dadd_shim
 .text.dmul_shim
                0x0000000010003db8      0x15c CMakeFiles/BMP280.dir/home/aniket/pico/pico-sdk/src/rp2_common/pico_double/double_v1_rom_shim.S.obj
                0x0000000010003db8                dmul_shim
 .text.ddiv_shim
                0x0000000010003f14      0x1b0 CMakeFiles/BMP280.dir/home/aniket/pico/pico-sdk/src/rp2_common/pico_double/double_v1_rom_shim.S.obj
                0x0000000010003f14                ddiv_shim
 .text.dcordic_rot_step
                0x00000000100040c4       0x7c CMakeFiles/BMP280.dir/home/aniket/pico/pico-sdk/src/rp2_common/pico_double/double_v1_rom_shim.S.obj
                0x00000000100040c4                dcordic_rot_step
 .text.double2uint_shim
                0x0000000010004140        0xe CMakeFiles/BMP280.dir/home/aniket/pico/pico-sdk/src/rp2_common/pico_double/double_v1_rom_shim.S.obj
                0x0000000010004140                double2uint_shim
                0x0000000010004142                double2ufix_shim
 *fill*         0x000000001000414e        0x2 
 .text.double2uint64_shim
                0x0000000010004150       0x6c CMakeFiles/BMP280.dir/home/aniket/pico/pico-sdk/src/rp2_common/pico_double/double_v1_rom_shim.S.obj
                0x0000000010004150                double2uint64_shim
                0x0000000010004152                double2ufix64_shim
                0x000000001000416c                d2fix_a
 .text.double2float_shim
                0x00000000100041bc       0x5c CMakeFiles/BMP280.dir/home/aniket/pico/pico-sdk/src/rp2_common/pico_double/double_v1_rom_shim.S.obj
                0x00000000100041bc                double2float_shim
 .text.dunpacks
                0x0000000010004218       0x3c CMakeFiles/BMP280.dir/home/aniket/pico/pico-sdk/src/rp2_common/pico_double/double_v1_rom_shim.S.obj
                0x0000000010004218                dunpacks
 .text.__aeabi_lmul
                0x0000000010004254       0x32 CMakeFiles/BMP280.dir/home/aniket/pico/pico-sdk/src/rp2_common/pico_int64_ops/pico_int64_ops_aeabi.S.obj
                0x0000000010004254                __wrap___aeabi_lmul
 *fill*         0x0000000010004286        0x2 
 .text.__wrap___aeabi_farithmetic
                0x0000000010004288       0x58 CMakeFiles/BMP280.dir/home/aniket/pico/pico-sdk/src/rp2_common/pico_float/float_aeabi.S.obj
                0x0000000010004288                __wrap___aeabi_frsub
                0x000000001000428e                __wrap___aeabi_fsub
                0x0000000010004298                __wrap___aeabi_fadd
                0x00000000100042a2                __wrap___aeabi_fdiv
                0x00000000100042ce                __wrap___aeabi_fmul
 .text.__wrap___aeabi_i2f
                0x00000000100042e0       0x44 CMakeFiles/BMP280.dir/home/aniket/pico/pico-sdk/src/rp2_common/pico_float/float_aeabi.S.obj
                0x00000000100042e0                __wrap___aeabi_i2f
 .text.__wrap___aeabi_l2f
                0x0000000010004324       0x20 CMakeFiles/BMP280.dir/home/aniket/pico/pico-sdk/src/rp2_common/pico_float/float_aeabi.S.obj
                0x0000000010004328                __wrap___aeabi_l2f
 .text.__wrap___aeabi_f2d
                0x0000000010004344       0x14 CMakeFiles/BMP280.dir/home/aniket/pico/pico-sdk/src/rp2_common/pico_float/float_aeabi.S.obj
                0x0000000010004344                __wrap___aeabi_f2d
 .text.__aeabi_float_init
                0x0000000010004358       0xfc CMakeFiles/BMP280.dir/home/aniket/pico/pico-sdk/src/rp2_common/pico_float/float_init_rom.c.obj
                0x0000000010004358                __aeabi_float_init
 .text.float_table_shim_on_use_helper
                0x0000000010004454       0x34 CMakeFiles/BMP280.dir/home/aniket/pico/pico-sdk/src/rp2_common/pico_float/float_v1_rom_shim.S.obj
                0x0000000010004454                float_table_shim_on_use_helper
 .text.642float_shims
                0x0000000010004488       0x44 CMakeFiles/BMP280.dir/home/aniket/pico/pico-sdk/src/rp2_common/pico_float/float_v1_rom_shim.S.obj
                0x0000000010004488                uint642float_shim
                0x000000001000448a                ufix642float_shim
                0x000000001000449a                int642float_shim
                0x000000001000449c                fix642float_shim
 .text.float2double_shim
                0x00000000100044cc       0x30 CMakeFiles/BMP280.dir/home/aniket/pico/pico-sdk/src/rp2_common/pico_float/float_v1_rom_shim.S.obj
                0x00000000100044cc                float2double_shim
 .text.__wrap_malloc
                0x00000000100044fc       0x24 CMakeFiles/BMP280.dir/home/aniket/pico/pico-sdk/src/rp2_common/pico_malloc/pico_malloc.c.obj
                0x00000000100044fc                __wrap_malloc
 .text.__wrap_free
                0x0000000010004520        0x8 CMakeFiles/BMP280.dir/home/aniket/pico/pico-sdk/src/rp2_common/pico_malloc/pico_malloc.c.obj
                0x0000000010004520                __wrap_free
 .text          0x0000000010004528       0x10 CMakeFiles/BMP280.dir/home/aniket/pico/pico-sdk/src/rp2_common/pico_mem_ops/mem_ops_aeabi.S.obj
                0x0000000010004528                __aeabi_mem_init
 .text.memset   0x0000000010004538        0xc CMakeFiles/BMP280.dir/home/aniket/pico/pico-sdk/src/rp2_common/pico_mem_ops/mem_ops_aeabi.S.obj
                0x0000000010004538                __wrap_memset
 .text.memcpy   0x0000000010004544        0xc CMakeFiles/BMP280.dir/home/aniket/pico/pico-sdk/src/rp2_common/pico_mem_ops/mem_ops_aeabi.S.obj
                0x0000000010004544                __wrap___aeabi_memcpy
                0x0000000010004544                __wrap_memcpy
 .text.stdio_out_chars_crlf
                0x0000000010004550       0x80 CMakeFiles/BMP280.dir/home/aniket/pico/pico-sdk/src/rp2_common/pico_stdio/stdio.c.obj
 .text.stdio_stack_buffer_flush
                0x00000000100045d0       0x44 CMakeFiles/BMP280.dir/home/aniket/pico/pico-sdk/src/rp2_common/pico_stdio/stdio.c.obj
 .text.stdio_buffered_printer
                0x0000000010004614       0x20 CMakeFiles/BMP280.dir/home/aniket/pico/pico-sdk/src/rp2_common/pico_stdio/stdio.c.obj
 .text.stdout_serialize_begin
                0x0000000010004634       0x30 CMakeFiles/BMP280.dir/home/aniket/pico/pico-sdk/src/rp2_common/pico_stdio/stdio.c.obj
                0x0000000010004634                stdout_serialize_begin
 .text.stdout_serialize_end
                0x0000000010004664       0x10 CMakeFiles/BMP280.dir/home/aniket/pico/pico-sdk/src/rp2_common/pico_stdio/stdio.c.obj
                0x0000000010004664                stdout_serialize_end
 .text.stdio_put_string
                0x0000000010004674       0x78 CMakeFiles/BMP280.dir/home/aniket/pico/pico-sdk/src/rp2_common/pico_stdio/stdio.c.obj
 .text.stdio_set_driver_enabled
                0x00000000100046ec       0x38 CMakeFiles/BMP280.dir/home/aniket/pico/pico-sdk/src/rp2_common/pico_stdio/stdio.c.obj
                0x00000000100046ec                stdio_set_driver_enabled
 .text.stdio_flush
                0x0000000010004724       0x20 CMakeFiles/BMP280.dir/home/aniket/pico/pico-sdk/src/rp2_common/pico_stdio/stdio.c.obj
                0x0000000010004724                stdio_flush
 .text.__wrap_puts
                0x0000000010004744       0x1c CMakeFiles/BMP280.dir/home/aniket/pico/pico-sdk/src/rp2_common/pico_stdio/stdio.c.obj
                0x0000000010004744                __wrap_puts
 .text.__wrap_vprintf
                0x0000000010004760       0x44 CMakeFiles/BMP280.dir/home/aniket/pico/pico-sdk/src/rp2_common/pico_stdio/stdio.c.obj
                0x0000000010004760                __wrap_vprintf
 .text.__wrap_printf
                0x00000000100047a4       0x18 CMakeFiles/BMP280.dir/home/aniket/pico/pico-sdk/src/rp2_common/pico_stdio/stdio.c.obj
                0x00000000100047a4                __wrap_printf
 .text.stdio_init_all
                0x00000000100047bc        0x8 CMakeFiles/BMP280.dir/home/aniket/pico/pico-sdk/src/rp2_common/pico_stdio/stdio.c.obj
                0x00000000100047bc                stdio_init_all
 .text.stdio_uart_out_chars
                0x00000000100047c4       0x74 CMakeFiles/BMP280.dir/home/aniket/pico/pico-sdk/src/rp2_common/pico_stdio_uart/stdio_uart.c.obj
 .text.stdio_uart_in_chars
                0x0000000010004838       0x54 CMakeFiles/BMP280.dir/home/aniket/pico/pico-sdk/src/rp2_common/pico_stdio_uart/stdio_uart.c.obj
                0x0000000010004838                stdio_uart_in_chars
 .text.stdio_uart_init_full
                0x000000001000488c       0x3c CMakeFiles/BMP280.dir/home/aniket/pico/pico-sdk/src/rp2_common/pico_stdio_uart/stdio_uart.c.obj
                0x000000001000488c                stdio_uart_init_full
 .text.stdio_uart_init
                0x00000000100048c8       0x28 CMakeFiles/BMP280.dir/home/aniket/pico/pico-sdk/src/rp2_common/pico_stdio_uart/stdio_uart.c.obj
                0x00000000100048c8                stdio_uart_init
 .text.i2c_write_blocking_internal
                0x00000000100048f0      0x12c CMakeFiles/BMP280.dir/home/aniket/pico/pico-sdk/src/rp2_common/hardware_i2c/i2c.c.obj
 .text.i2c_read_blocking_internal
                0x0000000010004a1c       0xd4 CMakeFiles/BMP280.dir/home/aniket/pico/pico-sdk/src/rp2_common/hardware_i2c/i2c.c.obj
 .text.i2c_deinit
                0x0000000010004af0       0x1c CMakeFiles/BMP280.dir/home/aniket/pico/pico-sdk/src/rp2_common/hardware_i2c/i2c.c.obj
                0x0000000010004af0                i2c_deinit
 .text.i2c_set_baudrate
                0x0000000010004b0c       0xec CMakeFiles/BMP280.dir/home/aniket/pico/pico-sdk/src/rp2_common/hardware_i2c/i2c.c.obj
                0x0000000010004b0c                i2c_set_baudrate
 .text.i2c_init
                0x0000000010004bf8       0x58 CMakeFiles/BMP280.dir/home/aniket/pico/pico-sdk/src/rp2_common/hardware_i2c/i2c.c.obj
                0x0000000010004bf8                i2c_init
 .text.i2c_write_blocking
                0x0000000010004c50       0x18 CMakeFiles/BMP280.dir/home/aniket/pico/pico-sdk/src/rp2_common/hardware_i2c/i2c.c.obj
                0x0000000010004c50                i2c_write_blocking
 .text.i2c_read_blocking
                0x0000000010004c68       0x18 CMakeFiles/BMP280.dir/home/aniket/pico/pico-sdk/src/rp2_common/hardware_i2c/i2c.c.obj
                0x0000000010004c68                i2c_read_blocking
 .text._ZL28read_encoded_value_with_basehjPKhPj
                0x0000000010004c80      0x10c /usr/lib/gcc/arm-none-eabi/8.3.1/../../../arm-none-eabi/lib/thumb/v6-m/nofp/libstdc++.a(eh_personality.o)
 .text._ZL21base_of_encoded_valuehP15_Unwind_Context
                0x0000000010004d8c       0x48 /usr/lib/gcc/arm-none-eabi/8.3.1/../../../arm-none-eabi/lib/thumb/v6-m/nofp/libstdc++.a(eh_personality.o)
 .text._ZL17parse_lsda_headerP15_Unwind_ContextPKhP16lsda_header_info
                0x0000000010004dd4       0x9c /usr/lib/gcc/arm-none-eabi/8.3.1/../../../arm-none-eabi/lib/thumb/v6-m/nofp/libstdc++.a(eh_personality.o)
 .text.__gxx_personality_v0
                0x0000000010004e70      0x4a4 /usr/lib/gcc/arm-none-eabi/8.3.1/../../../arm-none-eabi/lib/thumb/v6-m/nofp/libstdc++.a(eh_personality.o)
                0x0000000010004e70                __gxx_personality_v0
 .text.__cxa_begin_catch
                0x0000000010005314       0x74 /usr/lib/gcc/arm-none-eabi/8.3.1/../../../arm-none-eabi/lib/thumb/v6-m/nofp/libstdc++.a(eh_catch.o)
                0x0000000010005314                __cxa_begin_catch
 .text.__cxa_end_catch
                0x0000000010005388       0x8c /usr/lib/gcc/arm-none-eabi/8.3.1/../../../arm-none-eabi/lib/thumb/v6-m/nofp/libstdc++.a(eh_catch.o)
                0x0000000010005388                __cxa_end_catch
 .text._ZN10__cxxabiv1L24__is_gxx_exception_classEPc
                0x0000000010005414       0x3c /usr/lib/gcc/arm-none-eabi/8.3.1/../../../arm-none-eabi/lib/thumb/v6-m/nofp/libstdc++.a(eh_call.o)
 .text.__cxa_call_terminate
                0x0000000010005450       0x20 /usr/lib/gcc/arm-none-eabi/8.3.1/../../../arm-none-eabi/lib/thumb/v6-m/nofp/libstdc++.a(eh_call.o)
                0x0000000010005450                __cxa_call_terminate
 .text.unlikely.__cxa_call_unexpected
                0x0000000010005470      0x100 /usr/lib/gcc/arm-none-eabi/8.3.1/../../../arm-none-eabi/lib/thumb/v6-m/nofp/libstdc++.a(eh_call.o)
                0x0000000010005470                __cxa_call_unexpected
 .text.__cxa_end_cleanup
                0x0000000010005570        0xc /usr/lib/gcc/arm-none-eabi/8.3.1/../../../arm-none-eabi/lib/thumb/v6-m/nofp/libstdc++.a(eh_arm.o)
                0x0000000010005570                __cxa_end_cleanup
 .text.__cxa_type_match
                0x000000001000557c       0xd0 /usr/lib/gcc/arm-none-eabi/8.3.1/../../../arm-none-eabi/lib/thumb/v6-m/nofp/libstdc++.a(eh_arm.o)
                0x000000001000557c                __cxa_type_match
 .text.__cxa_begin_cleanup
                0x000000001000564c       0x60 /usr/lib/gcc/arm-none-eabi/8.3.1/../../../arm-none-eabi/lib/thumb/v6-m/nofp/libstdc++.a(eh_arm.o)
                0x000000001000564c                __cxa_begin_cleanup
 .text.__gnu_end_cleanup
                0x00000000100056ac       0x70 /usr/lib/gcc/arm-none-eabi/8.3.1/../../../arm-none-eabi/lib/thumb/v6-m/nofp/libstdc++.a(eh_arm.o)
                0x00000000100056ac                __gnu_end_cleanup
 .text._ZN12_GLOBAL__N_14pool4freeEPv.constprop.4
                0x000000001000571c       0x84 /usr/lib/gcc/arm-none-eabi/8.3.1/../../../arm-none-eabi/lib/thumb/v6-m/nofp/libstdc++.a(eh_alloc.o)
 .text._ZN12_GLOBAL__N_14pool8allocateEj.constprop.5
                0x00000000100057a0       0x64 /usr/lib/gcc/arm-none-eabi/8.3.1/../../../arm-none-eabi/lib/thumb/v6-m/nofp/libstdc++.a(eh_alloc.o)
 .text.__cxa_allocate_exception
                0x0000000010005804       0x2c /usr/lib/gcc/arm-none-eabi/8.3.1/../../../arm-none-eabi/lib/thumb/v6-m/nofp/libstdc++.a(eh_alloc.o)
                0x0000000010005804                __cxa_allocate_exception
 .text.__cxa_free_exception
                0x0000000010005830       0x24 /usr/lib/gcc/arm-none-eabi/8.3.1/../../../arm-none-eabi/lib/thumb/v6-m/nofp/libstdc++.a(eh_alloc.o)
                0x0000000010005830                __cxa_free_exception
 .text.startup._GLOBAL__sub_I__ZN9__gnu_cxx9__freeresEv
                0x0000000010005854       0x2c /usr/lib/gcc/arm-none-eabi/8.3.1/../../../arm-none-eabi/lib/thumb/v6-m/nofp/libstdc++.a(eh_alloc.o)
 .text._ZL23__gxx_exception_cleanup19_Unwind_Reason_CodeP21_Unwind_Control_Block
                0x0000000010005880       0x34 /usr/lib/gcc/arm-none-eabi/8.3.1/../../../arm-none-eabi/lib/thumb/v6-m/nofp/libstdc++.a(eh_throw.o)
 .text.__cxa_init_primary_exception
                0x00000000100058b4       0x4c /usr/lib/gcc/arm-none-eabi/8.3.1/../../../arm-none-eabi/lib/thumb/v6-m/nofp/libstdc++.a(eh_throw.o)
                0x00000000100058b4                __cxa_init_primary_exception
 .text.__cxa_throw
                0x0000000010005900       0x34 /usr/lib/gcc/arm-none-eabi/8.3.1/../../../arm-none-eabi/lib/thumb/v6-m/nofp/libstdc++.a(eh_throw.o)
                0x0000000010005900                __cxa_throw
 .text.__cxa_rethrow
                0x0000000010005934       0x70 /usr/lib/gcc/arm-none-eabi/8.3.1/../../../arm-none-eabi/lib/thumb/v6-m/nofp/libstdc++.a(eh_throw.o)
                0x0000000010005934                __cxa_rethrow
 .text._ZN10__cxxabiv111__terminateEPFvvE
                0x00000000100059a4       0x28 /usr/lib/gcc/arm-none-eabi/8.3.1/../../../arm-none-eabi/lib/thumb/v6-m/nofp/libstdc++.a(eh_terminate.o)
                0x00000000100059a4                __cxxabiv1::__terminate(void (*)())
 .text._ZSt9terminatev
                0x00000000100059cc       0x10 /usr/lib/gcc/arm-none-eabi/8.3.1/../../../arm-none-eabi/lib/thumb/v6-m/nofp/libstdc++.a(eh_terminate.o)
                0x00000000100059cc                std::terminate()
 .text._ZN10__cxxabiv112__unexpectedEPFvvE
                0x00000000100059dc        0x8 /usr/lib/gcc/arm-none-eabi/8.3.1/../../../arm-none-eabi/lib/thumb/v6-m/nofp/libstdc++.a(eh_terminate.o)
                0x00000000100059dc                __cxxabiv1::__unexpected(void (*)())
 .text._ZSt10unexpectedv
                0x00000000100059e4       0x10 /usr/lib/gcc/arm-none-eabi/8.3.1/../../../arm-none-eabi/lib/thumb/v6-m/nofp/libstdc++.a(eh_terminate.o)
                0x00000000100059e4                std::unexpected()
 .text._ZSt13get_terminatev
                0x00000000100059f4        0xc /usr/lib/gcc/arm-none-eabi/8.3.1/../../../arm-none-eabi/lib/thumb/v6-m/nofp/libstdc++.a(eh_terminate.o)
                0x00000000100059f4                std::get_terminate()
 .text._ZSt14get_unexpectedv
                0x0000000010005a00        0xc /usr/lib/gcc/arm-none-eabi/8.3.1/../../../arm-none-eabi/lib/thumb/v6-m/nofp/libstdc++.a(eh_terminate.o)
                0x0000000010005a00                std::get_unexpected()
 .text.__cxa_get_globals_fast
                0x0000000010005a0c        0x8 /usr/lib/gcc/arm-none-eabi/8.3.1/../../../arm-none-eabi/lib/thumb/v6-m/nofp/libstdc++.a(eh_globals.o)
                0x0000000010005a0c                __cxa_get_globals_fast
 .text.__cxa_get_globals
                0x0000000010005a14        0x8 /usr/lib/gcc/arm-none-eabi/8.3.1/../../../arm-none-eabi/lib/thumb/v6-m/nofp/libstdc++.a(eh_globals.o)
                0x0000000010005a14                __cxa_get_globals
 .text._ZNSt13bad_exceptionD2Ev
                0x0000000010005a1c        0x4 /usr/lib/gcc/arm-none-eabi/8.3.1/../../../arm-none-eabi/lib/thumb/v6-m/nofp/libstdc++.a(eh_exception.o)
                0x0000000010005a1c                std::bad_exception::~bad_exception()
                0x0000000010005a1c                std::bad_exception::~bad_exception()
 .text._ZNKSt13bad_exception4whatEv
                0x0000000010005a20        0x8 /usr/lib/gcc/arm-none-eabi/8.3.1/../../../arm-none-eabi/lib/thumb/v6-m/nofp/libstdc++.a(eh_exception.o)
                0x0000000010005a20                transaction clone for std::bad_exception::what() const
                0x0000000010005a20                std::bad_exception::what() const
 .text._ZNSt13bad_exceptionD0Ev
                0x0000000010005a28       0x10 /usr/lib/gcc/arm-none-eabi/8.3.1/../../../arm-none-eabi/lib/thumb/v6-m/nofp/libstdc++.a(eh_exception.o)
                0x0000000010005a28                std::bad_exception::~bad_exception()
 .text._ZdlPvj  0x0000000010005a38        0x8 /usr/lib/gcc/arm-none-eabi/8.3.1/../../../arm-none-eabi/lib/thumb/v6-m/nofp/libstdc++.a(del_ops.o)
                0x0000000010005a38                operator delete(void*, unsigned int)
 .text._ZdlPv   0x0000000010005a40        0x8 /usr/lib/gcc/arm-none-eabi/8.3.1/../../../arm-none-eabi/lib/thumb/v6-m/nofp/libstdc++.a(del_op.o)
                0x0000000010005a40                operator delete(void*)
 .text._ZNK10__cxxabiv117__class_type_info11__do_upcastEPKS0_PPv
                0x0000000010005a48       0x38 /usr/lib/gcc/arm-none-eabi/8.3.1/../../../arm-none-eabi/lib/thumb/v6-m/nofp/libstdc++.a(class_type_info.o)
                0x0000000010005a48                __cxxabiv1::__class_type_info::__do_upcast(__cxxabiv1::__class_type_info const*, void**) const
 .text._ZNK10__cxxabiv117__class_type_info20__do_find_public_srcEiPKvPKS0_S2_
                0x0000000010005a80       0x14 /usr/lib/gcc/arm-none-eabi/8.3.1/../../../arm-none-eabi/lib/thumb/v6-m/nofp/libstdc++.a(class_type_info.o)
                0x0000000010005a80                __cxxabiv1::__class_type_info::__do_find_public_src(int, void const*, __cxxabiv1::__class_type_info const*, void const*) const
 .text._ZN10__cxxabiv117__class_type_infoD2Ev
                0x0000000010005a94       0x18 /usr/lib/gcc/arm-none-eabi/8.3.1/../../../arm-none-eabi/lib/thumb/v6-m/nofp/libstdc++.a(class_type_info.o)
                0x0000000010005a94                __cxxabiv1::__class_type_info::~__class_type_info()
                0x0000000010005a94                __cxxabiv1::__class_type_info::~__class_type_info()
 .text._ZN10__cxxabiv117__class_type_infoD0Ev
                0x0000000010005aac       0x20 /usr/lib/gcc/arm-none-eabi/8.3.1/../../../arm-none-eabi/lib/thumb/v6-m/nofp/libstdc++.a(class_type_info.o)
                0x0000000010005aac                __cxxabiv1::__class_type_info::~__class_type_info()
 .text._ZNK10__cxxabiv117__class_type_info12__do_dyncastEiNS0_10__sub_kindEPKS0_PKvS3_S5_RNS0_16__dyncast_resultE
                0x0000000010005acc       0x40 /usr/lib/gcc/arm-none-eabi/8.3.1/../../../arm-none-eabi/lib/thumb/v6-m/nofp/libstdc++.a(class_type_info.o)
                0x0000000010005acc                __cxxabiv1::__class_type_info::__do_dyncast(int, __cxxabiv1::__class_type_info::__sub_kind, __cxxabiv1::__class_type_info const*, void const*, __cxxabiv1::__class_type_info const*, void const*, __cxxabiv1::__class_type_info::__dyncast_result&) const
 .text._ZNK10__cxxabiv117__class_type_info11__do_upcastEPKS0_PKvRNS0_15__upcast_resultE
                0x0000000010005b0c       0x1c /usr/lib/gcc/arm-none-eabi/8.3.1/../../../arm-none-eabi/lib/thumb/v6-m/nofp/libstdc++.a(class_type_info.o)
                0x0000000010005b0c                __cxxabiv1::__class_type_info::__do_upcast(__cxxabiv1::__class_type_info const*, void const*, __cxxabiv1::__class_type_info::__upcast_result&) const
 .text._ZNK10__cxxabiv117__class_type_info10__do_catchEPKSt9type_infoPPvj
                0x0000000010005b28       0x24 /usr/lib/gcc/arm-none-eabi/8.3.1/../../../arm-none-eabi/lib/thumb/v6-m/nofp/libstdc++.a(class_type_info.o)
                0x0000000010005b28                __cxxabiv1::__class_type_info::__do_catch(std::type_info const*, void**, unsigned int) const
 .text._ZNSt9type_infoD2Ev
                0x0000000010005b4c        0x4 /usr/lib/gcc/arm-none-eabi/8.3.1/../../../arm-none-eabi/lib/thumb/v6-m/nofp/libstdc++.a(tinfo.o)
                0x0000000010005b4c                std::type_info::~type_info()
                0x0000000010005b4c                std::type_info::~type_info()
 .text._ZNKSt9type_info14__is_pointer_pEv
                0x0000000010005b50        0x4 /usr/lib/gcc/arm-none-eabi/8.3.1/../../../arm-none-eabi/lib/thumb/v6-m/nofp/libstdc++.a(tinfo.o)
                0x0000000010005b50                std::type_info::__is_function_p() const
                0x0000000010005b50                std::type_info::__is_pointer_p() const
 .text._ZNKSt9type_infoeqERKS_
                0x0000000010005b54       0x30 /usr/lib/gcc/arm-none-eabi/8.3.1/../../../arm-none-eabi/lib/thumb/v6-m/nofp/libstdc++.a(tinfo.o)
                0x0000000010005b54                std::type_info::operator==(std::type_info const&) const
 .text._ZN10__cxxabiv120__si_class_type_infoD2Ev
                0x0000000010005b84       0x18 /usr/lib/gcc/arm-none-eabi/8.3.1/../../../arm-none-eabi/lib/thumb/v6-m/nofp/libstdc++.a(si_class_type_info.o)
                0x0000000010005b84                __cxxabiv1::__si_class_type_info::~__si_class_type_info()
                0x0000000010005b84                __cxxabiv1::__si_class_type_info::~__si_class_type_info()
 .text._ZN10__cxxabiv120__si_class_type_infoD0Ev
                0x0000000010005b9c       0x20 /usr/lib/gcc/arm-none-eabi/8.3.1/../../../arm-none-eabi/lib/thumb/v6-m/nofp/libstdc++.a(si_class_type_info.o)
                0x0000000010005b9c                __cxxabiv1::__si_class_type_info::~__si_class_type_info()
 .text._ZNK10__cxxabiv120__si_class_type_info20__do_find_public_srcEiPKvPKNS_17__class_type_infoES2_
                0x0000000010005bbc       0x38 /usr/lib/gcc/arm-none-eabi/8.3.1/../../../arm-none-eabi/lib/thumb/v6-m/nofp/libstdc++.a(si_class_type_info.o)
                0x0000000010005bbc                __cxxabiv1::__si_class_type_info::__do_find_public_src(int, void const*, __cxxabiv1::__class_type_info const*, void const*) const
 .text._ZNK10__cxxabiv120__si_class_type_info12__do_dyncastEiNS_17__class_type_info10__sub_kindEPKS1_PKvS4_S6_RNS1_16__dyncast_resultE
                0x0000000010005bf4       0x9c /usr/lib/gcc/arm-none-eabi/8.3.1/../../../arm-none-eabi/lib/thumb/v6-m/nofp/libstdc++.a(si_class_type_info.o)
                0x0000000010005bf4                __cxxabiv1::__si_class_type_info::__do_dyncast(int, __cxxabiv1::__class_type_info::__sub_kind, __cxxabiv1::__class_type_info const*, void const*, __cxxabiv1::__class_type_info const*, void const*, __cxxabiv1::__class_type_info::__dyncast_result&) const
 .text._ZNK10__cxxabiv120__si_class_type_info11__do_upcastEPKNS_17__class_type_infoEPKvRNS1_15__upcast_resultE
                0x0000000010005c90       0x24 /usr/lib/gcc/arm-none-eabi/8.3.1/../../../arm-none-eabi/lib/thumb/v6-m/nofp/libstdc++.a(si_class_type_info.o)
                0x0000000010005c90                __cxxabiv1::__si_class_type_info::__do_upcast(__cxxabiv1::__class_type_info const*, void const*, __cxxabiv1::__class_type_info::__upcast_result&) const
 .text          0x0000000010005cb4       0x10 /usr/lib/gcc/arm-none-eabi/8.3.1/../../../arm-none-eabi/lib/thumb/v6-m/nofp/libg.a(lib_a-abort.o)
                0x0000000010005cb4                abort
 .text          0x0000000010005cc4       0x28 /usr/lib/gcc/arm-none-eabi/8.3.1/../../../arm-none-eabi/lib/thumb/v6-m/nofp/libg.a(lib_a-malloc.o)
                0x0000000010005cc4                malloc
                0x0000000010005cd8                free
 .text          0x0000000010005cec      0x58c /usr/lib/gcc/arm-none-eabi/8.3.1/../../../arm-none-eabi/lib/thumb/v6-m/nofp/libg.a(lib_a-mallocr.o)
                0x0000000010005cec                _malloc_r
 .text          0x0000000010006278        0x8 /usr/lib/gcc/arm-none-eabi/8.3.1/../../../arm-none-eabi/lib/thumb/v6-m/nofp/libg.a(lib_a-mlock.o)
                0x0000000010006278                __malloc_lock
                0x000000001000627c                __malloc_unlock
 .text          0x0000000010006280       0x24 /usr/lib/gcc/arm-none-eabi/8.3.1/../../../arm-none-eabi/lib/thumb/v6-m/nofp/libg.a(lib_a-sbrkr.o)
                0x0000000010006280                _sbrk_r
 .text          0x00000000100062a4      0x190 /usr/lib/gcc/arm-none-eabi/8.3.1/../../../arm-none-eabi/lib/thumb/v6-m/nofp/libg.a(lib_a-signal.o)
                0x00000000100062d0                _init_signal_r
                0x00000000100062ec                _signal_r
                0x0000000010006328                _raise_r
                0x0000000010006384                __sigtramp_r
                0x00000000100063d4                raise
                0x00000000100063e8                signal
                0x0000000010006400                _init_signal
                0x0000000010006420                __sigtramp
 .text          0x0000000010006434       0x30 /usr/lib/gcc/arm-none-eabi/8.3.1/../../../arm-none-eabi/lib/thumb/v6-m/nofp/libg.a(lib_a-signalr.o)
                0x0000000010006434                _kill_r
                0x000000001000645c                _getpid_r
 .text          0x0000000010006464       0x88 /usr/lib/gcc/arm-none-eabi/8.3.1/../../../arm-none-eabi/lib/thumb/v6-m/nofp/libg.a(lib_a-strcmp.o)
                0x0000000010006464                strcmp
 .text          0x00000000100064ec       0x68 /usr/lib/gcc/arm-none-eabi/8.3.1/../../../arm-none-eabi/lib/thumb/v6-m/nofp/libg.a(lib_a-strlen-stub.o)
                0x00000000100064ec                strlen
 .text          0x0000000010006554      0x27c /usr/lib/gcc/arm-none-eabi/8.3.1/../../../arm-none-eabi/lib/thumb/v6-m/nofp/libg.a(lib_a-freer.o)
                0x0000000010006554                _malloc_trim_r
                0x00000000100065f4                _free_r
 .text          0x00000000100067d0       0x10 /usr/lib/gcc/arm-none-eabi/8.3.1/../../../arm-none-eabi/lib/thumb/v6-m/nofp/libnosys.a(getpid.o)
                0x00000000100067d0                _getpid
 .text          0x00000000100067e0       0x10 /usr/lib/gcc/arm-none-eabi/8.3.1/../../../arm-none-eabi/lib/thumb/v6-m/nofp/libnosys.a(kill.o)
                0x00000000100067e0                _kill
 *(.fini)
 .fini          0x00000000100067f0        0x4 /usr/lib/gcc/arm-none-eabi/8.3.1/thumb/v6-m/nofp/crti.o
                0x00000000100067f0                _fini
 *fill*         0x00000000100067f4        0x4 
 .fini.__stub   0x00000000100067f8      0x110 linker stubs
 *crtbegin.o(.ctors)
 *crtbegin?.o(.ctors)
 *(EXCLUDE_FILE(*crtend.o *crtend?.o) .ctors)
 *(SORT_BY_NAME(.ctors.*))
 *(.ctors)
 *crtbegin.o(.dtors)
 *crtbegin?.o(.dtors)
 *(EXCLUDE_FILE(*crtend.o *crtend?.o) .dtors)
 *(SORT_BY_NAME(.dtors.*))
 *(.dtors)
 *(.eh_frame*)
 .eh_frame      0x0000000010006908        0x0 /usr/lib/gcc/arm-none-eabi/8.3.1/thumb/v6-m/nofp/crtbegin.o
                0x0000000010006908                . = ALIGN (0x4)

.glue_7         0x0000000010006908        0x0
 .glue_7        0x0000000010006908        0x0 linker stubs

.glue_7t        0x0000000010006908        0x0
 .glue_7t       0x0000000010006908        0x0 linker stubs

.vfp11_veneer   0x0000000010006908        0x0
 .vfp11_veneer  0x0000000010006908        0x0 linker stubs

.v4_bx          0x0000000010006908        0x0
 .v4_bx         0x0000000010006908        0x0 linker stubs

.iplt           0x0000000010006908        0x0
 .iplt          0x0000000010006908        0x0 /usr/lib/gcc/arm-none-eabi/8.3.1/thumb/v6-m/nofp/crtbegin.o

.rodata         0x0000000010006908     0x1128
 *(EXCLUDE_FILE(*libm.a: *libc.a:*lib_a-mem*.o *libgcc.a:) .rodata*)
 .rodata.main.str1.4
                0x0000000010006908       0x22 CMakeFiles/BMP280.dir/main.cpp.obj
 *fill*         0x000000001000692a        0x2 
 .rodata        0x000000001000692c        0x6 CMakeFiles/BMP280.dir/src/BMP280.cpp.obj
 *fill*         0x0000000010006932        0x2 
 .rodata._ZN6BMP28013read_pressureEv.str1.4
                0x0000000010006934       0x15 CMakeFiles/BMP280.dir/src/BMP280.cpp.obj
 *fill*         0x0000000010006949        0x3 
 .rodata._ZN6BMP28016read_temperatureEv.str1.4
                0x000000001000694c       0x1e CMakeFiles/BMP280.dir/src/BMP280.cpp.obj
 *fill*         0x000000001000696a        0x2 
 .rodata._ZN6BMP280C2EP8i2c_instjjj.str1.4
                0x000000001000696c       0x76 CMakeFiles/BMP280.dir/src/BMP280.cpp.obj
 *fill*         0x00000000100069e2        0x2 
 .rodata.__func__.5751
                0x00000000100069e4       0x15 CMakeFiles/BMP280.dir/home/aniket/pico/pico-sdk/src/common/pico_time/time.c.obj
 *fill*         0x00000000100069f9        0x3 
 .rodata.__func__.6052
                0x00000000100069fc        0xc CMakeFiles/BMP280.dir/home/aniket/pico/pico-sdk/src/common/pico_time/time.c.obj
 .rodata.__func__.6059
                0x0000000010006a08       0x12 CMakeFiles/BMP280.dir/home/aniket/pico/pico-sdk/src/common/pico_time/time.c.obj
 *fill*         0x0000000010006a1a        0x2 
 .rodata.__func__.6075
                0x0000000010006a1c        0xf CMakeFiles/BMP280.dir/home/aniket/pico/pico-sdk/src/common/pico_time/time.c.obj
 *fill*         0x0000000010006a2b        0x1 
 .rodata.__func__.6097
                0x0000000010006a2c        0xd CMakeFiles/BMP280.dir/home/aniket/pico/pico-sdk/src/common/pico_time/time.c.obj
 *fill*         0x0000000010006a39        0x3 
 .rodata.__func__.6298
                0x0000000010006a3c        0xa CMakeFiles/BMP280.dir/home/aniket/pico/pico-sdk/src/common/pico_time/time.c.obj
 *fill*         0x0000000010006a46        0x2 
 .rodata.__func__.6303
                0x0000000010006a48       0x12 CMakeFiles/BMP280.dir/home/aniket/pico/pico-sdk/src/common/pico_time/time.c.obj
 *fill*         0x0000000010006a5a        0x2 
 .rodata.__func__.6318
                0x0000000010006a5c       0x17 CMakeFiles/BMP280.dir/home/aniket/pico/pico-sdk/src/common/pico_time/time.c.obj
 *fill*         0x0000000010006a73        0x1 
 .rodata.__func__.6329
                0x0000000010006a74       0x15 CMakeFiles/BMP280.dir/home/aniket/pico/pico-sdk/src/common/pico_time/time.c.obj
 *fill*         0x0000000010006a89        0x3 
 .rodata.__func__.6346
                0x0000000010006a8c       0x1a CMakeFiles/BMP280.dir/home/aniket/pico/pico-sdk/src/common/pico_time/time.c.obj
 *fill*         0x0000000010006aa6        0x2 
 .rodata.add_alarm_under_lock.str1.4
                0x0000000010006aa8       0x28 CMakeFiles/BMP280.dir/home/aniket/pico/pico-sdk/src/common/pico_time/time.c.obj
                                         0x2b (size before relaxing)
 .rodata.alarm_pool_alarm_callback.str1.4
                0x0000000010006ad0       0xe6 CMakeFiles/BMP280.dir/home/aniket/pico/pico-sdk/src/common/pico_time/time.c.obj
 *fill*         0x0000000010006bb6        0x2 
 .rodata.alarm_pool_dump_key.str1.4
                0x0000000010006bb8       0x33 CMakeFiles/BMP280.dir/home/aniket/pico/pico-sdk/src/common/pico_time/time.c.obj
 *fill*         0x0000000010006beb        0x1 
 .rodata.alarm_pool_get_default.str1.4
                0x0000000010006bec       0x21 CMakeFiles/BMP280.dir/home/aniket/pico/pico-sdk/src/common/pico_time/time.c.obj
 *fill*         0x0000000010006c0d        0x3 
 .rodata.ph_add_child_node.str1.4
                0x0000000010006c10       0x96 CMakeFiles/BMP280.dir/home/aniket/pico/pico-sdk/src/common/pico_time/time.c.obj
 *fill*         0x0000000010006ca6        0x2 
 .rodata.repeating_timer_callback.str1.4
                0x0000000010006ca8       0x4b CMakeFiles/BMP280.dir/home/aniket/pico/pico-sdk/src/common/pico_time/time.c.obj
 *fill*         0x0000000010006cf3        0x1 
 .rodata.sleep_until.str1.4
                0x0000000010006cf4       0x4d CMakeFiles/BMP280.dir/home/aniket/pico/pico-sdk/src/common/pico_time/time.c.obj
 *fill*         0x0000000010006d41        0x3 
 .rodata.__func__.4598
                0x0000000010006d44       0x1a CMakeFiles/BMP280.dir/home/aniket/pico/pico-sdk/src/rp2_common/hardware_timer/timer.c.obj
 *fill*         0x0000000010006d5e        0x2 
 .rodata.hardware_alarm_claim.str1.4
                0x0000000010006d60       0x22 CMakeFiles/BMP280.dir/home/aniket/pico/pico-sdk/src/rp2_common/hardware_timer/timer.c.obj
 *fill*         0x0000000010006d82        0x2 
 .rodata.hardware_alarm_set_target.str1.4
                0x0000000010006d84       0x65 CMakeFiles/BMP280.dir/home/aniket/pico/pico-sdk/src/rp2_common/hardware_timer/timer.c.obj
 *fill*         0x0000000010006de9        0x3 
 .rodata.__func__.4660
                0x0000000010006dec       0x15 CMakeFiles/BMP280.dir/home/aniket/pico/pico-sdk/src/common/pico_sync/mutex.c.obj
 *fill*         0x0000000010006e01        0x3 
 .rodata.__func__.4695
                0x0000000010006e04        0xb CMakeFiles/BMP280.dir/home/aniket/pico/pico-sdk/src/common/pico_sync/mutex.c.obj
 *fill*         0x0000000010006e0f        0x1 
 .rodata.str1.4
                0x0000000010006e10       0xb1 CMakeFiles/BMP280.dir/home/aniket/pico/pico-sdk/src/common/pico_sync/mutex.c.obj
                                        0x115 (size before relaxing)
 *fill*         0x0000000010006ec1        0x3 
 .rodata.__func__.5758
                0x0000000010006ec4        0xc CMakeFiles/BMP280.dir/home/aniket/pico/pico-sdk/src/common/pico_util/pheap.c.obj
 .rodata.__func__.5765
                0x0000000010006ed0       0x12 CMakeFiles/BMP280.dir/home/aniket/pico/pico-sdk/src/common/pico_util/pheap.c.obj
 *fill*         0x0000000010006ee2        0x2 
 .rodata.__func__.5851
                0x0000000010006ee4       0x13 CMakeFiles/BMP280.dir/home/aniket/pico/pico-sdk/src/common/pico_util/pheap.c.obj
 *fill*         0x0000000010006ef7        0x1 
 .rodata.__func__.5869
                0x0000000010006ef8       0x18 CMakeFiles/BMP280.dir/home/aniket/pico/pico-sdk/src/common/pico_util/pheap.c.obj
 .rodata.ph_add_child_node.str1.4
                0x0000000010006f10       0x96 CMakeFiles/BMP280.dir/home/aniket/pico/pico-sdk/src/common/pico_util/pheap.c.obj
 .rodata.ph_remove_and_free_node.str1.4
                0x0000000010006f10       0x26 CMakeFiles/BMP280.dir/home/aniket/pico/pico-sdk/src/common/pico_util/pheap.c.obj
 *fill*         0x0000000010006f36        0x2 
 .rodata.ph_remove_any_head.str1.4
                0x0000000010006f38       0x8c CMakeFiles/BMP280.dir/home/aniket/pico/pico-sdk/src/common/pico_util/pheap.c.obj
 .rodata.__assert_func.str1.4
                0x0000000010006fc4       0x3f CMakeFiles/BMP280.dir/home/aniket/pico/pico-sdk/src/rp2_common/pico_runtime/runtime.c.obj
                                         0x43 (size before relaxing)
 *fill*         0x0000000010007003        0x1 
 .rodata.panic.str1.4
                0x0000000010007004       0x10 CMakeFiles/BMP280.dir/home/aniket/pico/pico-sdk/src/rp2_common/pico_runtime/runtime.c.obj
                                         0x12 (size before relaxing)
 .rodata.__func__.4717
                0x0000000010007014       0x10 CMakeFiles/BMP280.dir/home/aniket/pico/pico-sdk/src/rp2_common/hardware_clocks/clocks.c.obj
 .rodata.clock_configure.str1.4
                0x0000000010007024       0x57 CMakeFiles/BMP280.dir/home/aniket/pico/pico-sdk/src/rp2_common/hardware_clocks/clocks.c.obj
 *fill*         0x000000001000707b        0x1 
 .rodata.__func__.4753
                0x000000001000707c       0x1a CMakeFiles/BMP280.dir/home/aniket/pico/pico-sdk/src/rp2_common/hardware_irq/irq.c.obj
 *fill*         0x0000000010007096        0x2 
 .rodata.__func__.4767
                0x0000000010007098        0xc CMakeFiles/BMP280.dir/home/aniket/pico/pico-sdk/src/rp2_common/hardware_irq/irq.c.obj
 .rodata.__func__.4775
                0x00000000100070a4       0x17 CMakeFiles/BMP280.dir/home/aniket/pico/pico-sdk/src/rp2_common/hardware_irq/irq.c.obj
 *fill*         0x00000000100070bb        0x1 
 .rodata.__func__.4779
                0x00000000100070bc        0xf CMakeFiles/BMP280.dir/home/aniket/pico/pico-sdk/src/rp2_common/hardware_irq/irq.c.obj
 *fill*         0x00000000100070cb        0x1 
 .rodata.__func__.4818
                0x00000000100070cc       0x13 CMakeFiles/BMP280.dir/home/aniket/pico/pico-sdk/src/rp2_common/hardware_irq/irq.c.obj
 *fill*         0x00000000100070df        0x1 
 .rodata.__func__.4837
                0x00000000100070e0       0x1a CMakeFiles/BMP280.dir/home/aniket/pico/pico-sdk/src/rp2_common/hardware_irq/irq.c.obj
 *fill*         0x00000000100070fa        0x2 
 .rodata.irq_add_shared_handler.str1.4
                0x00000000100070fc       0xd9 CMakeFiles/BMP280.dir/home/aniket/pico/pico-sdk/src/rp2_common/hardware_irq/irq.c.obj
 *fill*         0x00000000100071d5        0x3 
 .rodata.irq_add_tail_to_free_list.str1.4
                0x00000000100071d8       0x32 CMakeFiles/BMP280.dir/home/aniket/pico/pico-sdk/src/rp2_common/hardware_irq/irq.c.obj
                                         0x3a (size before relaxing)
 *fill*         0x000000001000720a        0x2 
 .rodata.irq_remove_handler.str1.4
                0x000000001000720c       0x2a CMakeFiles/BMP280.dir/home/aniket/pico/pico-sdk/src/rp2_common/hardware_irq/irq.c.obj
 *fill*         0x0000000010007236        0x2 
 .rodata.irq_set_exclusive_handler.str1.4
                0x0000000010007238       0x36 CMakeFiles/BMP280.dir/home/aniket/pico/pico-sdk/src/rp2_common/hardware_irq/irq.c.obj
 *fill*         0x000000001000726e        0x2 
 .rodata.make_branch.str1.4
                0x0000000010007270       0x4d CMakeFiles/BMP280.dir/home/aniket/pico/pico-sdk/src/rp2_common/hardware_irq/irq.c.obj
 *fill*         0x00000000100072bd        0x3 
 .rodata.__func__.4452
                0x00000000100072c0        0x9 CMakeFiles/BMP280.dir/home/aniket/pico/pico-sdk/src/rp2_common/hardware_pll/pll.c.obj
 *fill*         0x00000000100072c9        0x3 
 .rodata.pll_init.str1.4
                0x00000000100072cc       0xdb CMakeFiles/BMP280.dir/home/aniket/pico/pico-sdk/src/rp2_common/hardware_pll/pll.c.obj
 *fill*         0x00000000100073a7        0x1 
 .rodata._vsnprintf
                0x00000000100073a8      0x1e0 CMakeFiles/BMP280.dir/home/aniket/pico/pico-sdk/src/rp2_common/pico_printf/printf.c.obj
 .rodata._ftoa.str1.4
                0x0000000010007588       0x15 CMakeFiles/BMP280.dir/home/aniket/pico/pico-sdk/src/rp2_common/pico_printf/printf.c.obj
 *fill*         0x000000001000759d        0x3 
 .rodata.pow10.5472
                0x00000000100075a0       0x50 CMakeFiles/BMP280.dir/home/aniket/pico/pico-sdk/src/rp2_common/pico_printf/printf.c.obj
 .rodata.__aeabi_double_init.str1.4
                0x00000000100075f0       0xa8 CMakeFiles/BMP280.dir/home/aniket/pico/pico-sdk/src/rp2_common/pico_double/double_init_rom.c.obj
 .rodata.__func__.4718
                0x0000000010007698       0x14 CMakeFiles/BMP280.dir/home/aniket/pico/pico-sdk/src/rp2_common/pico_double/double_init_rom.c.obj
 .rodata.__aeabi_float_init.str1.4
                0x00000000100076ac       0x7a CMakeFiles/BMP280.dir/home/aniket/pico/pico-sdk/src/rp2_common/pico_float/float_init_rom.c.obj
                                         0x7e (size before relaxing)
 *fill*         0x0000000010007726        0x2 
 .rodata.__func__.4720
                0x0000000010007728       0x13 CMakeFiles/BMP280.dir/home/aniket/pico/pico-sdk/src/rp2_common/pico_float/float_init_rom.c.obj
 *fill*         0x000000001000773b        0x1 
 .rodata.__wrap_malloc.str1.4
                0x000000001000773c        0xe CMakeFiles/BMP280.dir/home/aniket/pico/pico-sdk/src/rp2_common/pico_malloc/pico_malloc.c.obj
 *fill*         0x000000001000774a        0x2 
 .rodata.__bi_44
                0x000000001000774c        0xc CMakeFiles/BMP280.dir/home/aniket/pico/pico-sdk/src/rp2_common/pico_standard_link/binary_info.c.obj
 .rodata.__bi_56
                0x0000000010007758        0xc CMakeFiles/BMP280.dir/home/aniket/pico/pico-sdk/src/rp2_common/pico_standard_link/binary_info.c.obj
 .rodata.__bi_75
                0x0000000010007764        0xc CMakeFiles/BMP280.dir/home/aniket/pico/pico-sdk/src/rp2_common/pico_standard_link/binary_info.c.obj
 .rodata.__bi_81
                0x0000000010007770        0xc CMakeFiles/BMP280.dir/home/aniket/pico/pico-sdk/src/rp2_common/pico_standard_link/binary_info.c.obj
 .rodata.str1.4
                0x000000001000777c       0x40 CMakeFiles/BMP280.dir/home/aniket/pico/pico-sdk/src/rp2_common/pico_standard_link/binary_info.c.obj
 .rodata.crlf_str.6060
                0x00000000100077bc        0x2 CMakeFiles/BMP280.dir/home/aniket/pico/pico-sdk/src/rp2_common/pico_stdio/stdio.c.obj
 *fill*         0x00000000100077be        0x2 
 .rodata.__bi_28.4789
                0x00000000100077c0        0xc CMakeFiles/BMP280.dir/home/aniket/pico/pico-sdk/src/rp2_common/pico_stdio_uart/stdio_uart.c.obj
 .rodata.__bi_29.4793
                0x00000000100077cc        0x8 CMakeFiles/BMP280.dir/home/aniket/pico/pico-sdk/src/rp2_common/pico_stdio_uart/stdio_uart.c.obj
 .rodata.str1.4
                0x00000000100077d4       0x2c CMakeFiles/BMP280.dir/home/aniket/pico/pico-sdk/src/rp2_common/pico_stdio_uart/stdio_uart.c.obj
 .rodata.__func__.4822
                0x0000000010007800       0x11 CMakeFiles/BMP280.dir/home/aniket/pico/pico-sdk/src/rp2_common/hardware_i2c/i2c.c.obj
 *fill*         0x0000000010007811        0x3 
 .rodata.i2c_set_baudrate.str1.4
                0x0000000010007814       0x5d CMakeFiles/BMP280.dir/home/aniket/pico/pico-sdk/src/rp2_common/hardware_i2c/i2c.c.obj
 *fill*         0x0000000010007871        0x3 
 .rodata._ZL28read_encoded_value_with_basehjPKhPj
                0x0000000010007874       0x34 /usr/lib/gcc/arm-none-eabi/8.3.1/../../../arm-none-eabi/lib/thumb/v6-m/nofp/libstdc++.a(eh_personality.o)
 .rodata._ZNKSt13bad_exception4whatEv.str1.4
                0x00000000100078a8       0x13 /usr/lib/gcc/arm-none-eabi/8.3.1/../../../arm-none-eabi/lib/thumb/v6-m/nofp/libstdc++.a(eh_exception.o)
 *fill*         0x00000000100078bb        0x1 
 .rodata._ZTIN10__cxxabiv115__forced_unwindE
                0x00000000100078bc        0x8 /usr/lib/gcc/arm-none-eabi/8.3.1/../../../arm-none-eabi/lib/thumb/v6-m/nofp/libstdc++.a(eh_exception.o)
                0x00000000100078bc                typeinfo for __cxxabiv1::__forced_unwind
 .rodata._ZTIN10__cxxabiv119__foreign_exceptionE
                0x00000000100078c4        0x8 /usr/lib/gcc/arm-none-eabi/8.3.1/../../../arm-none-eabi/lib/thumb/v6-m/nofp/libstdc++.a(eh_exception.o)
                0x00000000100078c4                typeinfo for __cxxabiv1::__foreign_exception
 .rodata._ZTISt13bad_exception
                0x00000000100078cc        0xc /usr/lib/gcc/arm-none-eabi/8.3.1/../../../arm-none-eabi/lib/thumb/v6-m/nofp/libstdc++.a(eh_exception.o)
                0x00000000100078cc                typeinfo for std::bad_exception
 .rodata._ZTISt9exception
                0x00000000100078d8        0x8 /usr/lib/gcc/arm-none-eabi/8.3.1/../../../arm-none-eabi/lib/thumb/v6-m/nofp/libstdc++.a(eh_exception.o)
                0x00000000100078d8                typeinfo for std::exception
 .rodata._ZTSN10__cxxabiv115__forced_unwindE
                0x00000000100078e0       0x20 /usr/lib/gcc/arm-none-eabi/8.3.1/../../../arm-none-eabi/lib/thumb/v6-m/nofp/libstdc++.a(eh_exception.o)
                0x00000000100078e0                typeinfo name for __cxxabiv1::__forced_unwind
 .rodata._ZTSN10__cxxabiv119__foreign_exceptionE
                0x0000000010007900       0x24 /usr/lib/gcc/arm-none-eabi/8.3.1/../../../arm-none-eabi/lib/thumb/v6-m/nofp/libstdc++.a(eh_exception.o)
                0x0000000010007900                typeinfo name for __cxxabiv1::__foreign_exception
 .rodata._ZTSSt13bad_exception
                0x0000000010007924       0x12 /usr/lib/gcc/arm-none-eabi/8.3.1/../../../arm-none-eabi/lib/thumb/v6-m/nofp/libstdc++.a(eh_exception.o)
                0x0000000010007924                typeinfo name for std::bad_exception
 *fill*         0x0000000010007936        0x2 
 .rodata._ZTSSt9exception
                0x0000000010007938        0xd /usr/lib/gcc/arm-none-eabi/8.3.1/../../../arm-none-eabi/lib/thumb/v6-m/nofp/libstdc++.a(eh_exception.o)
                0x0000000010007938                typeinfo name for std::exception
 *fill*         0x0000000010007945        0x3 
 .rodata._ZTVSt13bad_exception
                0x0000000010007948       0x14 /usr/lib/gcc/arm-none-eabi/8.3.1/../../../arm-none-eabi/lib/thumb/v6-m/nofp/libstdc++.a(eh_exception.o)
                0x0000000010007948                vtable for std::bad_exception
 .rodata._ZTIN10__cxxabiv117__class_type_infoE
                0x000000001000795c        0xc /usr/lib/gcc/arm-none-eabi/8.3.1/../../../arm-none-eabi/lib/thumb/v6-m/nofp/libstdc++.a(class_type_info.o)
                0x000000001000795c                typeinfo for __cxxabiv1::__class_type_info
 .rodata._ZTSN10__cxxabiv117__class_type_infoE
                0x0000000010007968       0x22 /usr/lib/gcc/arm-none-eabi/8.3.1/../../../arm-none-eabi/lib/thumb/v6-m/nofp/libstdc++.a(class_type_info.o)
                0x0000000010007968                typeinfo name for __cxxabiv1::__class_type_info
 *fill*         0x000000001000798a        0x2 
 .rodata._ZTVN10__cxxabiv117__class_type_infoE
                0x000000001000798c       0x2c /usr/lib/gcc/arm-none-eabi/8.3.1/../../../arm-none-eabi/lib/thumb/v6-m/nofp/libstdc++.a(class_type_info.o)
                0x000000001000798c                vtable for __cxxabiv1::__class_type_info
 .rodata._ZTISt9type_info
                0x00000000100079b8        0x8 /usr/lib/gcc/arm-none-eabi/8.3.1/../../../arm-none-eabi/lib/thumb/v6-m/nofp/libstdc++.a(tinfo.o)
                0x00000000100079b8                typeinfo for std::type_info
 .rodata._ZTSSt9type_info
                0x00000000100079c0        0xd /usr/lib/gcc/arm-none-eabi/8.3.1/../../../arm-none-eabi/lib/thumb/v6-m/nofp/libstdc++.a(tinfo.o)
                0x00000000100079c0                typeinfo name for std::type_info
 *fill*         0x00000000100079cd        0x3 
 .rodata._ZTIN10__cxxabiv120__si_class_type_infoE
                0x00000000100079d0        0xc /usr/lib/gcc/arm-none-eabi/8.3.1/../../../arm-none-eabi/lib/thumb/v6-m/nofp/libstdc++.a(si_class_type_info.o)
                0x00000000100079d0                typeinfo for __cxxabiv1::__si_class_type_info
 .rodata._ZTSN10__cxxabiv120__si_class_type_infoE
                0x00000000100079dc       0x25 /usr/lib/gcc/arm-none-eabi/8.3.1/../../../arm-none-eabi/lib/thumb/v6-m/nofp/libstdc++.a(si_class_type_info.o)
                0x00000000100079dc                typeinfo name for __cxxabiv1::__si_class_type_info
 *fill*         0x0000000010007a01        0x3 
 .rodata._ZTVN10__cxxabiv120__si_class_type_infoE
                0x0000000010007a04       0x2c /usr/lib/gcc/arm-none-eabi/8.3.1/../../../arm-none-eabi/lib/thumb/v6-m/nofp/libstdc++.a(si_class_type_info.o)
                0x0000000010007a04                vtable for __cxxabiv1::__si_class_type_info
                0x0000000010007a30                . = ALIGN (0x4)
 *(SORT_BY_ALIGNMENT(SORT_BY_NAME(.flashdata*)))
                0x0000000010007a30                . = ALIGN (0x4)

.ARM.extab      0x0000000010007a30       0xf0
 *(.ARM.extab* .gnu.linkonce.armextab.*)
 .ARM.extab.text.main
                0x0000000010007a30       0x18 CMakeFiles/BMP280.dir/main.cpp.obj
 .ARM.extab.text._ZN6BMP28013read_pressureEv
                0x0000000010007a48        0xc CMakeFiles/BMP280.dir/src/BMP280.cpp.obj
 .ARM.extab.text.__gxx_personality_v0
                0x0000000010007a54       0x28 /usr/lib/gcc/arm-none-eabi/8.3.1/../../../arm-none-eabi/lib/thumb/v6-m/nofp/libstdc++.a(eh_personality.o)
 .ARM.extab.text.__cxa_begin_catch
                0x0000000010007a7c        0xc /usr/lib/gcc/arm-none-eabi/8.3.1/../../../arm-none-eabi/lib/thumb/v6-m/nofp/libstdc++.a(eh_catch.o)
 .ARM.extab.text.unlikely.__cxa_call_unexpected
                0x0000000010007a88       0x28 /usr/lib/gcc/arm-none-eabi/8.3.1/../../../arm-none-eabi/lib/thumb/v6-m/nofp/libstdc++.a(eh_call.o)
 .ARM.extab.text.__cxa_type_match
                0x0000000010007ab0        0xc /usr/lib/gcc/arm-none-eabi/8.3.1/../../../arm-none-eabi/lib/thumb/v6-m/nofp/libstdc++.a(eh_arm.o)
 .ARM.extab.text._ZN10__cxxabiv111__terminateEPFvvE
                0x0000000010007abc       0x28 /usr/lib/gcc/arm-none-eabi/8.3.1/../../../arm-none-eabi/lib/thumb/v6-m/nofp/libstdc++.a(eh_terminate.o)
 .ARM.extab.text._ZNK10__cxxabiv120__si_class_type_info12__do_dyncastEiNS_17__class_type_info10__sub_kindEPKS1_PKvS4_S6_RNS1_16__dyncast_resultE
                0x0000000010007ae4        0xc /usr/lib/gcc/arm-none-eabi/8.3.1/../../../arm-none-eabi/lib/thumb/v6-m/nofp/libstdc++.a(si_class_type_info.o)
 .ARM.extab     0x0000000010007af0       0x24 /usr/lib/gcc/arm-none-eabi/8.3.1/thumb/v6-m/nofp/libgcc.a(unwind-arm.o)
 .ARM.extab     0x0000000010007b14        0xc /usr/lib/gcc/arm-none-eabi/8.3.1/thumb/v6-m/nofp/libgcc.a(pr-support.o)
                0x0000000010007b20                __exidx_start = .

.ARM.exidx      0x0000000010007b20      0x1d8
 *(.ARM.exidx* .gnu.linkonce.armexidx.*)
 .ARM.exidx.text.main
                0x0000000010007b20        0x8 CMakeFiles/BMP280.dir/main.cpp.obj
 .ARM.exidx.text._ZN6BMP28013config_sensorEv
                0x0000000010007b28        0x8 CMakeFiles/BMP280.dir/src/BMP280.cpp.obj
 .ARM.exidx.text._ZN6BMP28021read_calibration_dataEv
                0x0000000010007b30        0x8 CMakeFiles/BMP280.dir/src/BMP280.cpp.obj
 .ARM.exidx.text._ZN6BMP280C2EP8i2c_instjjj
                0x0000000010007b38        0x8 CMakeFiles/BMP280.dir/src/BMP280.cpp.obj
 .ARM.exidx.text._ZN6BMP28020read_raw_sensor_dataEv
                0x0000000010007b40        0x8 CMakeFiles/BMP280.dir/src/BMP280.cpp.obj
 .ARM.exidx.text._ZN6BMP28016read_temperatureEv
                0x0000000010007b48        0x8 CMakeFiles/BMP280.dir/src/BMP280.cpp.obj
 .ARM.exidx.text._ZN6BMP28013read_pressureEv
                0x0000000010007b50       0x10 CMakeFiles/BMP280.dir/src/BMP280.cpp.obj
                                          0x8 (size before relaxing)
 .ARM.exidx.text._ZL28read_encoded_value_with_basehjPKhPj
                0x0000000010007b60        0x8 /usr/lib/gcc/arm-none-eabi/8.3.1/../../../arm-none-eabi/lib/thumb/v6-m/nofp/libstdc++.a(eh_personality.o)
 .ARM.exidx.text._ZL21base_of_encoded_valuehP15_Unwind_Context
                0x0000000010007b68        0x8 /usr/lib/gcc/arm-none-eabi/8.3.1/../../../arm-none-eabi/lib/thumb/v6-m/nofp/libstdc++.a(eh_personality.o)
 .ARM.exidx.text._ZL17parse_lsda_headerP15_Unwind_ContextPKhP16lsda_header_info
                0x0000000010007b70        0x8 /usr/lib/gcc/arm-none-eabi/8.3.1/../../../arm-none-eabi/lib/thumb/v6-m/nofp/libstdc++.a(eh_personality.o)
 .ARM.exidx.text.__gxx_personality_v0
                0x0000000010007b78        0x8 /usr/lib/gcc/arm-none-eabi/8.3.1/../../../arm-none-eabi/lib/thumb/v6-m/nofp/libstdc++.a(eh_personality.o)
 .ARM.exidx.text.__cxa_begin_catch
                0x0000000010007b80        0x8 /usr/lib/gcc/arm-none-eabi/8.3.1/../../../arm-none-eabi/lib/thumb/v6-m/nofp/libstdc++.a(eh_catch.o)
 .ARM.exidx.text.__cxa_end_catch
                0x0000000010007b88        0x8 /usr/lib/gcc/arm-none-eabi/8.3.1/../../../arm-none-eabi/lib/thumb/v6-m/nofp/libstdc++.a(eh_catch.o)
 .ARM.exidx.text._ZN10__cxxabiv1L24__is_gxx_exception_classEPc
                0x0000000010007b90        0x8 /usr/lib/gcc/arm-none-eabi/8.3.1/../../../arm-none-eabi/lib/thumb/v6-m/nofp/libstdc++.a(eh_call.o)
 .ARM.exidx.text.__cxa_call_terminate
                0x0000000010007b98        0x0 /usr/lib/gcc/arm-none-eabi/8.3.1/../../../arm-none-eabi/lib/thumb/v6-m/nofp/libstdc++.a(eh_call.o)
                                          0x8 (size before relaxing)
 .ARM.exidx.text.unlikely.__cxa_call_unexpected
                0x0000000010007b98       0x10 /usr/lib/gcc/arm-none-eabi/8.3.1/../../../arm-none-eabi/lib/thumb/v6-m/nofp/libstdc++.a(eh_call.o)
                                          0x8 (size before relaxing)
 .ARM.exidx.text.__cxa_type_match
                0x0000000010007ba8        0x8 /usr/lib/gcc/arm-none-eabi/8.3.1/../../../arm-none-eabi/lib/thumb/v6-m/nofp/libstdc++.a(eh_arm.o)
 .ARM.exidx.text.__cxa_begin_cleanup
                0x0000000010007bb0        0x8 /usr/lib/gcc/arm-none-eabi/8.3.1/../../../arm-none-eabi/lib/thumb/v6-m/nofp/libstdc++.a(eh_arm.o)
 .ARM.exidx.text.__gnu_end_cleanup
                0x0000000010007bb8        0x0 /usr/lib/gcc/arm-none-eabi/8.3.1/../../../arm-none-eabi/lib/thumb/v6-m/nofp/libstdc++.a(eh_arm.o)
                                          0x8 (size before relaxing)
 .ARM.exidx.text._ZN12_GLOBAL__N_14pool4freeEPv.constprop.4
                0x0000000010007bb8        0x0 /usr/lib/gcc/arm-none-eabi/8.3.1/../../../arm-none-eabi/lib/thumb/v6-m/nofp/libstdc++.a(eh_alloc.o)
                                          0x8 (size before relaxing)
 .ARM.exidx.text._ZN12_GLOBAL__N_14pool8allocateEj.constprop.5
                0x0000000010007bb8        0x0 /usr/lib/gcc/arm-none-eabi/8.3.1/../../../arm-none-eabi/lib/thumb/v6-m/nofp/libstdc++.a(eh_alloc.o)
                                          0x8 (size before relaxing)
 .ARM.exidx.text.__cxa_allocate_exception
                0x0000000010007bb8        0x0 /usr/lib/gcc/arm-none-eabi/8.3.1/../../../arm-none-eabi/lib/thumb/v6-m/nofp/libstdc++.a(eh_alloc.o)
                                          0x8 (size before relaxing)
 .ARM.exidx.text.__cxa_free_exception
                0x0000000010007bb8        0x0 /usr/lib/gcc/arm-none-eabi/8.3.1/../../../arm-none-eabi/lib/thumb/v6-m/nofp/libstdc++.a(eh_alloc.o)
                                          0x8 (size before relaxing)
 .ARM.exidx.text.startup._GLOBAL__sub_I__ZN9__gnu_cxx9__freeresEv
                0x0000000010007bb8        0x0 /usr/lib/gcc/arm-none-eabi/8.3.1/../../../arm-none-eabi/lib/thumb/v6-m/nofp/libstdc++.a(eh_alloc.o)
                                          0x8 (size before relaxing)
 .ARM.exidx.text._ZL23__gxx_exception_cleanup19_Unwind_Reason_CodeP21_Unwind_Control_Block
                0x0000000010007bb8        0x8 /usr/lib/gcc/arm-none-eabi/8.3.1/../../../arm-none-eabi/lib/thumb/v6-m/nofp/libstdc++.a(eh_throw.o)
 .ARM.exidx.text.__cxa_init_primary_exception
                0x0000000010007bc0        0x8 /usr/lib/gcc/arm-none-eabi/8.3.1/../../../arm-none-eabi/lib/thumb/v6-m/nofp/libstdc++.a(eh_throw.o)
 .ARM.exidx.text.__cxa_throw
                0x0000000010007bc8        0x8 /usr/lib/gcc/arm-none-eabi/8.3.1/../../../arm-none-eabi/lib/thumb/v6-m/nofp/libstdc++.a(eh_throw.o)
 .ARM.exidx.text.__cxa_rethrow
                0x0000000010007bd0        0x8 /usr/lib/gcc/arm-none-eabi/8.3.1/../../../arm-none-eabi/lib/thumb/v6-m/nofp/libstdc++.a(eh_throw.o)
 .ARM.exidx.text._ZN10__cxxabiv111__terminateEPFvvE
                0x0000000010007bd8        0x8 /usr/lib/gcc/arm-none-eabi/8.3.1/../../../arm-none-eabi/lib/thumb/v6-m/nofp/libstdc++.a(eh_terminate.o)
 .ARM.exidx.text._ZSt9terminatev
                0x0000000010007be0        0x8 /usr/lib/gcc/arm-none-eabi/8.3.1/../../../arm-none-eabi/lib/thumb/v6-m/nofp/libstdc++.a(eh_terminate.o)
 .ARM.exidx.text._ZN10__cxxabiv112__unexpectedEPFvvE
                0x0000000010007be8        0x8 /usr/lib/gcc/arm-none-eabi/8.3.1/../../../arm-none-eabi/lib/thumb/v6-m/nofp/libstdc++.a(eh_terminate.o)
 .ARM.exidx.text._ZSt10unexpectedv
                0x0000000010007bf0        0x0 /usr/lib/gcc/arm-none-eabi/8.3.1/../../../arm-none-eabi/lib/thumb/v6-m/nofp/libstdc++.a(eh_terminate.o)
                                          0x8 (size before relaxing)
 .ARM.exidx.text._ZSt13get_terminatev
                0x0000000010007bf0        0x8 /usr/lib/gcc/arm-none-eabi/8.3.1/../../../arm-none-eabi/lib/thumb/v6-m/nofp/libstdc++.a(eh_terminate.o)
 .ARM.exidx.text._ZSt14get_unexpectedv
                0x0000000010007bf8        0x0 /usr/lib/gcc/arm-none-eabi/8.3.1/../../../arm-none-eabi/lib/thumb/v6-m/nofp/libstdc++.a(eh_terminate.o)
                                          0x8 (size before relaxing)
 .ARM.exidx.text.__cxa_get_globals_fast
                0x0000000010007bf8        0x0 /usr/lib/gcc/arm-none-eabi/8.3.1/../../../arm-none-eabi/lib/thumb/v6-m/nofp/libstdc++.a(eh_globals.o)
                                          0x8 (size before relaxing)
 .ARM.exidx.text.__cxa_get_globals
                0x0000000010007bf8        0x0 /usr/lib/gcc/arm-none-eabi/8.3.1/../../../arm-none-eabi/lib/thumb/v6-m/nofp/libstdc++.a(eh_globals.o)
                                          0x8 (size before relaxing)
 .ARM.exidx.text._ZNSt13bad_exceptionD2Ev
                0x0000000010007bf8        0x0 /usr/lib/gcc/arm-none-eabi/8.3.1/../../../arm-none-eabi/lib/thumb/v6-m/nofp/libstdc++.a(eh_exception.o)
                                          0x8 (size before relaxing)
 .ARM.exidx.text._ZNKSt13bad_exception4whatEv
                0x0000000010007bf8        0x0 /usr/lib/gcc/arm-none-eabi/8.3.1/../../../arm-none-eabi/lib/thumb/v6-m/nofp/libstdc++.a(eh_exception.o)
                                          0x8 (size before relaxing)
 .ARM.exidx.text._ZNSt13bad_exceptionD0Ev
                0x0000000010007bf8        0x0 /usr/lib/gcc/arm-none-eabi/8.3.1/../../../arm-none-eabi/lib/thumb/v6-m/nofp/libstdc++.a(eh_exception.o)
                                          0x8 (size before relaxing)
 .ARM.exidx.text._ZdlPvj
                0x0000000010007bf8        0x0 /usr/lib/gcc/arm-none-eabi/8.3.1/../../../arm-none-eabi/lib/thumb/v6-m/nofp/libstdc++.a(del_ops.o)
                                          0x8 (size before relaxing)
 .ARM.exidx.text._ZdlPv
                0x0000000010007bf8        0x0 /usr/lib/gcc/arm-none-eabi/8.3.1/../../../arm-none-eabi/lib/thumb/v6-m/nofp/libstdc++.a(del_op.o)
                                          0x8 (size before relaxing)
 .ARM.exidx.text._ZNK10__cxxabiv117__class_type_info11__do_upcastEPKS0_PPv
                0x0000000010007bf8        0x8 /usr/lib/gcc/arm-none-eabi/8.3.1/../../../arm-none-eabi/lib/thumb/v6-m/nofp/libstdc++.a(class_type_info.o)
 .ARM.exidx.text._ZNK10__cxxabiv117__class_type_info20__do_find_public_srcEiPKvPKS0_S2_
                0x0000000010007c00        0x8 /usr/lib/gcc/arm-none-eabi/8.3.1/../../../arm-none-eabi/lib/thumb/v6-m/nofp/libstdc++.a(class_type_info.o)
 .ARM.exidx.text._ZN10__cxxabiv117__class_type_infoD2Ev
                0x0000000010007c08        0x0 /usr/lib/gcc/arm-none-eabi/8.3.1/../../../arm-none-eabi/lib/thumb/v6-m/nofp/libstdc++.a(class_type_info.o)
                                          0x8 (size before relaxing)
 .ARM.exidx.text._ZN10__cxxabiv117__class_type_infoD0Ev
                0x0000000010007c08        0x0 /usr/lib/gcc/arm-none-eabi/8.3.1/../../../arm-none-eabi/lib/thumb/v6-m/nofp/libstdc++.a(class_type_info.o)
                                          0x8 (size before relaxing)
 .ARM.exidx.text._ZNK10__cxxabiv117__class_type_info12__do_dyncastEiNS0_10__sub_kindEPKS0_PKvS3_S5_RNS0_16__dyncast_resultE
                0x0000000010007c08        0x0 /usr/lib/gcc/arm-none-eabi/8.3.1/../../../arm-none-eabi/lib/thumb/v6-m/nofp/libstdc++.a(class_type_info.o)
                                          0x8 (size before relaxing)
 .ARM.exidx.text._ZNK10__cxxabiv117__class_type_info11__do_upcastEPKS0_PKvRNS0_15__upcast_resultE
                0x0000000010007c08        0x0 /usr/lib/gcc/arm-none-eabi/8.3.1/../../../arm-none-eabi/lib/thumb/v6-m/nofp/libstdc++.a(class_type_info.o)
                                          0x8 (size before relaxing)
 .ARM.exidx.text._ZNK10__cxxabiv117__class_type_info10__do_catchEPKSt9type_infoPPvj
                0x0000000010007c08        0x8 /usr/lib/gcc/arm-none-eabi/8.3.1/../../../arm-none-eabi/lib/thumb/v6-m/nofp/libstdc++.a(class_type_info.o)
 .ARM.exidx.text._ZNSt9type_infoD2Ev
                0x0000000010007c10        0x8 /usr/lib/gcc/arm-none-eabi/8.3.1/../../../arm-none-eabi/lib/thumb/v6-m/nofp/libstdc++.a(tinfo.o)
 .ARM.exidx.text._ZNKSt9type_info14__is_pointer_pEv
                0x0000000010007c18        0x0 /usr/lib/gcc/arm-none-eabi/8.3.1/../../../arm-none-eabi/lib/thumb/v6-m/nofp/libstdc++.a(tinfo.o)
                                          0x8 (size before relaxing)
 .ARM.exidx.text._ZNKSt9type_infoeqERKS_
                0x0000000010007c18        0x0 /usr/lib/gcc/arm-none-eabi/8.3.1/../../../arm-none-eabi/lib/thumb/v6-m/nofp/libstdc++.a(tinfo.o)
                                          0x8 (size before relaxing)
 .ARM.exidx.text._ZN10__cxxabiv120__si_class_type_infoD2Ev
                0x0000000010007c18        0x0 /usr/lib/gcc/arm-none-eabi/8.3.1/../../../arm-none-eabi/lib/thumb/v6-m/nofp/libstdc++.a(si_class_type_info.o)
                                          0x8 (size before relaxing)
 .ARM.exidx.text._ZN10__cxxabiv120__si_class_type_infoD0Ev
                0x0000000010007c18        0x0 /usr/lib/gcc/arm-none-eabi/8.3.1/../../../arm-none-eabi/lib/thumb/v6-m/nofp/libstdc++.a(si_class_type_info.o)
                                          0x8 (size before relaxing)
 .ARM.exidx.text._ZNK10__cxxabiv120__si_class_type_info20__do_find_public_srcEiPKvPKNS_17__class_type_infoES2_
                0x0000000010007c18        0x8 /usr/lib/gcc/arm-none-eabi/8.3.1/../../../arm-none-eabi/lib/thumb/v6-m/nofp/libstdc++.a(si_class_type_info.o)
 .ARM.exidx.text._ZNK10__cxxabiv120__si_class_type_info12__do_dyncastEiNS_17__class_type_info10__sub_kindEPKS1_PKvS4_S6_RNS1_16__dyncast_resultE
                0x0000000010007c20        0x8 /usr/lib/gcc/arm-none-eabi/8.3.1/../../../arm-none-eabi/lib/thumb/v6-m/nofp/libstdc++.a(si_class_type_info.o)
 .ARM.exidx.text._ZNK10__cxxabiv120__si_class_type_info11__do_upcastEPKNS_17__class_type_infoEPKvRNS1_15__upcast_resultE
                0x0000000010007c28       0x10 /usr/lib/gcc/arm-none-eabi/8.3.1/../../../arm-none-eabi/lib/thumb/v6-m/nofp/libstdc++.a(si_class_type_info.o)
                                          0x8 (size before relaxing)
 .ARM.exidx     0x0000000010007c38       0x90 /usr/lib/gcc/arm-none-eabi/8.3.1/thumb/v6-m/nofp/libgcc.a(unwind-arm.o)
                                         0xd8 (size before relaxing)
 .ARM.exidx     0x0000000010007cc8       0x28 /usr/lib/gcc/arm-none-eabi/8.3.1/thumb/v6-m/nofp/libgcc.a(pr-support.o)
                                         0x38 (size before relaxing)
 .ARM.exidx.text.unlikely
                0x0000000010007cf0        0x8 /usr/lib/gcc/arm-none-eabi/8.3.1/thumb/v6-m/nofp/libgcc.a(pr-support.o)
                                         0x10 (size before relaxing)
                0x0000000010007cf8                __exidx_end = .

.rel.dyn        0x0000000010007cf8        0x0
 .rel.iplt      0x0000000010007cf8        0x0 /usr/lib/gcc/arm-none-eabi/8.3.1/thumb/v6-m/nofp/crtbegin.o
                0x0000000010007cf8                . = ALIGN (0x4)
                0x0000000010007cf8                __binary_info_start = .

.binary_info    0x0000000010007cf8       0x28
 *(.binary_info.keep.*)
 .binary_info.keep.__bi_ptr22
                0x0000000010007cf8        0x4 CMakeFiles/BMP280.dir/home/aniket/pico/pico-sdk/src/rp2_common/pico_standard_link/binary_info.c.obj
 .binary_info.keep.__bi_ptr30